l2cache: No MSHR lookup latency provided (mshr_latency_cycles)...intrapolated to 2 cycles.
 core.pendCycle : Accumulator : Sum.u64 = 5299553; SumSQ.u64 = 84545839; Count.u64 = 332487; Min.u64 = 0; Max.u64 = 16; 
 core.reads : Accumulator : Sum.u64 = 1500; SumSQ.u64 = 1500; Count.u64 = 1500; Min.u64 = 1; Max.u64 = 1; 
 core.writes : Accumulator : Sum.u64 = 1000; SumSQ.u64 = 1000; Count.u64 = 1000; Min.u64 = 1; Max.u64 = 1; 
 l1cache.default_stat : Accumulator : Sum.u64 = 0; SumSQ.u64 = 0; Count.u64 = 0; Min.u64 = 0; Max.u64 = 0; 
 l1cache.stateEvent_GetS_I : Accumulator : Sum.u64 = 911; SumSQ.u64 = 911; Count.u64 = 911; Min.u64 = 1; Max.u64 = 1; 
 l1cache.stateEvent_GetS_E : Accumulator : Sum.u64 = 283; SumSQ.u64 = 283; Count.u64 = 283; Min.u64 = 1; Max.u64 = 1; 
 l1cache.stateEvent_GetS_M : Accumulator : Sum.u64 = 306; SumSQ.u64 = 306; Count.u64 = 306; Min.u64 = 1; Max.u64 = 1; 
 l1cache.stateEvent_GetX_I : Accumulator : Sum.u64 = 571; SumSQ.u64 = 571; Count.u64 = 571; Min.u64 = 1; Max.u64 = 1; 
 l1cache.stateEvent_GetX_E : Accumulator : Sum.u64 = 201; SumSQ.u64 = 201; Count.u64 = 201; Min.u64 = 1; Max.u64 = 1; 
 l1cache.stateEvent_GetX_M : Accumulator : Sum.u64 = 228; SumSQ.u64 = 228; Count.u64 = 228; Min.u64 = 1; Max.u64 = 1; 
 l1cache.stateEvent_GetSX_I : Accumulator : Sum.u64 = 0; SumSQ.u64 = 0; Count.u64 = 0; Min.u64 = 0; Max.u64 = 0; 
 l1cache.stateEvent_GetSX_E : Accumulator : Sum.u64 = 0; SumSQ.u64 = 0; Count.u64 = 0; Min.u64 = 0; Max.u64 = 0; 
 l1cache.stateEvent_GetSX_M : Accumulator : Sum.u64 = 0; SumSQ.u64 = 0; Count.u64 = 0; Min.u64 = 0; Max.u64 = 0; 
 l1cache.stateEvent_GetSResp_IM : Accumulator : Sum.u64 = 911; SumSQ.u64 = 911; Count.u64 = 911; Min.u64 = 1; Max.u64 = 1; 
 l1cache.stateEvent_GetXResp_IM : Accumulator : Sum.u64 = 571; SumSQ.u64 = 571; Count.u64 = 571; Min.u64 = 1; Max.u64 = 1; 
 l1cache.stateEvent_FlushLine_I : Accumulator : Sum.u64 = 0; SumSQ.u64 = 0; Count.u64 = 0; Min.u64 = 0; Max.u64 = 0; 
 l1cache.stateEvent_FlushLine_E : Accumulator : Sum.u64 = 0; SumSQ.u64 = 0; Count.u64 = 0; Min.u64 = 0; Max.u64 = 0; 
 l1cache.stateEvent_FlushLine_M : Accumulator : Sum.u64 = 0; SumSQ.u64 = 0; Count.u64 = 0; Min.u64 = 0; Max.u64 = 0; 
 l1cache.stateEvent_FlushLine_IS : Accumulator : Sum.u64 = 0; SumSQ.u64 = 0; Count.u64 = 0; Min.u64 = 0; Max.u64 = 0; 
 l1cache.stateEvent_FlushLine_IM : Accumulator : Sum.u64 = 0; SumSQ.u64 = 0; Count.u64 = 0; Min.u64 = 0; Max.u64 = 0; 
 l1cache.stateEvent_FlushLine_IB : Accumulator : Sum.u64 = 0; SumSQ.u64 = 0; Count.u64 = 0; Min.u64 = 0; Max.u64 = 0; 
 l1cache.stateEvent_FlushLine_SB : Accumulator : Sum.u64 = 0; SumSQ.u64 = 0; Count.u64 = 0; Min.u64 = 0; Max.u64 = 0; 
 l1cache.stateEvent_FlushLineInv_I : Accumulator : Sum.u64 = 0; SumSQ.u64 = 0; Count.u64 = 0; Min.u64 = 0; Max.u64 = 0; 
 l1cache.stateEvent_FlushLineInv_E : Accumulator : Sum.u64 = 0; SumSQ.u64 = 0; Count.u64 = 0; Min.u64 = 0; Max.u64 = 0; 
 l1cache.stateEvent_FlushLineInv_M : Accumulator : Sum.u64 = 0; SumSQ.u64 = 0; Count.u64 = 0; Min.u64 = 0; Max.u64 = 0; 
 l1cache.stateEvent_FlushLineInv_IS : Accumulator : Sum.u64 = 0; SumSQ.u64 = 0; Count.u64 = 0; Min.u64 = 0; Max.u64 = 0; 
 l1cache.stateEvent_FlushLineInv_IM : Accumulator : Sum.u64 = 0; SumSQ.u64 = 0; Count.u64 = 0; Min.u64 = 0; Max.u64 = 0; 
 l1cache.stateEvent_FlushLineInv_IB : Accumulator : Sum.u64 = 0; SumSQ.u64 = 0; Count.u64 = 0; Min.u64 = 0; Max.u64 = 0; 
 l1cache.stateEvent_FlushLineInv_SB : Accumulator : Sum.u64 = 0; SumSQ.u64 = 0; Count.u64 = 0; Min.u64 = 0; Max.u64 = 0; 
 l1cache.stateEvent_FlushLineResp_I : Accumulator : Sum.u64 = 0; SumSQ.u64 = 0; Count.u64 = 0; Min.u64 = 0; Max.u64 = 0; 
 l1cache.stateEvent_FlushLineResp_IB : Accumulator : Sum.u64 = 0; SumSQ.u64 = 0; Count.u64 = 0; Min.u64 = 0; Max.u64 = 0; 
 l1cache.stateEvent_FlushLineResp_SB : Accumulator : Sum.u64 = 0; SumSQ.u64 = 0; Count.u64 = 0; Min.u64 = 0; Max.u64 = 0; 
 l1cache.eventSent_GetS : Accumulator : Sum.u64 = 911; SumSQ.u64 = 911; Count.u64 = 911; Min.u64 = 1; Max.u64 = 1; 
 l1cache.eventSent_GetX : Accumulator : Sum.u64 = 571; SumSQ.u64 = 571; Count.u64 = 571; Min.u64 = 1; Max.u64 = 1; 
 l1cache.eventSent_GetSX : Accumulator : Sum.u64 = 0; SumSQ.u64 = 0; Count.u64 = 0; Min.u64 = 0; Max.u64 = 0; 
 l1cache.eventSent_Write : Accumulator : Sum.u64 = 0; SumSQ.u64 = 0; Count.u64 = 0; Min.u64 = 0; Max.u64 = 0; 
 l1cache.eventSent_PutM : Accumulator : Sum.u64 = 753; SumSQ.u64 = 753; Count.u64 = 753; Min.u64 = 1; Max.u64 = 1; 
 l1cache.eventSent_NACK : Accumulator : Sum.u64 = 0; SumSQ.u64 = 0; Count.u64 = 0; Min.u64 = 0; Max.u64 = 0; 
 l1cache.eventSent_FlushLine : Accumulator : Sum.u64 = 0; SumSQ.u64 = 0; Count.u64 = 0; Min.u64 = 0; Max.u64 = 0; 
 l1cache.eventSent_FlushLineInv : Accumulator : Sum.u64 = 0; SumSQ.u64 = 0; Count.u64 = 0; Min.u64 = 0; Max.u64 = 0; 
 l1cache.eventSent_GetSResp : Accumulator : Sum.u64 = 1500; SumSQ.u64 = 1500; Count.u64 = 1500; Min.u64 = 1; Max.u64 = 1; 
 l1cache.eventSent_GetXResp : Accumulator : Sum.u64 = 0; SumSQ.u64 = 0; Count.u64 = 0; Min.u64 = 0; Max.u64 = 0; 
 l1cache.eventSent_WriteResp : Accumulator : Sum.u64 = 1000; SumSQ.u64 = 1000; Count.u64 = 1000; Min.u64 = 1; Max.u64 = 1; 
 l1cache.eventSent_FlushLineResp : Accumulator : Sum.u64 = 0; SumSQ.u64 = 0; Count.u64 = 0; Min.u64 = 0; Max.u64 = 0; 
 l1cache.eventSent_Put : Accumulator : Sum.u64 = 0; SumSQ.u64 = 0; Count.u64 = 0; Min.u64 = 0; Max.u64 = 0; 
 l1cache.eventSent_Get : Accumulator : Sum.u64 = 0; SumSQ.u64 = 0; Count.u64 = 0; Min.u64 = 0; Max.u64 = 0; 
 l1cache.eventSent_AckMove : Accumulator : Sum.u64 = 0; SumSQ.u64 = 0; Count.u64 = 0; Min.u64 = 0; Max.u64 = 0; 
 l1cache.eventSent_CustomReq : Accumulator : Sum.u64 = 0; SumSQ.u64 = 0; Count.u64 = 0; Min.u64 = 0; Max.u64 = 0; 
 l1cache.eventSent_CustomResp : Accumulator : Sum.u64 = 0; SumSQ.u64 = 0; Count.u64 = 0; Min.u64 = 0; Max.u64 = 0; 
 l1cache.eventSent_CustomAck : Accumulator : Sum.u64 = 0; SumSQ.u64 = 0; Count.u64 = 0; Min.u64 = 0; Max.u64 = 0; 
 l1cache.latency_GetS_hit : Accumulator : Sum.u64 = 469076; SumSQ.u64 = 1872955784; Count.u64 = 589; Min.u64 = 4; Max.u64 = 7009; 
 l1cache.latency_GetS_miss : Accumulator : Sum.u64 = 2726747; SumSQ.u64 = 10686699531; Count.u64 = 911; Min.u64 = 22; Max.u64 = 7034; 
 l1cache.latency_GetX_hit : Accumulator : Sum.u64 = 344175; SumSQ.u64 = 1254746961; Count.u64 = 429; Min.u64 = 4; Max.u64 = 7023; 
 l1cache.latency_GetX_miss : Accumulator : Sum.u64 = 1754555; SumSQ.u64 = 6902432405; Count.u64 = 571; Min.u64 = 22; Max.u64 = 7038; 
 l1cache.latency_GetSX_hit : Accumulator : Sum.u64 = 0; SumSQ.u64 = 0; Count.u64 = 0; Min.u64 = 0; Max.u64 = 0; 
 l1cache.latency_GetSX_miss : Accumulator : Sum.u64 = 0; SumSQ.u64 = 0; Count.u64 = 0; Min.u64 = 0; Max.u64 = 0; 
 l1cache.latency_FlushLine : Accumulator : Sum.u64 = 0; SumSQ.u64 = 0; Count.u64 = 0; Min.u64 = 0; Max.u64 = 0; 
 l1cache.latency_FlushLine_fail : Accumulator : Sum.u64 = 0; SumSQ.u64 = 0; Count.u64 = 0; Min.u64 = 0; Max.u64 = 0; 
 l1cache.latency_FlushLineInv : Accumulator : Sum.u64 = 0; SumSQ.u64 = 0; Count.u64 = 0; Min.u64 = 0; Max.u64 = 0; 
 l1cache.latency_FlushLineInv_fail : Accumulator : Sum.u64 = 0; SumSQ.u64 = 0; Count.u64 = 0; Min.u64 = 0; Max.u64 = 0; 
 l1cache.GetSHit_Arrival : Accumulator : Sum.u64 = 366; SumSQ.u64 = 366; Count.u64 = 366; Min.u64 = 1; Max.u64 = 1; 
 l1cache.GetXHit_Arrival : Accumulator : Sum.u64 = 275; SumSQ.u64 = 275; Count.u64 = 275; Min.u64 = 1; Max.u64 = 1; 
 l1cache.GetSXHit_Arrival : Accumulator : Sum.u64 = 0; SumSQ.u64 = 0; Count.u64 = 0; Min.u64 = 0; Max.u64 = 0; 
 l1cache.GetSHit_Blocked : Accumulator : Sum.u64 = 223; SumSQ.u64 = 223; Count.u64 = 223; Min.u64 = 1; Max.u64 = 1; 
 l1cache.GetXHit_Blocked : Accumulator : Sum.u64 = 154; SumSQ.u64 = 154; Count.u64 = 154; Min.u64 = 1; Max.u64 = 1; 
 l1cache.GetSXHit_Blocked : Accumulator : Sum.u64 = 0; SumSQ.u64 = 0; Count.u64 = 0; Min.u64 = 0; Max.u64 = 0; 
 l1cache.GetSMiss_Arrival : Accumulator : Sum.u64 = 755; SumSQ.u64 = 755; Count.u64 = 755; Min.u64 = 1; Max.u64 = 1; 
 l1cache.GetXMiss_Arrival : Accumulator : Sum.u64 = 468; SumSQ.u64 = 468; Count.u64 = 468; Min.u64 = 1; Max.u64 = 1; 
 l1cache.GetSXMiss_Arrival : Accumulator : Sum.u64 = 0; SumSQ.u64 = 0; Count.u64 = 0; Min.u64 = 0; Max.u64 = 0; 
 l1cache.GetSMiss_Blocked : Accumulator : Sum.u64 = 156; SumSQ.u64 = 156; Count.u64 = 156; Min.u64 = 1; Max.u64 = 1; 
 l1cache.GetXMiss_Blocked : Accumulator : Sum.u64 = 103; SumSQ.u64 = 103; Count.u64 = 103; Min.u64 = 1; Max.u64 = 1; 
 l1cache.GetSXMiss_Blocked : Accumulator : Sum.u64 = 0; SumSQ.u64 = 0; Count.u64 = 0; Min.u64 = 0; Max.u64 = 0; 
 l1cache.CacheHits : Accumulator : Sum.u64 = 1018; SumSQ.u64 = 1018; Count.u64 = 1018; Min.u64 = 1; Max.u64 = 1; 
 l1cache.CacheMisses : Accumulator : Sum.u64 = 1482; SumSQ.u64 = 1482; Count.u64 = 1482; Min.u64 = 1; Max.u64 = 1; 
 l1cache.evict_I : Accumulator : Sum.u64 = 322; SumSQ.u64 = 322; Count.u64 = 322; Min.u64 = 1; Max.u64 = 1; 
 l1cache.evict_E : Accumulator : Sum.u64 = 697; SumSQ.u64 = 697; Count.u64 = 697; Min.u64 = 1; Max.u64 = 1; 
 l1cache.evict_M : Accumulator : Sum.u64 = 753; SumSQ.u64 = 753; Count.u64 = 753; Min.u64 = 1; Max.u64 = 1; 
 l1cache.evict_IM : Accumulator : Sum.u64 = 291; SumSQ.u64 = 291; Count.u64 = 291; Min.u64 = 1; Max.u64 = 1; 
 l1cache.evict_IB : Accumulator : Sum.u64 = 0; SumSQ.u64 = 0; Count.u64 = 0; Min.u64 = 0; Max.u64 = 0; 
 l1cache.evict_SB : Accumulator : Sum.u64 = 0; SumSQ.u64 = 0; Count.u64 = 0; Min.u64 = 0; Max.u64 = 0; 
 l1cache.eventSent_PutE : Accumulator : Sum.u64 = 0; SumSQ.u64 = 0; Count.u64 = 0; Min.u64 = 0; Max.u64 = 0; 
 l1cache.TotalEventsReceived : Accumulator : Sum.u64 = 3982; SumSQ.u64 = 3982; Count.u64 = 3982; Min.u64 = 1; Max.u64 = 1; 
 l1cache.TotalEventsReplayed : Accumulator : Sum.u64 = 969; SumSQ.u64 = 969; Count.u64 = 969; Min.u64 = 1; Max.u64 = 1; 
 l1cache.Put_uncache_recv : Accumulator : Sum.u64 = 0; SumSQ.u64 = 0; Count.u64 = 0; Min.u64 = 0; Max.u64 = 0; 
 l1cache.Get_uncache_recv : Accumulator : Sum.u64 = 0; SumSQ.u64 = 0; Count.u64 = 0; Min.u64 = 0; Max.u64 = 0; 
 l1cache.AckMove_uncache_recv : Accumulator : Sum.u64 = 0; SumSQ.u64 = 0; Count.u64 = 0; Min.u64 = 0; Max.u64 = 0; 
 l1cache.GetS_uncache_recv : Accumulator : Sum.u64 = 0; SumSQ.u64 = 0; Count.u64 = 0; Min.u64 = 0; Max.u64 = 0; 
 l1cache.Write_uncache_recv : Accumulator : Sum.u64 = 0; SumSQ.u64 = 0; Count.u64 = 0; Min.u64 = 0; Max.u64 = 0; 
 l1cache.GetSX_uncache_recv : Accumulator : Sum.u64 = 0; SumSQ.u64 = 0; Count.u64 = 0; Min.u64 = 0; Max.u64 = 0; 
 l1cache.GetSResp_uncache_recv : Accumulator : Sum.u64 = 0; SumSQ.u64 = 0; Count.u64 = 0; Min.u64 = 0; Max.u64 = 0; 
 l1cache.WriteResp_uncache_recv : Accumulator : Sum.u64 = 0; SumSQ.u64 = 0; Count.u64 = 0; Min.u64 = 0; Max.u64 = 0; 
 l1cache.CustomReq_uncache_recv : Accumulator : Sum.u64 = 0; SumSQ.u64 = 0; Count.u64 = 0; Min.u64 = 0; Max.u64 = 0; 
 l1cache.CustomResp_uncache_recv : Accumulator : Sum.u64 = 0; SumSQ.u64 = 0; Count.u64 = 0; Min.u64 = 0; Max.u64 = 0; 
 l1cache.CustomAck_uncache_recv : Accumulator : Sum.u64 = 0; SumSQ.u64 = 0; Count.u64 = 0; Min.u64 = 0; Max.u64 = 0; 
 l1cache.NULLCMD_recv : Accumulator : Sum.u64 = 0; SumSQ.u64 = 0; Count.u64 = 0; Min.u64 = 0; Max.u64 = 0; 
 l1cache.GetS_recv : Accumulator : Sum.u64 = 1500; SumSQ.u64 = 1500; Count.u64 = 1500; Min.u64 = 1; Max.u64 = 1; 
 l1cache.GetX_recv : Accumulator : Sum.u64 = 0; SumSQ.u64 = 0; Count.u64 = 0; Min.u64 = 0; Max.u64 = 0; 
 l1cache.GetSX_recv : Accumulator : Sum.u64 = 0; SumSQ.u64 = 0; Count.u64 = 0; Min.u64 = 0; Max.u64 = 0; 
 l1cache.Write_recv : Accumulator : Sum.u64 = 1000; SumSQ.u64 = 1000; Count.u64 = 1000; Min.u64 = 1; Max.u64 = 1; 
 l1cache.FlushLine_recv : Accumulator : Sum.u64 = 0; SumSQ.u64 = 0; Count.u64 = 0; Min.u64 = 0; Max.u64 = 0; 
 l1cache.FlushLineInv_recv : Accumulator : Sum.u64 = 0; SumSQ.u64 = 0; Count.u64 = 0; Min.u64 = 0; Max.u64 = 0; 
 l1cache.GetSResp_recv : Accumulator : Sum.u64 = 911; SumSQ.u64 = 911; Count.u64 = 911; Min.u64 = 1; Max.u64 = 1; 
 l1cache.GetXResp_recv : Accumulator : Sum.u64 = 571; SumSQ.u64 = 571; Count.u64 = 571; Min.u64 = 1; Max.u64 = 1; 
 l1cache.WriteResp_recv : Accumulator : Sum.u64 = 0; SumSQ.u64 = 0; Count.u64 = 0; Min.u64 = 0; Max.u64 = 0; 
 l1cache.FlushLineResp_recv : Accumulator : Sum.u64 = 0; SumSQ.u64 = 0; Count.u64 = 0; Min.u64 = 0; Max.u64 = 0; 
 l1cache.NACK_recv : Accumulator : Sum.u64 = 0; SumSQ.u64 = 0; Count.u64 = 0; Min.u64 = 0; Max.u64 = 0; 
 l1cache.MSHR_occupancy : Accumulator : Sum.u64 = 5288259; SumSQ.u64 = 84214007; Count.u64 = 332487; Min.u64 = 0; Max.u64 = 16; 
 l1cache.Bank_conflicts : Accumulator : Sum.u64 = 0; SumSQ.u64 = 0; Count.u64 = 0; Min.u64 = 0; Max.u64 = 0; 
 memory.requests_received_GetS : Accumulator : Sum.u64 = 708; SumSQ.u64 = 708; Count.u64 = 708; Min.u64 = 1; Max.u64 = 1; 
 memory.requests_received_GetSX : Accumulator : Sum.u64 = 0; SumSQ.u64 = 0; Count.u64 = 0; Min.u64 = 0; Max.u64 = 0; 
 memory.requests_received_GetX : Accumulator : Sum.u64 = 454; SumSQ.u64 = 454; Count.u64 = 454; Min.u64 = 1; Max.u64 = 1; 
 memory.requests_received_Write : Accumulator : Sum.u64 = 0; SumSQ.u64 = 0; Count.u64 = 0; Min.u64 = 0; Max.u64 = 0; 
 memory.requests_received_PutM : Accumulator : Sum.u64 = 665; SumSQ.u64 = 665; Count.u64 = 665; Min.u64 = 1; Max.u64 = 1; 
 memory.outstanding_requests : Accumulator : Sum.u64 = 1830758; SumSQ.u64 = 36359290; Count.u64 = 95091; Min.u64 = 0; Max.u64 = 29; 
 memory.latency_GetS : Accumulator : Sum.u64 = 709609; SumSQ.u64 = 711223129; Count.u64 = 708; Min.u64 = 1001; Max.u64 = 1011; 
 memory.latency_GetSX : Accumulator : Sum.u64 = 0; SumSQ.u64 = 0; Count.u64 = 0; Min.u64 = 0; Max.u64 = 0; 
 memory.latency_GetX : Accumulator : Sum.u64 = 454983; SumSQ.u64 = 455968917; Count.u64 = 454; Min.u64 = 1001; Max.u64 = 1009; 
 memory.latency_Write : Accumulator : Sum.u64 = 0; SumSQ.u64 = 0; Count.u64 = 0; Min.u64 = 0; Max.u64 = 0; 
 memory.latency_PutM : Accumulator : Sum.u64 = 666166; SumSQ.u64 = 667335022; Count.u64 = 665; Min.u64 = 1001; Max.u64 = 1008; 
 memory.cycles_with_issue : Accumulator : Sum.u64 = 1827; SumSQ.u64 = 1827; Count.u64 = 1827; Min.u64 = 1; Max.u64 = 1; 
 memory.cycles_attempted_issue_but_rejected : Accumulator : Sum.u64 = 0; SumSQ.u64 = 0; Count.u64 = 0; Min.u64 = 0; Max.u64 = 0; 
 memory.total_cycles : Accumulator : Sum.u64 = 95091; SumSQ.u64 = 9042298281; Count.u64 = 1; Min.u64 = 95091; Max.u64 = 95091; 
 l2cache.default_stat : Accumulator : Sum.u64 = 0; SumSQ.u64 = 0; Count.u64 = 0; Min.u64 = 0; Max.u64 = 0; 
 l2cache.stateEvent_GetS_I : Accumulator : Sum.u64 = 708; SumSQ.u64 = 708; Count.u64 = 708; Min.u64 = 1; Max.u64 = 1; 
 l2cache.stateEvent_GetS_E : Accumulator : Sum.u64 = 0; SumSQ.u64 = 0; Count.u64 = 0; Min.u64 = 0; Max.u64 = 0; 
 l2cache.stateEvent_GetS_M : Accumulator : Sum.u64 = 203; SumSQ.u64 = 203; Count.u64 = 203; Min.u64 = 1; Max.u64 = 1; 
 l2cache.stateEvent_GetX_I : Accumulator : Sum.u64 = 571; SumSQ.u64 = 571; Count.u64 = 571; Min.u64 = 1; Max.u64 = 1; 
 l2cache.stateEvent_GetX_E : Accumulator : Sum.u64 = 0; SumSQ.u64 = 0; Count.u64 = 0; Min.u64 = 0; Max.u64 = 0; 
 l2cache.stateEvent_GetX_M : Accumulator : Sum.u64 = 0; SumSQ.u64 = 0; Count.u64 = 0; Min.u64 = 0; Max.u64 = 0; 
 l2cache.stateEvent_GetSX_I : Accumulator : Sum.u64 = 0; SumSQ.u64 = 0; Count.u64 = 0; Min.u64 = 0; Max.u64 = 0; 
 l2cache.stateEvent_GetSX_E : Accumulator : Sum.u64 = 0; SumSQ.u64 = 0; Count.u64 = 0; Min.u64 = 0; Max.u64 = 0; 
 l2cache.stateEvent_GetSX_M : Accumulator : Sum.u64 = 0; SumSQ.u64 = 0; Count.u64 = 0; Min.u64 = 0; Max.u64 = 0; 
 l2cache.stateEvent_GetSResp_I : Accumulator : Sum.u64 = 0; SumSQ.u64 = 0; Count.u64 = 0; Min.u64 = 0; Max.u64 = 0; 
 l2cache.stateEvent_GetSResp_IS : Accumulator : Sum.u64 = 0; SumSQ.u64 = 0; Count.u64 = 0; Min.u64 = 0; Max.u64 = 0; 
 l2cache.stateEvent_GetXResp_I : Accumulator : Sum.u64 = 1162; SumSQ.u64 = 1162; Count.u64 = 1162; Min.u64 = 1; Max.u64 = 1; 
 l2cache.stateEvent_GetXResp_IS : Accumulator : Sum.u64 = 0; SumSQ.u64 = 0; Count.u64 = 0; Min.u64 = 0; Max.u64 = 0; 
 l2cache.stateEvent_GetXResp_IM : Accumulator : Sum.u64 = 0; SumSQ.u64 = 0; Count.u64 = 0; Min.u64 = 0; Max.u64 = 0; 
 l2cache.stateEvent_PutE_I : Accumulator : Sum.u64 = 0; SumSQ.u64 = 0; Count.u64 = 0; Min.u64 = 0; Max.u64 = 0; 
 l2cache.stateEvent_PutE_E : Accumulator : Sum.u64 = 0; SumSQ.u64 = 0; Count.u64 = 0; Min.u64 = 0; Max.u64 = 0; 
 l2cache.stateEvent_PutE_M : Accumulator : Sum.u64 = 0; SumSQ.u64 = 0; Count.u64 = 0; Min.u64 = 0; Max.u64 = 0; 
 l2cache.stateEvent_PutE_IS : Accumulator : Sum.u64 = 0; SumSQ.u64 = 0; Count.u64 = 0; Min.u64 = 0; Max.u64 = 0; 
 l2cache.stateEvent_PutE_IM : Accumulator : Sum.u64 = 0; SumSQ.u64 = 0; Count.u64 = 0; Min.u64 = 0; Max.u64 = 0; 
 l2cache.stateEvent_PutE_IB : Accumulator : Sum.u64 = 0; SumSQ.u64 = 0; Count.u64 = 0; Min.u64 = 0; Max.u64 = 0; 
 l2cache.stateEvent_PutE_SB : Accumulator : Sum.u64 = 0; SumSQ.u64 = 0; Count.u64 = 0; Min.u64 = 0; Max.u64 = 0; 
 l2cache.stateEvent_PutM_I : Accumulator : Sum.u64 = 681; SumSQ.u64 = 681; Count.u64 = 681; Min.u64 = 1; Max.u64 = 1; 
 l2cache.stateEvent_PutM_E : Accumulator : Sum.u64 = 0; SumSQ.u64 = 0; Count.u64 = 0; Min.u64 = 0; Max.u64 = 0; 
 l2cache.stateEvent_PutM_M : Accumulator : Sum.u64 = 72; SumSQ.u64 = 72; Count.u64 = 72; Min.u64 = 1; Max.u64 = 1; 
 l2cache.stateEvent_PutM_IS : Accumulator : Sum.u64 = 0; SumSQ.u64 = 0; Count.u64 = 0; Min.u64 = 0; Max.u64 = 0; 
 l2cache.stateEvent_PutM_IM : Accumulator : Sum.u64 = 0; SumSQ.u64 = 0; Count.u64 = 0; Min.u64 = 0; Max.u64 = 0; 
 l2cache.stateEvent_PutM_IB : Accumulator : Sum.u64 = 0; SumSQ.u64 = 0; Count.u64 = 0; Min.u64 = 0; Max.u64 = 0; 
 l2cache.stateEvent_PutM_SB : Accumulator : Sum.u64 = 0; SumSQ.u64 = 0; Count.u64 = 0; Min.u64 = 0; Max.u64 = 0; 
 l2cache.stateEvent_FlushLine_I : Accumulator : Sum.u64 = 0; SumSQ.u64 = 0; Count.u64 = 0; Min.u64 = 0; Max.u64 = 0; 
 l2cache.stateEvent_FlushLine_E : Accumulator : Sum.u64 = 0; SumSQ.u64 = 0; Count.u64 = 0; Min.u64 = 0; Max.u64 = 0; 
 l2cache.stateEvent_FlushLine_M : Accumulator : Sum.u64 = 0; SumSQ.u64 = 0; Count.u64 = 0; Min.u64 = 0; Max.u64 = 0; 
 l2cache.stateEvent_FlushLine_IS : Accumulator : Sum.u64 = 0; SumSQ.u64 = 0; Count.u64 = 0; Min.u64 = 0; Max.u64 = 0; 
 l2cache.stateEvent_FlushLine_IM : Accumulator : Sum.u64 = 0; SumSQ.u64 = 0; Count.u64 = 0; Min.u64 = 0; Max.u64 = 0; 
 l2cache.stateEvent_FlushLine_IB : Accumulator : Sum.u64 = 0; SumSQ.u64 = 0; Count.u64 = 0; Min.u64 = 0; Max.u64 = 0; 
 l2cache.stateEvent_FlushLine_SB : Accumulator : Sum.u64 = 0; SumSQ.u64 = 0; Count.u64 = 0; Min.u64 = 0; Max.u64 = 0; 
 l2cache.stateEvent_FlushLineInv_I : Accumulator : Sum.u64 = 0; SumSQ.u64 = 0; Count.u64 = 0; Min.u64 = 0; Max.u64 = 0; 
 l2cache.stateEvent_FlushLineInv_E : Accumulator : Sum.u64 = 0; SumSQ.u64 = 0; Count.u64 = 0; Min.u64 = 0; Max.u64 = 0; 
 l2cache.stateEvent_FlushLineInv_M : Accumulator : Sum.u64 = 0; SumSQ.u64 = 0; Count.u64 = 0; Min.u64 = 0; Max.u64 = 0; 
 l2cache.stateEvent_FlushLineInv_IS : Accumulator : Sum.u64 = 0; SumSQ.u64 = 0; Count.u64 = 0; Min.u64 = 0; Max.u64 = 0; 
 l2cache.stateEvent_FlushLineInv_IM : Accumulator : Sum.u64 = 0; SumSQ.u64 = 0; Count.u64 = 0; Min.u64 = 0; Max.u64 = 0; 
 l2cache.stateEvent_FlushLineInv_IB : Accumulator : Sum.u64 = 0; SumSQ.u64 = 0; Count.u64 = 0; Min.u64 = 0; Max.u64 = 0; 
 l2cache.stateEvent_FlushLineInv_SB : Accumulator : Sum.u64 = 0; SumSQ.u64 = 0; Count.u64 = 0; Min.u64 = 0; Max.u64 = 0; 
 l2cache.stateEvent_FlushLineResp_I : Accumulator : Sum.u64 = 0; SumSQ.u64 = 0; Count.u64 = 0; Min.u64 = 0; Max.u64 = 0; 
 l2cache.stateEvent_FlushLineResp_IB : Accumulator : Sum.u64 = 0; SumSQ.u64 = 0; Count.u64 = 0; Min.u64 = 0; Max.u64 = 0; 
 l2cache.stateEvent_FlushLineResp_SB : Accumulator : Sum.u64 = 0; SumSQ.u64 = 0; Count.u64 = 0; Min.u64 = 0; Max.u64 = 0; 
 l2cache.eventSent_GetS : Accumulator : Sum.u64 = 708; SumSQ.u64 = 708; Count.u64 = 708; Min.u64 = 1; Max.u64 = 1; 
 l2cache.eventSent_GetX : Accumulator : Sum.u64 = 454; SumSQ.u64 = 454; Count.u64 = 454; Min.u64 = 1; Max.u64 = 1; 
 l2cache.eventSent_GetSX : Accumulator : Sum.u64 = 0; SumSQ.u64 = 0; Count.u64 = 0; Min.u64 = 0; Max.u64 = 0; 
 l2cache.eventSent_PutE : Accumulator : Sum.u64 = 0; SumSQ.u64 = 0; Count.u64 = 0; Min.u64 = 0; Max.u64 = 0; 
 l2cache.eventSent_PutM : Accumulator : Sum.u64 = 665; SumSQ.u64 = 665; Count.u64 = 665; Min.u64 = 1; Max.u64 = 1; 
 l2cache.eventSent_FlushLine : Accumulator : Sum.u64 = 0; SumSQ.u64 = 0; Count.u64 = 0; Min.u64 = 0; Max.u64 = 0; 
 l2cache.eventSent_FlushLineInv : Accumulator : Sum.u64 = 0; SumSQ.u64 = 0; Count.u64 = 0; Min.u64 = 0; Max.u64 = 0; 
 l2cache.eventSent_NACK : Accumulator : Sum.u64 = 0; SumSQ.u64 = 0; Count.u64 = 0; Min.u64 = 0; Max.u64 = 0; 
 l2cache.eventSent_GetSResp : Accumulator : Sum.u64 = 911; SumSQ.u64 = 911; Count.u64 = 911; Min.u64 = 1; Max.u64 = 1; 
 l2cache.eventSent_GetXResp : Accumulator : Sum.u64 = 571; SumSQ.u64 = 571; Count.u64 = 571; Min.u64 = 1; Max.u64 = 1; 
 l2cache.eventSent_FlushLineResp : Accumulator : Sum.u64 = 0; SumSQ.u64 = 0; Count.u64 = 0; Min.u64 = 0; Max.u64 = 0; 
 l2cache.eventSent_Put : Accumulator : Sum.u64 = 0; SumSQ.u64 = 0; Count.u64 = 0; Min.u64 = 0; Max.u64 = 0; 
 l2cache.eventSent_Get : Accumulator : Sum.u64 = 0; SumSQ.u64 = 0; Count.u64 = 0; Min.u64 = 0; Max.u64 = 0; 
 l2cache.eventSent_AckMove : Accumulator : Sum.u64 = 0; SumSQ.u64 = 0; Count.u64 = 0; Min.u64 = 0; Max.u64 = 0; 
 l2cache.eventSent_CustomReq : Accumulator : Sum.u64 = 0; SumSQ.u64 = 0; Count.u64 = 0; Min.u64 = 0; Max.u64 = 0; 
 l2cache.eventSent_CustomResp : Accumulator : Sum.u64 = 0; SumSQ.u64 = 0; Count.u64 = 0; Min.u64 = 0; Max.u64 = 0; 
 l2cache.eventSent_CustomAck : Accumulator : Sum.u64 = 0; SumSQ.u64 = 0; Count.u64 = 0; Min.u64 = 0; Max.u64 = 0; 
 l2cache.latency_GetS_hit : Accumulator : Sum.u64 = 2437; SumSQ.u64 = 29257; Count.u64 = 203; Min.u64 = 12; Max.u64 = 13; 
 l2cache.latency_GetS_miss : Accumulator : Sum.u64 = 1711251; SumSQ.u64 = 4136138677; Count.u64 = 708; Min.u64 = 2413; Max.u64 = 2438; 
 l2cache.latency_GetX_hit : Accumulator : Sum.u64 = 1404; SumSQ.u64 = 16848; Count.u64 = 117; Min.u64 = 12; Max.u64 = 12; 
 l2cache.latency_GetX_miss : Accumulator : Sum.u64 = 1097192; SumSQ.u64 = 2651613268; Count.u64 = 454; Min.u64 = 2413; Max.u64 = 2434; 
 l2cache.latency_GetSX_hit : Accumulator : Sum.u64 = 0; SumSQ.u64 = 0; Count.u64 = 0; Min.u64 = 0; Max.u64 = 0; 
 l2cache.latency_GetSX_miss : Accumulator : Sum.u64 = 0; SumSQ.u64 = 0; Count.u64 = 0; Min.u64 = 0; Max.u64 = 0; 
 l2cache.latency_FlushLine : Accumulator : Sum.u64 = 0; SumSQ.u64 = 0; Count.u64 = 0; Min.u64 = 0; Max.u64 = 0; 
 l2cache.latency_FlushLineInv : Accumulator : Sum.u64 = 0; SumSQ.u64 = 0; Count.u64 = 0; Min.u64 = 0; Max.u64 = 0; 
 l2cache.GetSHit_Arrival : Accumulator : Sum.u64 = 203; SumSQ.u64 = 203; Count.u64 = 203; Min.u64 = 1; Max.u64 = 1; 
 l2cache.GetXHit_Arrival : Accumulator : Sum.u64 = 117; SumSQ.u64 = 117; Count.u64 = 117; Min.u64 = 1; Max.u64 = 1; 
 l2cache.GetSXHit_Arrival : Accumulator : Sum.u64 = 0; SumSQ.u64 = 0; Count.u64 = 0; Min.u64 = 0; Max.u64 = 0; 
 l2cache.GetSHit_Blocked : Accumulator : Sum.u64 = 0; SumSQ.u64 = 0; Count.u64 = 0; Min.u64 = 0; Max.u64 = 0; 
 l2cache.GetXHit_Blocked : Accumulator : Sum.u64 = 0; SumSQ.u64 = 0; Count.u64 = 0; Min.u64 = 0; Max.u64 = 0; 
 l2cache.GetSXHit_Blocked : Accumulator : Sum.u64 = 0; SumSQ.u64 = 0; Count.u64 = 0; Min.u64 = 0; Max.u64 = 0; 
 l2cache.GetSMiss_Arrival : Accumulator : Sum.u64 = 708; SumSQ.u64 = 708; Count.u64 = 708; Min.u64 = 1; Max.u64 = 1; 
 l2cache.GetXMiss_Arrival : Accumulator : Sum.u64 = 454; SumSQ.u64 = 454; Count.u64 = 454; Min.u64 = 1; Max.u64 = 1; 
 l2cache.GetSXMiss_Arrival : Accumulator : Sum.u64 = 0; SumSQ.u64 = 0; Count.u64 = 0; Min.u64 = 0; Max.u64 = 0; 
 l2cache.GetSMiss_Blocked : Accumulator : Sum.u64 = 0; SumSQ.u64 = 0; Count.u64 = 0; Min.u64 = 0; Max.u64 = 0; 
 l2cache.GetXMiss_Blocked : Accumulator : Sum.u64 = 0; SumSQ.u64 = 0; Count.u64 = 0; Min.u64 = 0; Max.u64 = 0; 
 l2cache.GetSXMiss_Blocked : Accumulator : Sum.u64 = 0; SumSQ.u64 = 0; Count.u64 = 0; Min.u64 = 0; Max.u64 = 0; 
 l2cache.CacheHits : Accumulator : Sum.u64 = 320; SumSQ.u64 = 320; Count.u64 = 320; Min.u64 = 1; Max.u64 = 1; 
 l2cache.CacheMisses : Accumulator : Sum.u64 = 1162; SumSQ.u64 = 1162; Count.u64 = 1162; Min.u64 = 1; Max.u64 = 1; 
 l2cache.evict_I : Accumulator : Sum.u64 = 16; SumSQ.u64 = 16; Count.u64 = 16; Min.u64 = 1; Max.u64 = 1; 
 l2cache.evict_E : Accumulator : Sum.u64 = 0; SumSQ.u64 = 0; Count.u64 = 0; Min.u64 = 0; Max.u64 = 0; 
 l2cache.evict_M : Accumulator : Sum.u64 = 665; SumSQ.u64 = 665; Count.u64 = 665; Min.u64 = 1; Max.u64 = 1; 
 l2cache.evict_IS : Accumulator : Sum.u64 = 0; SumSQ.u64 = 0; Count.u64 = 0; Min.u64 = 0; Max.u64 = 0; 
 l2cache.evict_IM : Accumulator : Sum.u64 = 0; SumSQ.u64 = 0; Count.u64 = 0; Min.u64 = 0; Max.u64 = 0; 
 l2cache.evict_IB : Accumulator : Sum.u64 = 0; SumSQ.u64 = 0; Count.u64 = 0; Min.u64 = 0; Max.u64 = 0; 
 l2cache.evict_SB : Accumulator : Sum.u64 = 0; SumSQ.u64 = 0; Count.u64 = 0; Min.u64 = 0; Max.u64 = 0; 
 l2cache.TotalEventsReceived : Accumulator : Sum.u64 = 3397; SumSQ.u64 = 3397; Count.u64 = 3397; Min.u64 = 1; Max.u64 = 1; 
 l2cache.TotalEventsReplayed : Accumulator : Sum.u64 = 0; SumSQ.u64 = 0; Count.u64 = 0; Min.u64 = 0; Max.u64 = 0; 
 l2cache.Put_uncache_recv : Accumulator : Sum.u64 = 0; SumSQ.u64 = 0; Count.u64 = 0; Min.u64 = 0; Max.u64 = 0; 
 l2cache.Get_uncache_recv : Accumulator : Sum.u64 = 0; SumSQ.u64 = 0; Count.u64 = 0; Min.u64 = 0; Max.u64 = 0; 
 l2cache.AckMove_uncache_recv : Accumulator : Sum.u64 = 0; SumSQ.u64 = 0; Count.u64 = 0; Min.u64 = 0; Max.u64 = 0; 
 l2cache.GetS_uncache_recv : Accumulator : Sum.u64 = 0; SumSQ.u64 = 0; Count.u64 = 0; Min.u64 = 0; Max.u64 = 0; 
 l2cache.Write_uncache_recv : Accumulator : Sum.u64 = 0; SumSQ.u64 = 0; Count.u64 = 0; Min.u64 = 0; Max.u64 = 0; 
 l2cache.GetSX_uncache_recv : Accumulator : Sum.u64 = 0; SumSQ.u64 = 0; Count.u64 = 0; Min.u64 = 0; Max.u64 = 0; 
 l2cache.GetSResp_uncache_recv : Accumulator : Sum.u64 = 0; SumSQ.u64 = 0; Count.u64 = 0; Min.u64 = 0; Max.u64 = 0; 
 l2cache.WriteResp_uncache_recv : Accumulator : Sum.u64 = 0; SumSQ.u64 = 0; Count.u64 = 0; Min.u64 = 0; Max.u64 = 0; 
 l2cache.CustomReq_uncache_recv : Accumulator : Sum.u64 = 0; SumSQ.u64 = 0; Count.u64 = 0; Min.u64 = 0; Max.u64 = 0; 
 l2cache.CustomResp_uncache_recv : Accumulator : Sum.u64 = 0; SumSQ.u64 = 0; Count.u64 = 0; Min.u64 = 0; Max.u64 = 0; 
 l2cache.CustomAck_uncache_recv : Accumulator : Sum.u64 = 0; SumSQ.u64 = 0; Count.u64 = 0; Min.u64 = 0; Max.u64 = 0; 
 l2cache.NULLCMD_recv : Accumulator : Sum.u64 = 0; SumSQ.u64 = 0; Count.u64 = 0; Min.u64 = 0; Max.u64 = 0; 
 l2cache.GetS_recv : Accumulator : Sum.u64 = 911; SumSQ.u64 = 911; Count.u64 = 911; Min.u64 = 1; Max.u64 = 1; 
 l2cache.GetX_recv : Accumulator : Sum.u64 = 571; SumSQ.u64 = 571; Count.u64 = 571; Min.u64 = 1; Max.u64 = 1; 
 l2cache.GetSX_recv : Accumulator : Sum.u64 = 0; SumSQ.u64 = 0; Count.u64 = 0; Min.u64 = 0; Max.u64 = 0; 
 l2cache.FlushLine_recv : Accumulator : Sum.u64 = 0; SumSQ.u64 = 0; Count.u64 = 0; Min.u64 = 0; Max.u64 = 0; 
 l2cache.FlushLineInv_recv : Accumulator : Sum.u64 = 0; SumSQ.u64 = 0; Count.u64 = 0; Min.u64 = 0; Max.u64 = 0; 
 l2cache.GetSResp_recv : Accumulator : Sum.u64 = 0; SumSQ.u64 = 0; Count.u64 = 0; Min.u64 = 0; Max.u64 = 0; 
 l2cache.GetXResp_recv : Accumulator : Sum.u64 = 1162; SumSQ.u64 = 1162; Count.u64 = 1162; Min.u64 = 1; Max.u64 = 1; 
 l2cache.FlushLineResp_recv : Accumulator : Sum.u64 = 0; SumSQ.u64 = 0; Count.u64 = 0; Min.u64 = 0; Max.u64 = 0; 
 l2cache.PutM_recv : Accumulator : Sum.u64 = 753; SumSQ.u64 = 753; Count.u64 = 753; Min.u64 = 1; Max.u64 = 1; 
 l2cache.PutE_recv : Accumulator : Sum.u64 = 0; SumSQ.u64 = 0; Count.u64 = 0; Min.u64 = 0; Max.u64 = 0; 
 l2cache.NACK_recv : Accumulator : Sum.u64 = 0; SumSQ.u64 = 0; Count.u64 = 0; Min.u64 = 0; Max.u64 = 0; 
 l2cache.MSHR_occupancy : Accumulator : Sum.u64 = 2804957; SumSQ.u64 = 35000791; Count.u64 = 228036; Min.u64 = 0; Max.u64 = 16; 
 l2cache.Bank_conflicts : Accumulator : Sum.u64 = 0; SumSQ.u64 = 0; Count.u64 = 0; Min.u64 = 0; Max.u64 = 0; 
Simulation is complete, simulated time: 95.0913 us
