memory0 start=0x0 end=0x3FE07FFFFFF size=0x1000000000 interleave_size=128MiB interleave_step=8192MiB
memory1 start=0x8000000 end=0x3FE0FFFFFFF size=0x1000000000 interleave_size=128MiB interleave_step=8192MiB
memory2 start=0x10000000 end=0x3FE17FFFFFF size=0x1000000000 interleave_size=128MiB interleave_step=8192MiB
memory3 start=0x18000000 end=0x3FE1FFFFFFF size=0x1000000000 interleave_size=128MiB interleave_step=8192MiB
memory4 start=0x20000000 end=0x3FE27FFFFFF size=0x1000000000 interleave_size=128MiB interleave_step=8192MiB
memory5 start=0x28000000 end=0x3FE2FFFFFFF size=0x1000000000 interleave_size=128MiB interleave_step=8192MiB
memory6 start=0x30000000 end=0x3FE37FFFFFF size=0x1000000000 interleave_size=128MiB interleave_step=8192MiB
memory7 start=0x38000000 end=0x3FE3FFFFFFF size=0x1000000000 interleave_size=128MiB interleave_step=8192MiB
memory8 start=0x40000000 end=0x3FE47FFFFFF size=0x1000000000 interleave_size=128MiB interleave_step=8192MiB
memory9 start=0x48000000 end=0x3FE4FFFFFFF size=0x1000000000 interleave_size=128MiB interleave_step=8192MiB
memory10 start=0x50000000 end=0x3FE57FFFFFF size=0x1000000000 interleave_size=128MiB interleave_step=8192MiB
memory11 start=0x58000000 end=0x3FE5FFFFFFF size=0x1000000000 interleave_size=128MiB interleave_step=8192MiB
memory12 start=0x60000000 end=0x3FE67FFFFFF size=0x1000000000 interleave_size=128MiB interleave_step=8192MiB
memory13 start=0x68000000 end=0x3FE6FFFFFFF size=0x1000000000 interleave_size=128MiB interleave_step=8192MiB
memory14 start=0x70000000 end=0x3FE77FFFFFF size=0x1000000000 interleave_size=128MiB interleave_step=8192MiB
memory15 start=0x78000000 end=0x3FE7FFFFFFF size=0x1000000000 interleave_size=128MiB interleave_step=8192MiB
memory16 start=0x80000000 end=0x3FE87FFFFFF size=0x1000000000 interleave_size=128MiB interleave_step=8192MiB
memory17 start=0x88000000 end=0x3FE8FFFFFFF size=0x1000000000 interleave_size=128MiB interleave_step=8192MiB
memory18 start=0x90000000 end=0x3FE97FFFFFF size=0x1000000000 interleave_size=128MiB interleave_step=8192MiB
memory19 start=0x98000000 end=0x3FE9FFFFFFF size=0x1000000000 interleave_size=128MiB interleave_step=8192MiB
memory20 start=0xA0000000 end=0x3FEA7FFFFFF size=0x1000000000 interleave_size=128MiB interleave_step=8192MiB
memory21 start=0xA8000000 end=0x3FEAFFFFFFF size=0x1000000000 interleave_size=128MiB interleave_step=8192MiB
memory22 start=0xB0000000 end=0x3FEB7FFFFFF size=0x1000000000 interleave_size=128MiB interleave_step=8192MiB
memory23 start=0xB8000000 end=0x3FEBFFFFFFF size=0x1000000000 interleave_size=128MiB interleave_step=8192MiB
memory24 start=0xC0000000 end=0x3FEC7FFFFFF size=0x1000000000 interleave_size=128MiB interleave_step=8192MiB
memory25 start=0xC8000000 end=0x3FECFFFFFFF size=0x1000000000 interleave_size=128MiB interleave_step=8192MiB
memory26 start=0xD0000000 end=0x3FED7FFFFFF size=0x1000000000 interleave_size=128MiB interleave_step=8192MiB
memory27 start=0xD8000000 end=0x3FEDFFFFFFF size=0x1000000000 interleave_size=128MiB interleave_step=8192MiB
memory28 start=0xE0000000 end=0x3FEE7FFFFFF size=0x1000000000 interleave_size=128MiB interleave_step=8192MiB
memory29 start=0xE8000000 end=0x3FEEFFFFFFF size=0x1000000000 interleave_size=128MiB interleave_step=8192MiB
memory30 start=0xF0000000 end=0x3FEF7FFFFFF size=0x1000000000 interleave_size=128MiB interleave_step=8192MiB
memory31 start=0xF8000000 end=0x3FEFFFFFFFF size=0x1000000000 interleave_size=128MiB interleave_step=8192MiB
memory32 start=0x100000000 end=0x3FF07FFFFFF size=0x1000000000 interleave_size=128MiB interleave_step=8192MiB
memory33 start=0x108000000 end=0x3FF0FFFFFFF size=0x1000000000 interleave_size=128MiB interleave_step=8192MiB
memory34 start=0x110000000 end=0x3FF17FFFFFF size=0x1000000000 interleave_size=128MiB interleave_step=8192MiB
memory35 start=0x118000000 end=0x3FF1FFFFFFF size=0x1000000000 interleave_size=128MiB interleave_step=8192MiB
memory36 start=0x120000000 end=0x3FF27FFFFFF size=0x1000000000 interleave_size=128MiB interleave_step=8192MiB
memory37 start=0x128000000 end=0x3FF2FFFFFFF size=0x1000000000 interleave_size=128MiB interleave_step=8192MiB
memory38 start=0x130000000 end=0x3FF37FFFFFF size=0x1000000000 interleave_size=128MiB interleave_step=8192MiB
memory39 start=0x138000000 end=0x3FF3FFFFFFF size=0x1000000000 interleave_size=128MiB interleave_step=8192MiB
memory40 start=0x140000000 end=0x3FF47FFFFFF size=0x1000000000 interleave_size=128MiB interleave_step=8192MiB
memory41 start=0x148000000 end=0x3FF4FFFFFFF size=0x1000000000 interleave_size=128MiB interleave_step=8192MiB
memory42 start=0x150000000 end=0x3FF57FFFFFF size=0x1000000000 interleave_size=128MiB interleave_step=8192MiB
memory43 start=0x158000000 end=0x3FF5FFFFFFF size=0x1000000000 interleave_size=128MiB interleave_step=8192MiB
memory44 start=0x160000000 end=0x3FF67FFFFFF size=0x1000000000 interleave_size=128MiB interleave_step=8192MiB
memory45 start=0x168000000 end=0x3FF6FFFFFFF size=0x1000000000 interleave_size=128MiB interleave_step=8192MiB
memory46 start=0x170000000 end=0x3FF77FFFFFF size=0x1000000000 interleave_size=128MiB interleave_step=8192MiB
memory47 start=0x178000000 end=0x3FF7FFFFFFF size=0x1000000000 interleave_size=128MiB interleave_step=8192MiB
memory48 start=0x180000000 end=0x3FF87FFFFFF size=0x1000000000 interleave_size=128MiB interleave_step=8192MiB
memory49 start=0x188000000 end=0x3FF8FFFFFFF size=0x1000000000 interleave_size=128MiB interleave_step=8192MiB
memory50 start=0x190000000 end=0x3FF97FFFFFF size=0x1000000000 interleave_size=128MiB interleave_step=8192MiB
memory51 start=0x198000000 end=0x3FF9FFFFFFF size=0x1000000000 interleave_size=128MiB interleave_step=8192MiB
memory52 start=0x1A0000000 end=0x3FFA7FFFFFF size=0x1000000000 interleave_size=128MiB interleave_step=8192MiB
memory53 start=0x1A8000000 end=0x3FFAFFFFFFF size=0x1000000000 interleave_size=128MiB interleave_step=8192MiB
memory54 start=0x1B0000000 end=0x3FFB7FFFFFF size=0x1000000000 interleave_size=128MiB interleave_step=8192MiB
memory55 start=0x1B8000000 end=0x3FFBFFFFFFF size=0x1000000000 interleave_size=128MiB interleave_step=8192MiB
memory56 start=0x1C0000000 end=0x3FFC7FFFFFF size=0x1000000000 interleave_size=128MiB interleave_step=8192MiB
memory57 start=0x1C8000000 end=0x3FFCFFFFFFF size=0x1000000000 interleave_size=128MiB interleave_step=8192MiB
memory58 start=0x1D0000000 end=0x3FFD7FFFFFF size=0x1000000000 interleave_size=128MiB interleave_step=8192MiB
memory59 start=0x1D8000000 end=0x3FFDFFFFFFF size=0x1000000000 interleave_size=128MiB interleave_step=8192MiB
memory60 start=0x1E0000000 end=0x3FFE7FFFFFF size=0x1000000000 interleave_size=128MiB interleave_step=8192MiB
memory61 start=0x1E8000000 end=0x3FFEFFFFFFF size=0x1000000000 interleave_size=128MiB interleave_step=8192MiB
memory62 start=0x1F0000000 end=0x3FFF7FFFFFF size=0x1000000000 interleave_size=128MiB interleave_step=8192MiB
memory63 start=0x1F8000000 end=0x3FFFFFFFFFF size=0x1000000000 interleave_size=128MiB interleave_step=8192MiB
Simulation is complete, simulated time: 175.616 us
