 core.pendCycle : Accumulator : Sum.u64 = 8176733; SumSQ.u64 = 130673687; Count.u64 = 514750; Min.u64 = 0; Max.u64 = 16; 
 core.reads : Accumulator : Sum.u64 = 1666; SumSQ.u64 = 1666; Count.u64 = 1666; Min.u64 = 1; Max.u64 = 1; 
 core.writes : Accumulator : Sum.u64 = 1036; SumSQ.u64 = 1036; Count.u64 = 1036; Min.u64 = 1; Max.u64 = 1; 
 core.flushes : Accumulator : Sum.u64 = 56; SumSQ.u64 = 56; Count.u64 = 56; Min.u64 = 1; Max.u64 = 1; 
 core.flushinvs : Accumulator : Sum.u64 = 68; SumSQ.u64 = 68; Count.u64 = 68; Min.u64 = 1; Max.u64 = 1; 
 core.flushcaches : Accumulator : Sum.u64 = 17; SumSQ.u64 = 17; Count.u64 = 17; Min.u64 = 1; Max.u64 = 1; 
 core.llsc : Accumulator : Sum.u64 = 78; SumSQ.u64 = 78; Count.u64 = 78; Min.u64 = 1; Max.u64 = 1; 
 core.llsc_success : Accumulator : Sum.u64 = 68; SumSQ.u64 = 68; Count.u64 = 68; Min.u64 = 1; Max.u64 = 1; 
 l1cache.default_stat : Accumulator : Sum.u64 = 0; SumSQ.u64 = 0; Count.u64 = 0; Min.u64 = 0; Max.u64 = 0; 
 l1cache.stateEvent_GetS_I : Accumulator : Sum.u64 = 1080; SumSQ.u64 = 1080; Count.u64 = 1080; Min.u64 = 1; Max.u64 = 1; 
 l1cache.stateEvent_GetS_S : Accumulator : Sum.u64 = 323; SumSQ.u64 = 323; Count.u64 = 323; Min.u64 = 1; Max.u64 = 1; 
 l1cache.stateEvent_GetS_M : Accumulator : Sum.u64 = 263; SumSQ.u64 = 263; Count.u64 = 263; Min.u64 = 1; Max.u64 = 1; 
 l1cache.stateEvent_GetX_I : Accumulator : Sum.u64 = 699; SumSQ.u64 = 699; Count.u64 = 699; Min.u64 = 1; Max.u64 = 1; 
 l1cache.stateEvent_GetX_S : Accumulator : Sum.u64 = 0; SumSQ.u64 = 0; Count.u64 = 0; Min.u64 = 0; Max.u64 = 0; 
 l1cache.stateEvent_GetX_M : Accumulator : Sum.u64 = 410; SumSQ.u64 = 410; Count.u64 = 410; Min.u64 = 1; Max.u64 = 1; 
 l1cache.stateEvent_GetSX_I : Accumulator : Sum.u64 = 53; SumSQ.u64 = 53; Count.u64 = 53; Min.u64 = 1; Max.u64 = 1; 
 l1cache.stateEvent_GetSX_S : Accumulator : Sum.u64 = 0; SumSQ.u64 = 0; Count.u64 = 0; Min.u64 = 0; Max.u64 = 0; 
 l1cache.stateEvent_GetSX_M : Accumulator : Sum.u64 = 26; SumSQ.u64 = 26; Count.u64 = 26; Min.u64 = 1; Max.u64 = 1; 
 l1cache.stateEvent_GetSResp_IS : Accumulator : Sum.u64 = 0; SumSQ.u64 = 0; Count.u64 = 0; Min.u64 = 0; Max.u64 = 0; 
 l1cache.stateEvent_GetXResp_IS : Accumulator : Sum.u64 = 1080; SumSQ.u64 = 1080; Count.u64 = 1080; Min.u64 = 1; Max.u64 = 1; 
 l1cache.stateEvent_GetXResp_IM : Accumulator : Sum.u64 = 752; SumSQ.u64 = 752; Count.u64 = 752; Min.u64 = 1; Max.u64 = 1; 
 l1cache.stateEvent_GetXResp_SM : Accumulator : Sum.u64 = 0; SumSQ.u64 = 0; Count.u64 = 0; Min.u64 = 0; Max.u64 = 0; 
 l1cache.stateEvent_Inv_I : Accumulator : Sum.u64 = 0; SumSQ.u64 = 0; Count.u64 = 0; Min.u64 = 0; Max.u64 = 0; 
 l1cache.stateEvent_Inv_S : Accumulator : Sum.u64 = 0; SumSQ.u64 = 0; Count.u64 = 0; Min.u64 = 0; Max.u64 = 0; 
 l1cache.stateEvent_Inv_IS : Accumulator : Sum.u64 = 0; SumSQ.u64 = 0; Count.u64 = 0; Min.u64 = 0; Max.u64 = 0; 
 l1cache.stateEvent_Inv_IM : Accumulator : Sum.u64 = 0; SumSQ.u64 = 0; Count.u64 = 0; Min.u64 = 0; Max.u64 = 0; 
 l1cache.stateEvent_Inv_SM : Accumulator : Sum.u64 = 0; SumSQ.u64 = 0; Count.u64 = 0; Min.u64 = 0; Max.u64 = 0; 
 l1cache.stateEvent_Inv_SB : Accumulator : Sum.u64 = 0; SumSQ.u64 = 0; Count.u64 = 0; Min.u64 = 0; Max.u64 = 0; 
 l1cache.stateEvent_Inv_IB : Accumulator : Sum.u64 = 0; SumSQ.u64 = 0; Count.u64 = 0; Min.u64 = 0; Max.u64 = 0; 
 l1cache.stateEvent_FetchInvX_I : Accumulator : Sum.u64 = 0; SumSQ.u64 = 0; Count.u64 = 0; Min.u64 = 0; Max.u64 = 0; 
 l1cache.stateEvent_FetchInvX_M : Accumulator : Sum.u64 = 0; SumSQ.u64 = 0; Count.u64 = 0; Min.u64 = 0; Max.u64 = 0; 
 l1cache.stateEvent_FetchInvX_IS : Accumulator : Sum.u64 = 0; SumSQ.u64 = 0; Count.u64 = 0; Min.u64 = 0; Max.u64 = 0; 
 l1cache.stateEvent_FetchInvX_IM : Accumulator : Sum.u64 = 0; SumSQ.u64 = 0; Count.u64 = 0; Min.u64 = 0; Max.u64 = 0; 
 l1cache.stateEvent_FetchInvX_SB : Accumulator : Sum.u64 = 0; SumSQ.u64 = 0; Count.u64 = 0; Min.u64 = 0; Max.u64 = 0; 
 l1cache.stateEvent_FetchInvX_IB : Accumulator : Sum.u64 = 0; SumSQ.u64 = 0; Count.u64 = 0; Min.u64 = 0; Max.u64 = 0; 
 l1cache.stateEvent_Fetch_I : Accumulator : Sum.u64 = 0; SumSQ.u64 = 0; Count.u64 = 0; Min.u64 = 0; Max.u64 = 0; 
 l1cache.stateEvent_Fetch_S : Accumulator : Sum.u64 = 0; SumSQ.u64 = 0; Count.u64 = 0; Min.u64 = 0; Max.u64 = 0; 
 l1cache.stateEvent_Fetch_IS : Accumulator : Sum.u64 = 0; SumSQ.u64 = 0; Count.u64 = 0; Min.u64 = 0; Max.u64 = 0; 
 l1cache.stateEvent_Fetch_IM : Accumulator : Sum.u64 = 0; SumSQ.u64 = 0; Count.u64 = 0; Min.u64 = 0; Max.u64 = 0; 
 l1cache.stateEvent_Fetch_SM : Accumulator : Sum.u64 = 0; SumSQ.u64 = 0; Count.u64 = 0; Min.u64 = 0; Max.u64 = 0; 
 l1cache.stateEvent_Fetch_IB : Accumulator : Sum.u64 = 0; SumSQ.u64 = 0; Count.u64 = 0; Min.u64 = 0; Max.u64 = 0; 
 l1cache.stateEvent_Fetch_SB : Accumulator : Sum.u64 = 0; SumSQ.u64 = 0; Count.u64 = 0; Min.u64 = 0; Max.u64 = 0; 
 l1cache.stateEvent_FetchInv_I : Accumulator : Sum.u64 = 0; SumSQ.u64 = 0; Count.u64 = 0; Min.u64 = 0; Max.u64 = 0; 
 l1cache.stateEvent_FetchInv_S : Accumulator : Sum.u64 = 0; SumSQ.u64 = 0; Count.u64 = 0; Min.u64 = 0; Max.u64 = 0; 
 l1cache.stateEvent_FetchInv_M : Accumulator : Sum.u64 = 0; SumSQ.u64 = 0; Count.u64 = 0; Min.u64 = 0; Max.u64 = 0; 
 l1cache.stateEvent_FetchInv_IS : Accumulator : Sum.u64 = 0; SumSQ.u64 = 0; Count.u64 = 0; Min.u64 = 0; Max.u64 = 0; 
 l1cache.stateEvent_FetchInv_IM : Accumulator : Sum.u64 = 0; SumSQ.u64 = 0; Count.u64 = 0; Min.u64 = 0; Max.u64 = 0; 
 l1cache.stateEvent_FetchInv_SM : Accumulator : Sum.u64 = 0; SumSQ.u64 = 0; Count.u64 = 0; Min.u64 = 0; Max.u64 = 0; 
 l1cache.stateEvent_FetchInv_SB : Accumulator : Sum.u64 = 0; SumSQ.u64 = 0; Count.u64 = 0; Min.u64 = 0; Max.u64 = 0; 
 l1cache.stateEvent_FetchInv_IB : Accumulator : Sum.u64 = 0; SumSQ.u64 = 0; Count.u64 = 0; Min.u64 = 0; Max.u64 = 0; 
 l1cache.stateEvent_ForceInv_I : Accumulator : Sum.u64 = 0; SumSQ.u64 = 0; Count.u64 = 0; Min.u64 = 0; Max.u64 = 0; 
 l1cache.stateEvent_ForceInv_S : Accumulator : Sum.u64 = 0; SumSQ.u64 = 0; Count.u64 = 0; Min.u64 = 0; Max.u64 = 0; 
 l1cache.stateEvent_ForceInv_M : Accumulator : Sum.u64 = 0; SumSQ.u64 = 0; Count.u64 = 0; Min.u64 = 0; Max.u64 = 0; 
 l1cache.stateEvent_ForceInv_IS : Accumulator : Sum.u64 = 0; SumSQ.u64 = 0; Count.u64 = 0; Min.u64 = 0; Max.u64 = 0; 
 l1cache.stateEvent_ForceInv_IM : Accumulator : Sum.u64 = 0; SumSQ.u64 = 0; Count.u64 = 0; Min.u64 = 0; Max.u64 = 0; 
 l1cache.stateEvent_ForceInv_SM : Accumulator : Sum.u64 = 0; SumSQ.u64 = 0; Count.u64 = 0; Min.u64 = 0; Max.u64 = 0; 
 l1cache.stateEvent_ForceInv_SB : Accumulator : Sum.u64 = 0; SumSQ.u64 = 0; Count.u64 = 0; Min.u64 = 0; Max.u64 = 0; 
 l1cache.stateEvent_ForceInv_IB : Accumulator : Sum.u64 = 0; SumSQ.u64 = 0; Count.u64 = 0; Min.u64 = 0; Max.u64 = 0; 
 l1cache.stateEvent_FlushLine_I : Accumulator : Sum.u64 = 37; SumSQ.u64 = 37; Count.u64 = 37; Min.u64 = 1; Max.u64 = 1; 
 l1cache.stateEvent_FlushLine_S : Accumulator : Sum.u64 = 7; SumSQ.u64 = 7; Count.u64 = 7; Min.u64 = 1; Max.u64 = 1; 
 l1cache.stateEvent_FlushLine_M : Accumulator : Sum.u64 = 12; SumSQ.u64 = 12; Count.u64 = 12; Min.u64 = 1; Max.u64 = 1; 
 l1cache.stateEvent_FlushLineInv_I : Accumulator : Sum.u64 = 49; SumSQ.u64 = 49; Count.u64 = 49; Min.u64 = 1; Max.u64 = 1; 
 l1cache.stateEvent_FlushLineInv_S : Accumulator : Sum.u64 = 7; SumSQ.u64 = 7; Count.u64 = 7; Min.u64 = 1; Max.u64 = 1; 
 l1cache.stateEvent_FlushLineInv_M : Accumulator : Sum.u64 = 12; SumSQ.u64 = 12; Count.u64 = 12; Min.u64 = 1; Max.u64 = 1; 
 l1cache.stateEvent_FlushLineResp_I : Accumulator : Sum.u64 = 86; SumSQ.u64 = 86; Count.u64 = 86; Min.u64 = 1; Max.u64 = 1; 
 l1cache.stateEvent_FlushLineResp_IB : Accumulator : Sum.u64 = 19; SumSQ.u64 = 19; Count.u64 = 19; Min.u64 = 1; Max.u64 = 1; 
 l1cache.stateEvent_FlushLineResp_SB : Accumulator : Sum.u64 = 19; SumSQ.u64 = 19; Count.u64 = 19; Min.u64 = 1; Max.u64 = 1; 
 l1cache.eventSent_GetS : Accumulator : Sum.u64 = 1080; SumSQ.u64 = 1080; Count.u64 = 1080; Min.u64 = 1; Max.u64 = 1; 
 l1cache.eventSent_GetX : Accumulator : Sum.u64 = 699; SumSQ.u64 = 699; Count.u64 = 699; Min.u64 = 1; Max.u64 = 1; 
 l1cache.eventSent_GetSX : Accumulator : Sum.u64 = 53; SumSQ.u64 = 53; Count.u64 = 53; Min.u64 = 1; Max.u64 = 1; 
 l1cache.eventSent_Write : Accumulator : Sum.u64 = 0; SumSQ.u64 = 0; Count.u64 = 0; Min.u64 = 0; Max.u64 = 0; 
 l1cache.eventSent_PutM : Accumulator : Sum.u64 = 896; SumSQ.u64 = 896; Count.u64 = 896; Min.u64 = 1; Max.u64 = 1; 
 l1cache.eventSent_NACK : Accumulator : Sum.u64 = 0; SumSQ.u64 = 0; Count.u64 = 0; Min.u64 = 0; Max.u64 = 0; 
 l1cache.eventSent_FlushLine : Accumulator : Sum.u64 = 56; SumSQ.u64 = 56; Count.u64 = 56; Min.u64 = 1; Max.u64 = 1; 
 l1cache.eventSent_FlushLineInv : Accumulator : Sum.u64 = 68; SumSQ.u64 = 68; Count.u64 = 68; Min.u64 = 1; Max.u64 = 1; 
 l1cache.eventSent_FlushAll : Accumulator : Sum.u64 = 0; SumSQ.u64 = 0; Count.u64 = 0; Min.u64 = 0; Max.u64 = 0; 
 l1cache.eventSent_FetchResp : Accumulator : Sum.u64 = 0; SumSQ.u64 = 0; Count.u64 = 0; Min.u64 = 0; Max.u64 = 0; 
 l1cache.eventSent_FetchXResp : Accumulator : Sum.u64 = 0; SumSQ.u64 = 0; Count.u64 = 0; Min.u64 = 0; Max.u64 = 0; 
 l1cache.eventSent_AckInv : Accumulator : Sum.u64 = 0; SumSQ.u64 = 0; Count.u64 = 0; Min.u64 = 0; Max.u64 = 0; 
 l1cache.eventSent_AckFlush : Accumulator : Sum.u64 = 0; SumSQ.u64 = 0; Count.u64 = 0; Min.u64 = 0; Max.u64 = 0; 
 l1cache.eventSent_GetSResp : Accumulator : Sum.u64 = 1666; SumSQ.u64 = 1666; Count.u64 = 1666; Min.u64 = 1; Max.u64 = 1; 
 l1cache.eventSent_GetXResp : Accumulator : Sum.u64 = 79; SumSQ.u64 = 79; Count.u64 = 79; Min.u64 = 1; Max.u64 = 1; 
 l1cache.eventSent_WriteResp : Accumulator : Sum.u64 = 1114; SumSQ.u64 = 1114; Count.u64 = 1114; Min.u64 = 1; Max.u64 = 1; 
 l1cache.eventSent_FlushLineResp : Accumulator : Sum.u64 = 124; SumSQ.u64 = 124; Count.u64 = 124; Min.u64 = 1; Max.u64 = 1; 
 l1cache.eventSent_FlushAllResp : Accumulator : Sum.u64 = 17; SumSQ.u64 = 17; Count.u64 = 17; Min.u64 = 1; Max.u64 = 1; 
 l1cache.eventSent_Put : Accumulator : Sum.u64 = 0; SumSQ.u64 = 0; Count.u64 = 0; Min.u64 = 0; Max.u64 = 0; 
 l1cache.eventSent_Get : Accumulator : Sum.u64 = 0; SumSQ.u64 = 0; Count.u64 = 0; Min.u64 = 0; Max.u64 = 0; 
 l1cache.eventSent_AckMove : Accumulator : Sum.u64 = 0; SumSQ.u64 = 0; Count.u64 = 0; Min.u64 = 0; Max.u64 = 0; 
 l1cache.eventSent_CustomReq : Accumulator : Sum.u64 = 0; SumSQ.u64 = 0; Count.u64 = 0; Min.u64 = 0; Max.u64 = 0; 
 l1cache.eventSent_CustomResp : Accumulator : Sum.u64 = 0; SumSQ.u64 = 0; Count.u64 = 0; Min.u64 = 0; Max.u64 = 0; 
 l1cache.eventSent_CustomAck : Accumulator : Sum.u64 = 0; SumSQ.u64 = 0; Count.u64 = 0; Min.u64 = 0; Max.u64 = 0; 
 l1cache.EventStalledForLockedCacheline : Accumulator : Sum.u64 = 0; SumSQ.u64 = 0; Count.u64 = 0; Min.u64 = 0; Max.u64 = 0; 
 l1cache.evict_I : Accumulator : Sum.u64 = 705; SumSQ.u64 = 705; Count.u64 = 705; Min.u64 = 1; Max.u64 = 1; 
 l1cache.evict_S : Accumulator : Sum.u64 = 896; SumSQ.u64 = 896; Count.u64 = 896; Min.u64 = 1; Max.u64 = 1; 
 l1cache.evict_M : Accumulator : Sum.u64 = 897; SumSQ.u64 = 897; Count.u64 = 897; Min.u64 = 1; Max.u64 = 1; 
 l1cache.evict_IS : Accumulator : Sum.u64 = 113; SumSQ.u64 = 113; Count.u64 = 113; Min.u64 = 1; Max.u64 = 1; 
 l1cache.evict_IM : Accumulator : Sum.u64 = 49; SumSQ.u64 = 49; Count.u64 = 49; Min.u64 = 1; Max.u64 = 1; 
 l1cache.evict_SM : Accumulator : Sum.u64 = 0; SumSQ.u64 = 0; Count.u64 = 0; Min.u64 = 0; Max.u64 = 0; 
 l1cache.evict_SB : Accumulator : Sum.u64 = 23; SumSQ.u64 = 23; Count.u64 = 23; Min.u64 = 1; Max.u64 = 1; 
 l1cache.latency_GetS_hit : Accumulator : Sum.u64 = 444722; SumSQ.u64 = 1784849394; Count.u64 = 586; Min.u64 = 4; Max.u64 = 10454; 
 l1cache.latency_GetS_miss : Accumulator : Sum.u64 = 4115153; SumSQ.u64 = 16877871723; Count.u64 = 1080; Min.u64 = 3504; Max.u64 = 10624; 
 l1cache.latency_GetX_hit : Accumulator : Sum.u64 = 453822; SumSQ.u64 = 1674249938; Count.u64 = 410; Min.u64 = 4; Max.u64 = 7000; 
 l1cache.latency_GetX_miss : Accumulator : Sum.u64 = 2703023; SumSQ.u64 = 11341454189; Count.u64 = 699; Min.u64 = 3504; Max.u64 = 10577; 
 l1cache.latency_GetX_upgrade : Accumulator : Sum.u64 = 0; SumSQ.u64 = 0; Count.u64 = 0; Min.u64 = 0; Max.u64 = 0; 
 l1cache.latency_GetSX_hit : Accumulator : Sum.u64 = 14090; SumSQ.u64 = 48612296; Count.u64 = 26; Min.u64 = 4; Max.u64 = 3506; 
 l1cache.latency_GetSX_miss : Accumulator : Sum.u64 = 207718; SumSQ.u64 = 879150290; Count.u64 = 53; Min.u64 = 3505; Max.u64 = 7067; 
 l1cache.latency_GetSX_upgrade : Accumulator : Sum.u64 = 0; SumSQ.u64 = 0; Count.u64 = 0; Min.u64 = 0; Max.u64 = 0; 
 l1cache.latency_FlushLine : Accumulator : Sum.u64 = 56292; SumSQ.u64 = 220096626; Count.u64 = 56; Min.u64 = 6; Max.u64 = 6953; 
 l1cache.latency_FlushLine_fail : Accumulator : Sum.u64 = 0; SumSQ.u64 = 0; Count.u64 = 0; Min.u64 = 0; Max.u64 = 0; 
 l1cache.latency_FlushLineInv : Accumulator : Sum.u64 = 112478; SumSQ.u64 = 687555246; Count.u64 = 68; Min.u64 = 6; Max.u64 = 10532; 
 l1cache.latency_FlushLineInv_fail : Accumulator : Sum.u64 = 0; SumSQ.u64 = 0; Count.u64 = 0; Min.u64 = 0; Max.u64 = 0; 
 l1cache.latency_FlushAll : Accumulator : Sum.u64 = 0; SumSQ.u64 = 0; Count.u64 = 0; Min.u64 = 0; Max.u64 = 0; 
 l1cache.GetSHit_Arrival : Accumulator : Sum.u64 = 389; SumSQ.u64 = 389; Count.u64 = 389; Min.u64 = 1; Max.u64 = 1; 
 l1cache.GetXHit_Arrival : Accumulator : Sum.u64 = 227; SumSQ.u64 = 227; Count.u64 = 227; Min.u64 = 1; Max.u64 = 1; 
 l1cache.GetSXHit_Arrival : Accumulator : Sum.u64 = 20; SumSQ.u64 = 20; Count.u64 = 20; Min.u64 = 1; Max.u64 = 1; 
 l1cache.GetSHit_Blocked : Accumulator : Sum.u64 = 197; SumSQ.u64 = 197; Count.u64 = 197; Min.u64 = 1; Max.u64 = 1; 
 l1cache.GetXHit_Blocked : Accumulator : Sum.u64 = 183; SumSQ.u64 = 183; Count.u64 = 183; Min.u64 = 1; Max.u64 = 1; 
 l1cache.GetSXHit_Blocked : Accumulator : Sum.u64 = 6; SumSQ.u64 = 6; Count.u64 = 6; Min.u64 = 1; Max.u64 = 1; 
 l1cache.GetSMiss_Arrival : Accumulator : Sum.u64 = 973; SumSQ.u64 = 973; Count.u64 = 973; Min.u64 = 1; Max.u64 = 1; 
 l1cache.GetXMiss_Arrival : Accumulator : Sum.u64 = 640; SumSQ.u64 = 640; Count.u64 = 640; Min.u64 = 1; Max.u64 = 1; 
 l1cache.GetSXMiss_Arrival : Accumulator : Sum.u64 = 46; SumSQ.u64 = 46; Count.u64 = 46; Min.u64 = 1; Max.u64 = 1; 
 l1cache.GetSMiss_Blocked : Accumulator : Sum.u64 = 107; SumSQ.u64 = 107; Count.u64 = 107; Min.u64 = 1; Max.u64 = 1; 
 l1cache.GetXMiss_Blocked : Accumulator : Sum.u64 = 59; SumSQ.u64 = 59; Count.u64 = 59; Min.u64 = 1; Max.u64 = 1; 
 l1cache.GetSXMiss_Blocked : Accumulator : Sum.u64 = 7; SumSQ.u64 = 7; Count.u64 = 7; Min.u64 = 1; Max.u64 = 1; 
 l1cache.CacheHits : Accumulator : Sum.u64 = 1022; SumSQ.u64 = 1022; Count.u64 = 1022; Min.u64 = 1; Max.u64 = 1; 
 l1cache.CacheMisses : Accumulator : Sum.u64 = 1832; SumSQ.u64 = 1832; Count.u64 = 1832; Min.u64 = 1; Max.u64 = 1; 
 l1cache.stateEvent_AckPut_I : Accumulator : Sum.u64 = 0; SumSQ.u64 = 0; Count.u64 = 0; Min.u64 = 0; Max.u64 = 0; 
 l1cache.eventSent_PutS : Accumulator : Sum.u64 = 894; SumSQ.u64 = 894; Count.u64 = 894; Min.u64 = 1; Max.u64 = 1; 
 l1cache.eventSent_PutE : Accumulator : Sum.u64 = 0; SumSQ.u64 = 0; Count.u64 = 0; Min.u64 = 0; Max.u64 = 0; 
 l1cache.TotalEventsReceived : Accumulator : Sum.u64 = 4956; SumSQ.u64 = 4956; Count.u64 = 4956; Min.u64 = 1; Max.u64 = 1; 
 l1cache.TotalEventsReplayed : Accumulator : Sum.u64 = 1312; SumSQ.u64 = 1312; Count.u64 = 1312; Min.u64 = 1; Max.u64 = 1; 
 l1cache.Put_uncache_recv : Accumulator : Sum.u64 = 0; SumSQ.u64 = 0; Count.u64 = 0; Min.u64 = 0; Max.u64 = 0; 
 l1cache.Get_uncache_recv : Accumulator : Sum.u64 = 0; SumSQ.u64 = 0; Count.u64 = 0; Min.u64 = 0; Max.u64 = 0; 
 l1cache.AckMove_uncache_recv : Accumulator : Sum.u64 = 0; SumSQ.u64 = 0; Count.u64 = 0; Min.u64 = 0; Max.u64 = 0; 
 l1cache.GetS_uncache_recv : Accumulator : Sum.u64 = 0; SumSQ.u64 = 0; Count.u64 = 0; Min.u64 = 0; Max.u64 = 0; 
 l1cache.Write_uncache_recv : Accumulator : Sum.u64 = 0; SumSQ.u64 = 0; Count.u64 = 0; Min.u64 = 0; Max.u64 = 0; 
 l1cache.GetSX_uncache_recv : Accumulator : Sum.u64 = 0; SumSQ.u64 = 0; Count.u64 = 0; Min.u64 = 0; Max.u64 = 0; 
 l1cache.GetSResp_uncache_recv : Accumulator : Sum.u64 = 0; SumSQ.u64 = 0; Count.u64 = 0; Min.u64 = 0; Max.u64 = 0; 
 l1cache.WriteResp_uncache_recv : Accumulator : Sum.u64 = 0; SumSQ.u64 = 0; Count.u64 = 0; Min.u64 = 0; Max.u64 = 0; 
 l1cache.CustomReq_uncache_recv : Accumulator : Sum.u64 = 0; SumSQ.u64 = 0; Count.u64 = 0; Min.u64 = 0; Max.u64 = 0; 
 l1cache.CustomResp_uncache_recv : Accumulator : Sum.u64 = 0; SumSQ.u64 = 0; Count.u64 = 0; Min.u64 = 0; Max.u64 = 0; 
 l1cache.CustomAck_uncache_recv : Accumulator : Sum.u64 = 0; SumSQ.u64 = 0; Count.u64 = 0; Min.u64 = 0; Max.u64 = 0; 
 l1cache.NULLCMD_recv : Accumulator : Sum.u64 = 0; SumSQ.u64 = 0; Count.u64 = 0; Min.u64 = 0; Max.u64 = 0; 
 l1cache.GetS_recv : Accumulator : Sum.u64 = 1666; SumSQ.u64 = 1666; Count.u64 = 1666; Min.u64 = 1; Max.u64 = 1; 
 l1cache.GetX_recv : Accumulator : Sum.u64 = 0; SumSQ.u64 = 0; Count.u64 = 0; Min.u64 = 0; Max.u64 = 0; 
 l1cache.GetSX_recv : Accumulator : Sum.u64 = 79; SumSQ.u64 = 79; Count.u64 = 79; Min.u64 = 1; Max.u64 = 1; 
 l1cache.Write_recv : Accumulator : Sum.u64 = 1114; SumSQ.u64 = 1114; Count.u64 = 1114; Min.u64 = 1; Max.u64 = 1; 
 l1cache.FlushLine_recv : Accumulator : Sum.u64 = 56; SumSQ.u64 = 56; Count.u64 = 56; Min.u64 = 1; Max.u64 = 1; 
 l1cache.FlushLineInv_recv : Accumulator : Sum.u64 = 68; SumSQ.u64 = 68; Count.u64 = 68; Min.u64 = 1; Max.u64 = 1; 
 l1cache.FlushAll_recv : Accumulator : Sum.u64 = 17; SumSQ.u64 = 17; Count.u64 = 17; Min.u64 = 1; Max.u64 = 1; 
 l1cache.GetSResp_recv : Accumulator : Sum.u64 = 0; SumSQ.u64 = 0; Count.u64 = 0; Min.u64 = 0; Max.u64 = 0; 
 l1cache.GetXResp_recv : Accumulator : Sum.u64 = 1832; SumSQ.u64 = 1832; Count.u64 = 1832; Min.u64 = 1; Max.u64 = 1; 
 l1cache.FlushLineResp_recv : Accumulator : Sum.u64 = 124; SumSQ.u64 = 124; Count.u64 = 124; Min.u64 = 1; Max.u64 = 1; 
 l1cache.FlushAllResp_recv : Accumulator : Sum.u64 = 0; SumSQ.u64 = 0; Count.u64 = 0; Min.u64 = 0; Max.u64 = 0; 
 l1cache.Inv_recv : Accumulator : Sum.u64 = 0; SumSQ.u64 = 0; Count.u64 = 0; Min.u64 = 0; Max.u64 = 0; 
 l1cache.ForceInv_recv : Accumulator : Sum.u64 = 0; SumSQ.u64 = 0; Count.u64 = 0; Min.u64 = 0; Max.u64 = 0; 
 l1cache.Fetch_recv : Accumulator : Sum.u64 = 0; SumSQ.u64 = 0; Count.u64 = 0; Min.u64 = 0; Max.u64 = 0; 
 l1cache.FetchInv_recv : Accumulator : Sum.u64 = 0; SumSQ.u64 = 0; Count.u64 = 0; Min.u64 = 0; Max.u64 = 0; 
 l1cache.FetchInvX_recv : Accumulator : Sum.u64 = 0; SumSQ.u64 = 0; Count.u64 = 0; Min.u64 = 0; Max.u64 = 0; 
 l1cache.ForwardFlush_recv : Accumulator : Sum.u64 = 0; SumSQ.u64 = 0; Count.u64 = 0; Min.u64 = 0; Max.u64 = 0; 
 l1cache.UnblockFlush_recv : Accumulator : Sum.u64 = 0; SumSQ.u64 = 0; Count.u64 = 0; Min.u64 = 0; Max.u64 = 0; 
 l1cache.NACK_recv : Accumulator : Sum.u64 = 0; SumSQ.u64 = 0; Count.u64 = 0; Min.u64 = 0; Max.u64 = 0; 
 l1cache.AckPut_recv : Accumulator : Sum.u64 = 0; SumSQ.u64 = 0; Count.u64 = 0; Min.u64 = 0; Max.u64 = 0; 
 l1cache.MSHR_occupancy : Accumulator : Sum.u64 = 7806024; SumSQ.u64 = 122123222; Count.u64 = 514750; Min.u64 = 0; Max.u64 = 16; 
 l1cache.Bank_conflicts : Accumulator : Sum.u64 = 0; SumSQ.u64 = 0; Count.u64 = 0; Min.u64 = 0; Max.u64 = 0; 
 memory.requests_received_GetS : Accumulator : Sum.u64 = 1080; SumSQ.u64 = 1080; Count.u64 = 1080; Min.u64 = 1; Max.u64 = 1; 
 memory.requests_received_GetSX : Accumulator : Sum.u64 = 53; SumSQ.u64 = 53; Count.u64 = 53; Min.u64 = 1; Max.u64 = 1; 
 memory.requests_received_GetX : Accumulator : Sum.u64 = 699; SumSQ.u64 = 699; Count.u64 = 699; Min.u64 = 1; Max.u64 = 1; 
 memory.requests_received_Write : Accumulator : Sum.u64 = 0; SumSQ.u64 = 0; Count.u64 = 0; Min.u64 = 0; Max.u64 = 0; 
 memory.requests_received_PutM : Accumulator : Sum.u64 = 927; SumSQ.u64 = 927; Count.u64 = 927; Min.u64 = 1; Max.u64 = 1; 
 memory.outstanding_requests : Accumulator : Sum.u64 = 2771796; SumSQ.u64 = 57296964; Count.u64 = 147218; Min.u64 = 0; Max.u64 = 35; 
 memory.latency_GetS : Accumulator : Sum.u64 = 1085435; SumSQ.u64 = 1090954741; Count.u64 = 1080; Min.u64 = 1001; Max.u64 = 1033; 
 memory.latency_GetSX : Accumulator : Sum.u64 = 53283; SumSQ.u64 = 53570217; Count.u64 = 53; Min.u64 = 1001; Max.u64 = 1026; 
 memory.latency_GetX : Accumulator : Sum.u64 = 702387; SumSQ.u64 = 705824197; Count.u64 = 699; Min.u64 = 1001; Max.u64 = 1034; 
 memory.latency_Write : Accumulator : Sum.u64 = 0; SumSQ.u64 = 0; Count.u64 = 0; Min.u64 = 0; Max.u64 = 0; 
 memory.latency_PutM : Accumulator : Sum.u64 = 930691; SumSQ.u64 = 934415273; Count.u64 = 927; Min.u64 = 1001; Max.u64 = 1022; 
 memory.cycles_with_issue : Accumulator : Sum.u64 = 2759; SumSQ.u64 = 2759; Count.u64 = 2759; Min.u64 = 1; Max.u64 = 1; 
 memory.cycles_attempted_issue_but_rejected : Accumulator : Sum.u64 = 0; SumSQ.u64 = 0; Count.u64 = 0; Min.u64 = 0; Max.u64 = 0; 
 memory.total_cycles : Accumulator : Sum.u64 = 147218; SumSQ.u64 = 21673139524; Count.u64 = 1; Min.u64 = 147218; Max.u64 = 147218; 
Simulation is complete, simulated time: 147.218 us
