 core.pendCycle : Accumulator : Sum.u64 = 15390599; SumSQ.u64 = 245736019; Count.u64 = 966704; Min.u64 = 0; Max.u64 = 16; 
 core.reads : Accumulator : Sum.u64 = 1737; SumSQ.u64 = 1737; Count.u64 = 1737; Min.u64 = 1; Max.u64 = 1; 
 core.writes : Accumulator : Sum.u64 = 991; SumSQ.u64 = 991; Count.u64 = 991; Min.u64 = 1; Max.u64 = 1; 
 core.flushes : Accumulator : Sum.u64 = 53; SumSQ.u64 = 53; Count.u64 = 53; Min.u64 = 1; Max.u64 = 1; 
 core.flushinvs : Accumulator : Sum.u64 = 61; SumSQ.u64 = 61; Count.u64 = 61; Min.u64 = 1; Max.u64 = 1; 
 core.flushcaches : Accumulator : Sum.u64 = 14; SumSQ.u64 = 14; Count.u64 = 14; Min.u64 = 1; Max.u64 = 1; 
 core.llsc : Accumulator : Sum.u64 = 72; SumSQ.u64 = 72; Count.u64 = 72; Min.u64 = 1; Max.u64 = 1; 
 core.llsc_success : Accumulator : Sum.u64 = 69; SumSQ.u64 = 69; Count.u64 = 69; Min.u64 = 1; Max.u64 = 1; 
 l1cache.default_stat : Accumulator : Sum.u64 = 0; SumSQ.u64 = 0; Count.u64 = 0; Min.u64 = 0; Max.u64 = 0; 
 l1cache.stateEvent_GetS_I : Accumulator : Sum.u64 = 1101; SumSQ.u64 = 1101; Count.u64 = 1101; Min.u64 = 1; Max.u64 = 1; 
 l1cache.stateEvent_GetS_S : Accumulator : Sum.u64 = 335; SumSQ.u64 = 335; Count.u64 = 335; Min.u64 = 1; Max.u64 = 1; 
 l1cache.stateEvent_GetS_M : Accumulator : Sum.u64 = 301; SumSQ.u64 = 301; Count.u64 = 301; Min.u64 = 1; Max.u64 = 1; 
 l1cache.stateEvent_GetX_I : Accumulator : Sum.u64 = 621; SumSQ.u64 = 621; Count.u64 = 621; Min.u64 = 1; Max.u64 = 1; 
 l1cache.stateEvent_GetX_S : Accumulator : Sum.u64 = 206; SumSQ.u64 = 206; Count.u64 = 206; Min.u64 = 1; Max.u64 = 1; 
 l1cache.stateEvent_GetX_M : Accumulator : Sum.u64 = 233; SumSQ.u64 = 233; Count.u64 = 233; Min.u64 = 1; Max.u64 = 1; 
 l1cache.stateEvent_GetSX_I : Accumulator : Sum.u64 = 48; SumSQ.u64 = 48; Count.u64 = 48; Min.u64 = 1; Max.u64 = 1; 
 l1cache.stateEvent_GetSX_S : Accumulator : Sum.u64 = 15; SumSQ.u64 = 15; Count.u64 = 15; Min.u64 = 1; Max.u64 = 1; 
 l1cache.stateEvent_GetSX_M : Accumulator : Sum.u64 = 9; SumSQ.u64 = 9; Count.u64 = 9; Min.u64 = 1; Max.u64 = 1; 
 l1cache.stateEvent_GetSResp_IS : Accumulator : Sum.u64 = 1101; SumSQ.u64 = 1101; Count.u64 = 1101; Min.u64 = 1; Max.u64 = 1; 
 l1cache.stateEvent_GetXResp_IS : Accumulator : Sum.u64 = 0; SumSQ.u64 = 0; Count.u64 = 0; Min.u64 = 0; Max.u64 = 0; 
 l1cache.stateEvent_GetXResp_IM : Accumulator : Sum.u64 = 669; SumSQ.u64 = 669; Count.u64 = 669; Min.u64 = 1; Max.u64 = 1; 
 l1cache.stateEvent_GetXResp_SM : Accumulator : Sum.u64 = 221; SumSQ.u64 = 221; Count.u64 = 221; Min.u64 = 1; Max.u64 = 1; 
 l1cache.stateEvent_Inv_I : Accumulator : Sum.u64 = 0; SumSQ.u64 = 0; Count.u64 = 0; Min.u64 = 0; Max.u64 = 0; 
 l1cache.stateEvent_Inv_S : Accumulator : Sum.u64 = 0; SumSQ.u64 = 0; Count.u64 = 0; Min.u64 = 0; Max.u64 = 0; 
 l1cache.stateEvent_Inv_IS : Accumulator : Sum.u64 = 0; SumSQ.u64 = 0; Count.u64 = 0; Min.u64 = 0; Max.u64 = 0; 
 l1cache.stateEvent_Inv_IM : Accumulator : Sum.u64 = 0; SumSQ.u64 = 0; Count.u64 = 0; Min.u64 = 0; Max.u64 = 0; 
 l1cache.stateEvent_Inv_SM : Accumulator : Sum.u64 = 0; SumSQ.u64 = 0; Count.u64 = 0; Min.u64 = 0; Max.u64 = 0; 
 l1cache.stateEvent_Inv_SB : Accumulator : Sum.u64 = 0; SumSQ.u64 = 0; Count.u64 = 0; Min.u64 = 0; Max.u64 = 0; 
 l1cache.stateEvent_Inv_IB : Accumulator : Sum.u64 = 0; SumSQ.u64 = 0; Count.u64 = 0; Min.u64 = 0; Max.u64 = 0; 
 l1cache.stateEvent_FetchInvX_I : Accumulator : Sum.u64 = 0; SumSQ.u64 = 0; Count.u64 = 0; Min.u64 = 0; Max.u64 = 0; 
 l1cache.stateEvent_FetchInvX_M : Accumulator : Sum.u64 = 0; SumSQ.u64 = 0; Count.u64 = 0; Min.u64 = 0; Max.u64 = 0; 
 l1cache.stateEvent_FetchInvX_IS : Accumulator : Sum.u64 = 0; SumSQ.u64 = 0; Count.u64 = 0; Min.u64 = 0; Max.u64 = 0; 
 l1cache.stateEvent_FetchInvX_IM : Accumulator : Sum.u64 = 0; SumSQ.u64 = 0; Count.u64 = 0; Min.u64 = 0; Max.u64 = 0; 
 l1cache.stateEvent_FetchInvX_SB : Accumulator : Sum.u64 = 0; SumSQ.u64 = 0; Count.u64 = 0; Min.u64 = 0; Max.u64 = 0; 
 l1cache.stateEvent_FetchInvX_IB : Accumulator : Sum.u64 = 0; SumSQ.u64 = 0; Count.u64 = 0; Min.u64 = 0; Max.u64 = 0; 
 l1cache.stateEvent_Fetch_I : Accumulator : Sum.u64 = 0; SumSQ.u64 = 0; Count.u64 = 0; Min.u64 = 0; Max.u64 = 0; 
 l1cache.stateEvent_Fetch_S : Accumulator : Sum.u64 = 0; SumSQ.u64 = 0; Count.u64 = 0; Min.u64 = 0; Max.u64 = 0; 
 l1cache.stateEvent_Fetch_IS : Accumulator : Sum.u64 = 0; SumSQ.u64 = 0; Count.u64 = 0; Min.u64 = 0; Max.u64 = 0; 
 l1cache.stateEvent_Fetch_IM : Accumulator : Sum.u64 = 0; SumSQ.u64 = 0; Count.u64 = 0; Min.u64 = 0; Max.u64 = 0; 
 l1cache.stateEvent_Fetch_SM : Accumulator : Sum.u64 = 0; SumSQ.u64 = 0; Count.u64 = 0; Min.u64 = 0; Max.u64 = 0; 
 l1cache.stateEvent_Fetch_IB : Accumulator : Sum.u64 = 0; SumSQ.u64 = 0; Count.u64 = 0; Min.u64 = 0; Max.u64 = 0; 
 l1cache.stateEvent_Fetch_SB : Accumulator : Sum.u64 = 0; SumSQ.u64 = 0; Count.u64 = 0; Min.u64 = 0; Max.u64 = 0; 
 l1cache.stateEvent_FetchInv_I : Accumulator : Sum.u64 = 0; SumSQ.u64 = 0; Count.u64 = 0; Min.u64 = 0; Max.u64 = 0; 
 l1cache.stateEvent_FetchInv_S : Accumulator : Sum.u64 = 0; SumSQ.u64 = 0; Count.u64 = 0; Min.u64 = 0; Max.u64 = 0; 
 l1cache.stateEvent_FetchInv_M : Accumulator : Sum.u64 = 0; SumSQ.u64 = 0; Count.u64 = 0; Min.u64 = 0; Max.u64 = 0; 
 l1cache.stateEvent_FetchInv_IS : Accumulator : Sum.u64 = 0; SumSQ.u64 = 0; Count.u64 = 0; Min.u64 = 0; Max.u64 = 0; 
 l1cache.stateEvent_FetchInv_IM : Accumulator : Sum.u64 = 0; SumSQ.u64 = 0; Count.u64 = 0; Min.u64 = 0; Max.u64 = 0; 
 l1cache.stateEvent_FetchInv_SM : Accumulator : Sum.u64 = 0; SumSQ.u64 = 0; Count.u64 = 0; Min.u64 = 0; Max.u64 = 0; 
 l1cache.stateEvent_FetchInv_SB : Accumulator : Sum.u64 = 0; SumSQ.u64 = 0; Count.u64 = 0; Min.u64 = 0; Max.u64 = 0; 
 l1cache.stateEvent_FetchInv_IB : Accumulator : Sum.u64 = 0; SumSQ.u64 = 0; Count.u64 = 0; Min.u64 = 0; Max.u64 = 0; 
 l1cache.stateEvent_ForceInv_I : Accumulator : Sum.u64 = 0; SumSQ.u64 = 0; Count.u64 = 0; Min.u64 = 0; Max.u64 = 0; 
 l1cache.stateEvent_ForceInv_S : Accumulator : Sum.u64 = 0; SumSQ.u64 = 0; Count.u64 = 0; Min.u64 = 0; Max.u64 = 0; 
 l1cache.stateEvent_ForceInv_M : Accumulator : Sum.u64 = 0; SumSQ.u64 = 0; Count.u64 = 0; Min.u64 = 0; Max.u64 = 0; 
 l1cache.stateEvent_ForceInv_IS : Accumulator : Sum.u64 = 0; SumSQ.u64 = 0; Count.u64 = 0; Min.u64 = 0; Max.u64 = 0; 
 l1cache.stateEvent_ForceInv_IM : Accumulator : Sum.u64 = 0; SumSQ.u64 = 0; Count.u64 = 0; Min.u64 = 0; Max.u64 = 0; 
 l1cache.stateEvent_ForceInv_SM : Accumulator : Sum.u64 = 0; SumSQ.u64 = 0; Count.u64 = 0; Min.u64 = 0; Max.u64 = 0; 
 l1cache.stateEvent_ForceInv_SB : Accumulator : Sum.u64 = 0; SumSQ.u64 = 0; Count.u64 = 0; Min.u64 = 0; Max.u64 = 0; 
 l1cache.stateEvent_ForceInv_IB : Accumulator : Sum.u64 = 0; SumSQ.u64 = 0; Count.u64 = 0; Min.u64 = 0; Max.u64 = 0; 
 l1cache.stateEvent_FlushLine_I : Accumulator : Sum.u64 = 34; SumSQ.u64 = 34; Count.u64 = 34; Min.u64 = 1; Max.u64 = 1; 
 l1cache.stateEvent_FlushLine_S : Accumulator : Sum.u64 = 10; SumSQ.u64 = 10; Count.u64 = 10; Min.u64 = 1; Max.u64 = 1; 
 l1cache.stateEvent_FlushLine_M : Accumulator : Sum.u64 = 9; SumSQ.u64 = 9; Count.u64 = 9; Min.u64 = 1; Max.u64 = 1; 
 l1cache.stateEvent_FlushLineInv_I : Accumulator : Sum.u64 = 37; SumSQ.u64 = 37; Count.u64 = 37; Min.u64 = 1; Max.u64 = 1; 
 l1cache.stateEvent_FlushLineInv_S : Accumulator : Sum.u64 = 12; SumSQ.u64 = 12; Count.u64 = 12; Min.u64 = 1; Max.u64 = 1; 
 l1cache.stateEvent_FlushLineInv_M : Accumulator : Sum.u64 = 12; SumSQ.u64 = 12; Count.u64 = 12; Min.u64 = 1; Max.u64 = 1; 
 l1cache.stateEvent_FlushLineResp_I : Accumulator : Sum.u64 = 71; SumSQ.u64 = 71; Count.u64 = 71; Min.u64 = 1; Max.u64 = 1; 
 l1cache.stateEvent_FlushLineResp_IB : Accumulator : Sum.u64 = 24; SumSQ.u64 = 24; Count.u64 = 24; Min.u64 = 1; Max.u64 = 1; 
 l1cache.stateEvent_FlushLineResp_SB : Accumulator : Sum.u64 = 19; SumSQ.u64 = 19; Count.u64 = 19; Min.u64 = 1; Max.u64 = 1; 
 l1cache.eventSent_GetS : Accumulator : Sum.u64 = 5910; SumSQ.u64 = 5910; Count.u64 = 5910; Min.u64 = 1; Max.u64 = 1; 
 l1cache.eventSent_GetX : Accumulator : Sum.u64 = 3162; SumSQ.u64 = 3162; Count.u64 = 3162; Min.u64 = 1; Max.u64 = 1; 
 l1cache.eventSent_GetSX : Accumulator : Sum.u64 = 358; SumSQ.u64 = 358; Count.u64 = 358; Min.u64 = 1; Max.u64 = 1; 
 l1cache.eventSent_Write : Accumulator : Sum.u64 = 0; SumSQ.u64 = 0; Count.u64 = 0; Min.u64 = 0; Max.u64 = 0; 
 l1cache.eventSent_PutM : Accumulator : Sum.u64 = 866; SumSQ.u64 = 866; Count.u64 = 866; Min.u64 = 1; Max.u64 = 1; 
 l1cache.eventSent_NACK : Accumulator : Sum.u64 = 0; SumSQ.u64 = 0; Count.u64 = 0; Min.u64 = 0; Max.u64 = 0; 
 l1cache.eventSent_FlushLine : Accumulator : Sum.u64 = 307; SumSQ.u64 = 307; Count.u64 = 307; Min.u64 = 1; Max.u64 = 1; 
 l1cache.eventSent_FlushLineInv : Accumulator : Sum.u64 = 283; SumSQ.u64 = 283; Count.u64 = 283; Min.u64 = 1; Max.u64 = 1; 
 l1cache.eventSent_FlushAll : Accumulator : Sum.u64 = 36; SumSQ.u64 = 36; Count.u64 = 36; Min.u64 = 1; Max.u64 = 1; 
 l1cache.eventSent_FetchResp : Accumulator : Sum.u64 = 0; SumSQ.u64 = 0; Count.u64 = 0; Min.u64 = 0; Max.u64 = 0; 
 l1cache.eventSent_FetchXResp : Accumulator : Sum.u64 = 0; SumSQ.u64 = 0; Count.u64 = 0; Min.u64 = 0; Max.u64 = 0; 
 l1cache.eventSent_AckInv : Accumulator : Sum.u64 = 0; SumSQ.u64 = 0; Count.u64 = 0; Min.u64 = 0; Max.u64 = 0; 
 l1cache.eventSent_AckFlush : Accumulator : Sum.u64 = 14; SumSQ.u64 = 14; Count.u64 = 14; Min.u64 = 1; Max.u64 = 1; 
 l1cache.eventSent_GetSResp : Accumulator : Sum.u64 = 1737; SumSQ.u64 = 1737; Count.u64 = 1737; Min.u64 = 1; Max.u64 = 1; 
 l1cache.eventSent_GetXResp : Accumulator : Sum.u64 = 72; SumSQ.u64 = 72; Count.u64 = 72; Min.u64 = 1; Max.u64 = 1; 
 l1cache.eventSent_WriteResp : Accumulator : Sum.u64 = 1063; SumSQ.u64 = 1063; Count.u64 = 1063; Min.u64 = 1; Max.u64 = 1; 
 l1cache.eventSent_FlushLineResp : Accumulator : Sum.u64 = 114; SumSQ.u64 = 114; Count.u64 = 114; Min.u64 = 1; Max.u64 = 1; 
 l1cache.eventSent_FlushAllResp : Accumulator : Sum.u64 = 14; SumSQ.u64 = 14; Count.u64 = 14; Min.u64 = 1; Max.u64 = 1; 
 l1cache.eventSent_Put : Accumulator : Sum.u64 = 0; SumSQ.u64 = 0; Count.u64 = 0; Min.u64 = 0; Max.u64 = 0; 
 l1cache.eventSent_Get : Accumulator : Sum.u64 = 0; SumSQ.u64 = 0; Count.u64 = 0; Min.u64 = 0; Max.u64 = 0; 
 l1cache.eventSent_AckMove : Accumulator : Sum.u64 = 0; SumSQ.u64 = 0; Count.u64 = 0; Min.u64 = 0; Max.u64 = 0; 
 l1cache.eventSent_CustomReq : Accumulator : Sum.u64 = 0; SumSQ.u64 = 0; Count.u64 = 0; Min.u64 = 0; Max.u64 = 0; 
 l1cache.eventSent_CustomResp : Accumulator : Sum.u64 = 0; SumSQ.u64 = 0; Count.u64 = 0; Min.u64 = 0; Max.u64 = 0; 
 l1cache.eventSent_CustomAck : Accumulator : Sum.u64 = 0; SumSQ.u64 = 0; Count.u64 = 0; Min.u64 = 0; Max.u64 = 0; 
 l1cache.EventStalledForLockedCacheline : Accumulator : Sum.u64 = 0; SumSQ.u64 = 0; Count.u64 = 0; Min.u64 = 0; Max.u64 = 0; 
 l1cache.evict_I : Accumulator : Sum.u64 = 735; SumSQ.u64 = 735; Count.u64 = 735; Min.u64 = 1; Max.u64 = 1; 
 l1cache.evict_S : Accumulator : Sum.u64 = 870; SumSQ.u64 = 870; Count.u64 = 870; Min.u64 = 1; Max.u64 = 1; 
 l1cache.evict_M : Accumulator : Sum.u64 = 866; SumSQ.u64 = 866; Count.u64 = 866; Min.u64 = 1; Max.u64 = 1; 
 l1cache.evict_IS : Accumulator : Sum.u64 = 211; SumSQ.u64 = 211; Count.u64 = 211; Min.u64 = 1; Max.u64 = 1; 
 l1cache.evict_IM : Accumulator : Sum.u64 = 100; SumSQ.u64 = 100; Count.u64 = 100; Min.u64 = 1; Max.u64 = 1; 
 l1cache.evict_SM : Accumulator : Sum.u64 = 0; SumSQ.u64 = 0; Count.u64 = 0; Min.u64 = 0; Max.u64 = 0; 
 l1cache.evict_SB : Accumulator : Sum.u64 = 15; SumSQ.u64 = 15; Count.u64 = 15; Min.u64 = 1; Max.u64 = 1; 
 l1cache.latency_GetS_hit : Accumulator : Sum.u64 = 1124448; SumSQ.u64 = 13121064416; Count.u64 = 636; Min.u64 = 4; Max.u64 = 39158; 
 l1cache.latency_GetS_miss : Accumulator : Sum.u64 = 7918450; SumSQ.u64 = 100233783794; Count.u64 = 1101; Min.u64 = 3510; Max.u64 = 43708; 
 l1cache.latency_GetX_hit : Accumulator : Sum.u64 = 565534; SumSQ.u64 = 6162238378; Count.u64 = 233; Min.u64 = 4; Max.u64 = 27235; 
 l1cache.latency_GetX_miss : Accumulator : Sum.u64 = 4194503; SumSQ.u64 = 47349738413; Count.u64 = 621; Min.u64 = 3510; Max.u64 = 39591; 
 l1cache.latency_GetX_upgrade : Accumulator : Sum.u64 = 644482; SumSQ.u64 = 8706660490; Count.u64 = 206; Min.u64 = 9; Max.u64 = 36672; 
 l1cache.latency_GetSX_hit : Accumulator : Sum.u64 = 228; SumSQ.u64 = 38544; Count.u64 = 9; Min.u64 = 4; Max.u64 = 196; 
 l1cache.latency_GetSX_miss : Accumulator : Sum.u64 = 344441; SumSQ.u64 = 4637014515; Count.u64 = 48; Min.u64 = 3510; Max.u64 = 27237; 
 l1cache.latency_GetSX_upgrade : Accumulator : Sum.u64 = 22652; SumSQ.u64 = 122261774; Count.u64 = 15; Min.u64 = 10; Max.u64 = 8664; 
 l1cache.latency_FlushLine : Accumulator : Sum.u64 = 234983; SumSQ.u64 = 2470368917; Count.u64 = 53; Min.u64 = 12; Max.u64 = 18599; 
 l1cache.latency_FlushLine_fail : Accumulator : Sum.u64 = 0; SumSQ.u64 = 0; Count.u64 = 0; Min.u64 = 0; Max.u64 = 0; 
 l1cache.latency_FlushLineInv : Accumulator : Sum.u64 = 220301; SumSQ.u64 = 2491312477; Count.u64 = 61; Min.u64 = 12; Max.u64 = 22711; 
 l1cache.latency_FlushLineInv_fail : Accumulator : Sum.u64 = 0; SumSQ.u64 = 0; Count.u64 = 0; Min.u64 = 0; Max.u64 = 0; 
 l1cache.latency_FlushAll : Accumulator : Sum.u64 = 0; SumSQ.u64 = 0; Count.u64 = 0; Min.u64 = 0; Max.u64 = 0; 
 l1cache.GetSHit_Arrival : Accumulator : Sum.u64 = 426; SumSQ.u64 = 426; Count.u64 = 426; Min.u64 = 1; Max.u64 = 1; 
 l1cache.GetXHit_Arrival : Accumulator : Sum.u64 = 128; SumSQ.u64 = 128; Count.u64 = 128; Min.u64 = 1; Max.u64 = 1; 
 l1cache.GetSXHit_Arrival : Accumulator : Sum.u64 = 8; SumSQ.u64 = 8; Count.u64 = 8; Min.u64 = 1; Max.u64 = 1; 
 l1cache.GetSHit_Blocked : Accumulator : Sum.u64 = 210; SumSQ.u64 = 210; Count.u64 = 210; Min.u64 = 1; Max.u64 = 1; 
 l1cache.GetXHit_Blocked : Accumulator : Sum.u64 = 105; SumSQ.u64 = 105; Count.u64 = 105; Min.u64 = 1; Max.u64 = 1; 
 l1cache.GetSXHit_Blocked : Accumulator : Sum.u64 = 1; SumSQ.u64 = 1; Count.u64 = 1; Min.u64 = 1; Max.u64 = 1; 
 l1cache.GetSMiss_Arrival : Accumulator : Sum.u64 = 899; SumSQ.u64 = 899; Count.u64 = 899; Min.u64 = 1; Max.u64 = 1; 
 l1cache.GetXMiss_Arrival : Accumulator : Sum.u64 = 627; SumSQ.u64 = 627; Count.u64 = 627; Min.u64 = 1; Max.u64 = 1; 
 l1cache.GetSXMiss_Arrival : Accumulator : Sum.u64 = 51; SumSQ.u64 = 51; Count.u64 = 51; Min.u64 = 1; Max.u64 = 1; 
 l1cache.GetSMiss_Blocked : Accumulator : Sum.u64 = 202; SumSQ.u64 = 202; Count.u64 = 202; Min.u64 = 1; Max.u64 = 1; 
 l1cache.GetXMiss_Blocked : Accumulator : Sum.u64 = 200; SumSQ.u64 = 200; Count.u64 = 200; Min.u64 = 1; Max.u64 = 1; 
 l1cache.GetSXMiss_Blocked : Accumulator : Sum.u64 = 12; SumSQ.u64 = 12; Count.u64 = 12; Min.u64 = 1; Max.u64 = 1; 
 l1cache.CacheHits : Accumulator : Sum.u64 = 878; SumSQ.u64 = 878; Count.u64 = 878; Min.u64 = 1; Max.u64 = 1; 
 l1cache.CacheMisses : Accumulator : Sum.u64 = 1991; SumSQ.u64 = 1991; Count.u64 = 1991; Min.u64 = 1; Max.u64 = 1; 
 l1cache.stateEvent_AckPut_I : Accumulator : Sum.u64 = 1736; SumSQ.u64 = 1736; Count.u64 = 1736; Min.u64 = 1; Max.u64 = 1; 
 l1cache.eventSent_PutS : Accumulator : Sum.u64 = 870; SumSQ.u64 = 870; Count.u64 = 870; Min.u64 = 1; Max.u64 = 1; 
 l1cache.eventSent_PutE : Accumulator : Sum.u64 = 0; SumSQ.u64 = 0; Count.u64 = 0; Min.u64 = 0; Max.u64 = 0; 
 l1cache.TotalEventsReceived : Accumulator : Sum.u64 = 14820; SumSQ.u64 = 14820; Count.u64 = 14820; Min.u64 = 1; Max.u64 = 1; 
 l1cache.TotalEventsReplayed : Accumulator : Sum.u64 = 1524; SumSQ.u64 = 1524; Count.u64 = 1524; Min.u64 = 1; Max.u64 = 1; 
 l1cache.Put_uncache_recv : Accumulator : Sum.u64 = 0; SumSQ.u64 = 0; Count.u64 = 0; Min.u64 = 0; Max.u64 = 0; 
 l1cache.Get_uncache_recv : Accumulator : Sum.u64 = 0; SumSQ.u64 = 0; Count.u64 = 0; Min.u64 = 0; Max.u64 = 0; 
 l1cache.AckMove_uncache_recv : Accumulator : Sum.u64 = 0; SumSQ.u64 = 0; Count.u64 = 0; Min.u64 = 0; Max.u64 = 0; 
 l1cache.GetS_uncache_recv : Accumulator : Sum.u64 = 0; SumSQ.u64 = 0; Count.u64 = 0; Min.u64 = 0; Max.u64 = 0; 
 l1cache.Write_uncache_recv : Accumulator : Sum.u64 = 0; SumSQ.u64 = 0; Count.u64 = 0; Min.u64 = 0; Max.u64 = 0; 
 l1cache.GetSX_uncache_recv : Accumulator : Sum.u64 = 0; SumSQ.u64 = 0; Count.u64 = 0; Min.u64 = 0; Max.u64 = 0; 
 l1cache.GetSResp_uncache_recv : Accumulator : Sum.u64 = 0; SumSQ.u64 = 0; Count.u64 = 0; Min.u64 = 0; Max.u64 = 0; 
 l1cache.WriteResp_uncache_recv : Accumulator : Sum.u64 = 0; SumSQ.u64 = 0; Count.u64 = 0; Min.u64 = 0; Max.u64 = 0; 
 l1cache.CustomReq_uncache_recv : Accumulator : Sum.u64 = 0; SumSQ.u64 = 0; Count.u64 = 0; Min.u64 = 0; Max.u64 = 0; 
 l1cache.CustomResp_uncache_recv : Accumulator : Sum.u64 = 0; SumSQ.u64 = 0; Count.u64 = 0; Min.u64 = 0; Max.u64 = 0; 
 l1cache.CustomAck_uncache_recv : Accumulator : Sum.u64 = 0; SumSQ.u64 = 0; Count.u64 = 0; Min.u64 = 0; Max.u64 = 0; 
 l1cache.NULLCMD_recv : Accumulator : Sum.u64 = 0; SumSQ.u64 = 0; Count.u64 = 0; Min.u64 = 0; Max.u64 = 0; 
 l1cache.GetS_recv : Accumulator : Sum.u64 = 1737; SumSQ.u64 = 1737; Count.u64 = 1737; Min.u64 = 1; Max.u64 = 1; 
 l1cache.GetX_recv : Accumulator : Sum.u64 = 0; SumSQ.u64 = 0; Count.u64 = 0; Min.u64 = 0; Max.u64 = 0; 
 l1cache.GetSX_recv : Accumulator : Sum.u64 = 72; SumSQ.u64 = 72; Count.u64 = 72; Min.u64 = 1; Max.u64 = 1; 
 l1cache.Write_recv : Accumulator : Sum.u64 = 1063; SumSQ.u64 = 1063; Count.u64 = 1063; Min.u64 = 1; Max.u64 = 1; 
 l1cache.FlushLine_recv : Accumulator : Sum.u64 = 53; SumSQ.u64 = 53; Count.u64 = 53; Min.u64 = 1; Max.u64 = 1; 
 l1cache.FlushLineInv_recv : Accumulator : Sum.u64 = 61; SumSQ.u64 = 61; Count.u64 = 61; Min.u64 = 1; Max.u64 = 1; 
 l1cache.FlushAll_recv : Accumulator : Sum.u64 = 14; SumSQ.u64 = 14; Count.u64 = 14; Min.u64 = 1; Max.u64 = 1; 
 l1cache.GetSResp_recv : Accumulator : Sum.u64 = 1101; SumSQ.u64 = 1101; Count.u64 = 1101; Min.u64 = 1; Max.u64 = 1; 
 l1cache.GetXResp_recv : Accumulator : Sum.u64 = 890; SumSQ.u64 = 890; Count.u64 = 890; Min.u64 = 1; Max.u64 = 1; 
 l1cache.FlushLineResp_recv : Accumulator : Sum.u64 = 114; SumSQ.u64 = 114; Count.u64 = 114; Min.u64 = 1; Max.u64 = 1; 
 l1cache.FlushAllResp_recv : Accumulator : Sum.u64 = 14; SumSQ.u64 = 14; Count.u64 = 14; Min.u64 = 1; Max.u64 = 1; 
 l1cache.Inv_recv : Accumulator : Sum.u64 = 0; SumSQ.u64 = 0; Count.u64 = 0; Min.u64 = 0; Max.u64 = 0; 
 l1cache.ForceInv_recv : Accumulator : Sum.u64 = 0; SumSQ.u64 = 0; Count.u64 = 0; Min.u64 = 0; Max.u64 = 0; 
 l1cache.Fetch_recv : Accumulator : Sum.u64 = 0; SumSQ.u64 = 0; Count.u64 = 0; Min.u64 = 0; Max.u64 = 0; 
 l1cache.FetchInv_recv : Accumulator : Sum.u64 = 0; SumSQ.u64 = 0; Count.u64 = 0; Min.u64 = 0; Max.u64 = 0; 
 l1cache.FetchInvX_recv : Accumulator : Sum.u64 = 0; SumSQ.u64 = 0; Count.u64 = 0; Min.u64 = 0; Max.u64 = 0; 
 l1cache.ForwardFlush_recv : Accumulator : Sum.u64 = 14; SumSQ.u64 = 14; Count.u64 = 14; Min.u64 = 1; Max.u64 = 1; 
 l1cache.UnblockFlush_recv : Accumulator : Sum.u64 = 14; SumSQ.u64 = 14; Count.u64 = 14; Min.u64 = 1; Max.u64 = 1; 
 l1cache.NACK_recv : Accumulator : Sum.u64 = 7937; SumSQ.u64 = 7937; Count.u64 = 7937; Min.u64 = 1; Max.u64 = 1; 
 l1cache.AckPut_recv : Accumulator : Sum.u64 = 1736; SumSQ.u64 = 1736; Count.u64 = 1736; Min.u64 = 1; Max.u64 = 1; 
 l1cache.MSHR_occupancy : Accumulator : Sum.u64 = 14623959; SumSQ.u64 = 228454565; Count.u64 = 966704; Min.u64 = 0; Max.u64 = 17; 
 l1cache.Bank_conflicts : Accumulator : Sum.u64 = 0; SumSQ.u64 = 0; Count.u64 = 0; Min.u64 = 0; Max.u64 = 0; 
 memory.requests_received_GetS : Accumulator : Sum.u64 = 1101; SumSQ.u64 = 1101; Count.u64 = 1101; Min.u64 = 1; Max.u64 = 1; 
 memory.requests_received_GetSX : Accumulator : Sum.u64 = 48; SumSQ.u64 = 48; Count.u64 = 48; Min.u64 = 1; Max.u64 = 1; 
 memory.requests_received_GetX : Accumulator : Sum.u64 = 621; SumSQ.u64 = 621; Count.u64 = 621; Min.u64 = 1; Max.u64 = 1; 
 memory.requests_received_Write : Accumulator : Sum.u64 = 0; SumSQ.u64 = 0; Count.u64 = 0; Min.u64 = 0; Max.u64 = 0; 
 memory.requests_received_PutM : Accumulator : Sum.u64 = 887; SumSQ.u64 = 887; Count.u64 = 887; Min.u64 = 1; Max.u64 = 1; 
 memory.outstanding_requests : Accumulator : Sum.u64 = 2662361; SumSQ.u64 = 29466195; Count.u64 = 276477; Min.u64 = 0; Max.u64 = 29; 
 memory.latency_GetS : Accumulator : Sum.u64 = 1103065; SumSQ.u64 = 1105138581; Count.u64 = 1101; Min.u64 = 1001; Max.u64 = 1019; 
 memory.latency_GetSX : Accumulator : Sum.u64 = 48062; SumSQ.u64 = 48124096; Count.u64 = 48; Min.u64 = 1001; Max.u64 = 1004; 
 memory.latency_GetX : Accumulator : Sum.u64 = 622218; SumSQ.u64 = 623441262; Count.u64 = 621; Min.u64 = 1001; Max.u64 = 1016; 
 memory.latency_Write : Accumulator : Sum.u64 = 0; SumSQ.u64 = 0; Count.u64 = 0; Min.u64 = 0; Max.u64 = 0; 
 memory.latency_PutM : Accumulator : Sum.u64 = 889016; SumSQ.u64 = 891042226; Count.u64 = 887; Min.u64 = 1001; Max.u64 = 1016; 
 memory.cycles_with_issue : Accumulator : Sum.u64 = 2657; SumSQ.u64 = 2657; Count.u64 = 2657; Min.u64 = 1; Max.u64 = 1; 
 memory.cycles_attempted_issue_but_rejected : Accumulator : Sum.u64 = 0; SumSQ.u64 = 0; Count.u64 = 0; Min.u64 = 0; Max.u64 = 0; 
 memory.total_cycles : Accumulator : Sum.u64 = 276477; SumSQ.u64 = 76439531529; Count.u64 = 1; Min.u64 = 276477; Max.u64 = 276477; 
 directory.default_stat : Accumulator : Sum.u64 = 0; SumSQ.u64 = 0; Count.u64 = 0; Min.u64 = 0; Max.u64 = 0; 
 directory.replacement_request_latency : Accumulator : Sum.u64 = 153946; SumSQ.u64 = 496267550; Count.u64 = 9801; Min.u64 = 3; Max.u64 = 7368; 
 directory.get_request_latency : Accumulator : Sum.u64 = 4259443; SumSQ.u64 = 10248104909; Count.u64 = 1991; Min.u64 = 2; Max.u64 = 2449; 
 directory.directory_cache_hits : Accumulator : Sum.u64 = 11756; SumSQ.u64 = 11756; Count.u64 = 11756; Min.u64 = 1; Max.u64 = 1; 
 directory.mshr_hits : Accumulator : Sum.u64 = 0; SumSQ.u64 = 0; Count.u64 = 0; Min.u64 = 0; Max.u64 = 0; 
 directory.GetX_recv : Accumulator : Sum.u64 = 3162; SumSQ.u64 = 3162; Count.u64 = 3162; Min.u64 = 1; Max.u64 = 1; 
 directory.GetS_recv : Accumulator : Sum.u64 = 5910; SumSQ.u64 = 5910; Count.u64 = 5910; Min.u64 = 1; Max.u64 = 1; 
 directory.GetSX_recv : Accumulator : Sum.u64 = 358; SumSQ.u64 = 358; Count.u64 = 358; Min.u64 = 1; Max.u64 = 1; 
 directory.Write_recv : Accumulator : Sum.u64 = 0; SumSQ.u64 = 0; Count.u64 = 0; Min.u64 = 0; Max.u64 = 0; 
 directory.PutM_recv : Accumulator : Sum.u64 = 866; SumSQ.u64 = 866; Count.u64 = 866; Min.u64 = 1; Max.u64 = 1; 
 directory.PutX_recv : Accumulator : Sum.u64 = 0; SumSQ.u64 = 0; Count.u64 = 0; Min.u64 = 0; Max.u64 = 0; 
 directory.PutE_recv : Accumulator : Sum.u64 = 0; SumSQ.u64 = 0; Count.u64 = 0; Min.u64 = 0; Max.u64 = 0; 
 directory.PutS_recv : Accumulator : Sum.u64 = 870; SumSQ.u64 = 870; Count.u64 = 870; Min.u64 = 1; Max.u64 = 1; 
 directory.NACK_recv : Accumulator : Sum.u64 = 0; SumSQ.u64 = 0; Count.u64 = 0; Min.u64 = 0; Max.u64 = 0; 
 directory.FetchResp_recv : Accumulator : Sum.u64 = 0; SumSQ.u64 = 0; Count.u64 = 0; Min.u64 = 0; Max.u64 = 0; 
 directory.FetchXResp_recv : Accumulator : Sum.u64 = 0; SumSQ.u64 = 0; Count.u64 = 0; Min.u64 = 0; Max.u64 = 0; 
 directory.GetSResp_recv : Accumulator : Sum.u64 = 0; SumSQ.u64 = 0; Count.u64 = 0; Min.u64 = 0; Max.u64 = 0; 
 directory.GetXResp_recv : Accumulator : Sum.u64 = 1770; SumSQ.u64 = 1770; Count.u64 = 1770; Min.u64 = 1; Max.u64 = 1; 
 directory.WriteResp_recv : Accumulator : Sum.u64 = 0; SumSQ.u64 = 0; Count.u64 = 0; Min.u64 = 0; Max.u64 = 0; 
 directory.ForceInv_recv : Accumulator : Sum.u64 = 0; SumSQ.u64 = 0; Count.u64 = 0; Min.u64 = 0; Max.u64 = 0; 
 directory.FetchInv_recv : Accumulator : Sum.u64 = 0; SumSQ.u64 = 0; Count.u64 = 0; Min.u64 = 0; Max.u64 = 0; 
 directory.AckInv_recv : Accumulator : Sum.u64 = 0; SumSQ.u64 = 0; Count.u64 = 0; Min.u64 = 0; Max.u64 = 0; 
 directory.AckFlush_recv : Accumulator : Sum.u64 = 14; SumSQ.u64 = 14; Count.u64 = 14; Min.u64 = 1; Max.u64 = 1; 
 directory.FlushLine_recv : Accumulator : Sum.u64 = 307; SumSQ.u64 = 307; Count.u64 = 307; Min.u64 = 1; Max.u64 = 1; 
 directory.FlushLineInv_recv : Accumulator : Sum.u64 = 283; SumSQ.u64 = 283; Count.u64 = 283; Min.u64 = 1; Max.u64 = 1; 
 directory.FlushAll_recv : Accumulator : Sum.u64 = 36; SumSQ.u64 = 36; Count.u64 = 36; Min.u64 = 1; Max.u64 = 1; 
 directory.FlushLineResp_recv : Accumulator : Sum.u64 = 114; SumSQ.u64 = 114; Count.u64 = 114; Min.u64 = 1; Max.u64 = 1; 
 directory.GetS_uncache_recv : Accumulator : Sum.u64 = 0; SumSQ.u64 = 0; Count.u64 = 0; Min.u64 = 0; Max.u64 = 0; 
 directory.Write_uncache_recv : Accumulator : Sum.u64 = 0; SumSQ.u64 = 0; Count.u64 = 0; Min.u64 = 0; Max.u64 = 0; 
 directory.GetSX_uncache_recv : Accumulator : Sum.u64 = 0; SumSQ.u64 = 0; Count.u64 = 0; Min.u64 = 0; Max.u64 = 0; 
 directory.GetSResp_uncache_recv : Accumulator : Sum.u64 = 0; SumSQ.u64 = 0; Count.u64 = 0; Min.u64 = 0; Max.u64 = 0; 
 directory.WriteResp_uncache_recv : Accumulator : Sum.u64 = 0; SumSQ.u64 = 0; Count.u64 = 0; Min.u64 = 0; Max.u64 = 0; 
 directory.CustomReq_uncache_recv : Accumulator : Sum.u64 = 0; SumSQ.u64 = 0; Count.u64 = 0; Min.u64 = 0; Max.u64 = 0; 
 directory.CustomResp_uncache_recv : Accumulator : Sum.u64 = 0; SumSQ.u64 = 0; Count.u64 = 0; Min.u64 = 0; Max.u64 = 0; 
 directory.CustomAck_uncache_recv : Accumulator : Sum.u64 = 0; SumSQ.u64 = 0; Count.u64 = 0; Min.u64 = 0; Max.u64 = 0; 
 directory.eventSent_GetS : Accumulator : Sum.u64 = 1101; SumSQ.u64 = 1101; Count.u64 = 1101; Min.u64 = 1; Max.u64 = 1; 
 directory.eventSent_GetX : Accumulator : Sum.u64 = 621; SumSQ.u64 = 621; Count.u64 = 621; Min.u64 = 1; Max.u64 = 1; 
 directory.eventSent_GetSX : Accumulator : Sum.u64 = 48; SumSQ.u64 = 48; Count.u64 = 48; Min.u64 = 1; Max.u64 = 1; 
 directory.eventSent_Write : Accumulator : Sum.u64 = 0; SumSQ.u64 = 0; Count.u64 = 0; Min.u64 = 0; Max.u64 = 0; 
 directory.eventSent_PutM : Accumulator : Sum.u64 = 866; SumSQ.u64 = 866; Count.u64 = 866; Min.u64 = 1; Max.u64 = 1; 
 directory.eventSent_Inv : Accumulator : Sum.u64 = 0; SumSQ.u64 = 0; Count.u64 = 0; Min.u64 = 0; Max.u64 = 0; 
 directory.eventSent_FetchInv : Accumulator : Sum.u64 = 0; SumSQ.u64 = 0; Count.u64 = 0; Min.u64 = 0; Max.u64 = 0; 
 directory.eventSent_FetchInvX : Accumulator : Sum.u64 = 0; SumSQ.u64 = 0; Count.u64 = 0; Min.u64 = 0; Max.u64 = 0; 
 directory.eventSent_ForceInv : Accumulator : Sum.u64 = 0; SumSQ.u64 = 0; Count.u64 = 0; Min.u64 = 0; Max.u64 = 0; 
 directory.eventSent_ForwardFlush : Accumulator : Sum.u64 = 14; SumSQ.u64 = 14; Count.u64 = 14; Min.u64 = 1; Max.u64 = 1; 
 directory.eventSent_NACK : Accumulator : Sum.u64 = 7937; SumSQ.u64 = 7937; Count.u64 = 7937; Min.u64 = 1; Max.u64 = 1; 
 directory.eventSent_GetSResp : Accumulator : Sum.u64 = 1101; SumSQ.u64 = 1101; Count.u64 = 1101; Min.u64 = 1; Max.u64 = 1; 
 directory.eventSent_GetXResp : Accumulator : Sum.u64 = 890; SumSQ.u64 = 890; Count.u64 = 890; Min.u64 = 1; Max.u64 = 1; 
 directory.eventSent_WriteResp : Accumulator : Sum.u64 = 0; SumSQ.u64 = 0; Count.u64 = 0; Min.u64 = 0; Max.u64 = 0; 
 directory.eventSent_FetchResp : Accumulator : Sum.u64 = 0; SumSQ.u64 = 0; Count.u64 = 0; Min.u64 = 0; Max.u64 = 0; 
 directory.eventSent_AckInv : Accumulator : Sum.u64 = 0; SumSQ.u64 = 0; Count.u64 = 0; Min.u64 = 0; Max.u64 = 0; 
 directory.eventSent_AckPut : Accumulator : Sum.u64 = 1736; SumSQ.u64 = 1736; Count.u64 = 1736; Min.u64 = 1; Max.u64 = 1; 
 directory.eventSent_FlushLine : Accumulator : Sum.u64 = 53; SumSQ.u64 = 53; Count.u64 = 53; Min.u64 = 1; Max.u64 = 1; 
 directory.eventSent_FlushLineInv : Accumulator : Sum.u64 = 61; SumSQ.u64 = 61; Count.u64 = 61; Min.u64 = 1; Max.u64 = 1; 
 directory.eventSent_FlushLineResp : Accumulator : Sum.u64 = 114; SumSQ.u64 = 114; Count.u64 = 114; Min.u64 = 1; Max.u64 = 1; 
 directory.eventSent_FlushAllResp : Accumulator : Sum.u64 = 14; SumSQ.u64 = 14; Count.u64 = 14; Min.u64 = 1; Max.u64 = 1; 
 directory.eventSent_UnblockFlush : Accumulator : Sum.u64 = 14; SumSQ.u64 = 14; Count.u64 = 14; Min.u64 = 1; Max.u64 = 1; 
 directory.eventSent_read_directory_entry : Accumulator : Sum.u64 = 0; SumSQ.u64 = 0; Count.u64 = 0; Min.u64 = 0; Max.u64 = 0; 
 directory.eventSent_write_directory_entry : Accumulator : Sum.u64 = 0; SumSQ.u64 = 0; Count.u64 = 0; Min.u64 = 0; Max.u64 = 0; 
 directory.MSHR_occupancy : Accumulator : Sum.u64 = 4376237; SumSQ.u64 = 29554451; Count.u64 = 663011; Min.u64 = 0; Max.u64 = 7; 
Simulation is complete, simulated time: 276.477 us
