ArielComponent[arielcpu.cc:38:ArielCPU] Creating Ariel component...
ArielComponent[arielcpu.cc:44:ArielCPU] Configuring for 2 cores...
ArielComponent[arielcpu.cc:47:ArielCPU] Configuring for check addresses = no
ArielComponent[arielcpu.cc:120:ArielCPU] Loaded memory manager: node0_cpu:memmgr
ArielComponent[arielcpu.cc:134:ArielCPU] Memory manager construction is completed.
Pin2Frontend[frontend/simple/pin2frontend.cc:75:Pin2Frontend] Model specifies that there are 0 application arguments
Pin2Frontend[frontend/simple/pin2frontend.cc:82:Pin2Frontend] Interception and instrumentation of multi-level memory and malloc/free calls is DISABLED.
Pin2Frontend[frontend/simple/pin2frontend.cc:90:Pin2Frontend] Tracking the stack and dumping on malloc calls is DISABLED.
Pin2Frontend[frontend/simple/pin2frontend.cc:95:Pin2Frontend] Malloc map file is DISABLED
Pin2Frontend[frontend/simple/pin2frontend.cc:104:Pin2Frontend] Base pipe name: /sst_shmem_57429-1-1681692777
Pin2Frontend[frontend/simple/pin2frontend.cc:128:Pin2Frontend] Processing application arguments...
Pin2Frontend[frontend/simple/pin2frontend.cc:258:Pin2Frontend] Completed processing application arguments.
Pin2Frontend[frontend/simple/pin2frontend.cc:263:Pin2Frontend] Completed initialization of the Ariel CPU.
ArielComponent[arielcpu.cc:170:ArielCPU] Registering ArielCPU clock at 2GHz
ArielComponent[arielcpu.cc:174:ArielCPU] Clocks registered.
ArielComponent[arielcpu.cc:176:ArielCPU] Creating core to cache links...
ArielComponent[arielcpu.cc:178:ArielCPU] Creating processor cores and cache links...
ArielComponent[arielcpu.cc:180:ArielCPU] Configuring cores and cache links...
ArielComponent[arielcpu.cc:239:ArielCPU] Completed initialization of the Ariel CPU.
Initialized with 2 cores
Before initialization 
Assigning the PTW correctly
node0_mmu:pagefaulthandler register handler
Assigning the PTW correctly
node0_mmu:pagefaulthandler register handler
After initialization 
node0_l2cache_0: No MSHR lookup latency provided (mshr_latency_cycles)...intrapolated to 2 cycles.
node0_l2cache_1: No MSHR lookup latency provided (mshr_latency_cycles)...intrapolated to 2 cycles.
node0_l2cache_2: No MSHR lookup latency provided (mshr_latency_cycles)...intrapolated to 2 cycles.
node0_l2cache_3: No MSHR lookup latency provided (mshr_latency_cycles)...intrapolated to 2 cycles.
node0_l3cache: No MSHR lookup latency provided (mshr_latency_cycles)...intrapolated to 3 cycles.
node0_local_memory, WARNING: loading backend in legacy mode (from parameter set). Instead, load backend into this controller's 'backend' slot via ctrl.setSubComponent() in configuration.
0:TimingDRAM::build():57:mc=0: number of channels: 2
0:TimingDRAM::build():58:mc=0: address mapper:     memHierarchy.roundRobinAddrMapper
0:TimingDRAM:Channel:Channel():116:mc=0:chan=0: max pending trans: 32
0:TimingDRAM:Channel:Channel():117:mc=0:chan=0: number of ranks:   2
0:TimingDRAM:Rank:Rank():226:mc=0:chan=0:rank=0: number of banks: 16
0:TimingDRAM:Bank:Bank():294:mc=0:chan=0:rank=0:bank=0: CL:           14
0:TimingDRAM:Bank:Bank():295:mc=0:chan=0:rank=0:bank=0: CL_WR:        12
0:TimingDRAM:Bank:Bank():296:mc=0:chan=0:rank=0:bank=0: RCD:          14
0:TimingDRAM:Bank:Bank():297:mc=0:chan=0:rank=0:bank=0: TRP:          14
0:TimingDRAM:Bank:Bank():298:mc=0:chan=0:rank=0:bank=0: dataCycles:   2
0:TimingDRAM:Bank:Bank():299:mc=0:chan=0:rank=0:bank=0: transactionQ: memHierarchy.fifoTransactionQ
0:TimingDRAM:Bank:Bank():300:mc=0:chan=0:rank=0:bank=0: pagePolicy:   memHierarchy.simplePagePolicy
node0_dc, Warning: getting region parameters (addr_range_start/end, interleave_step/size) from link subcomponent. In the future this will not be supported and region parameters should be declared in the directory's parameters instead.
ArielComponent[arielcpu.cc:38:ArielCPU] Creating Ariel component...
ArielComponent[arielcpu.cc:44:ArielCPU] Configuring for 2 cores...
ArielComponent[arielcpu.cc:47:ArielCPU] Configuring for check addresses = no
ArielComponent[arielcpu.cc:120:ArielCPU] Loaded memory manager: node1_cpu:memmgr
ArielComponent[arielcpu.cc:134:ArielCPU] Memory manager construction is completed.
Pin2Frontend[frontend/simple/pin2frontend.cc:75:Pin2Frontend] Model specifies that there are 0 application arguments
Pin2Frontend[frontend/simple/pin2frontend.cc:82:Pin2Frontend] Interception and instrumentation of multi-level memory and malloc/free calls is DISABLED.
Pin2Frontend[frontend/simple/pin2frontend.cc:90:Pin2Frontend] Tracking the stack and dumping on malloc calls is DISABLED.
Pin2Frontend[frontend/simple/pin2frontend.cc:95:Pin2Frontend] Malloc map file is DISABLED
Pin2Frontend[frontend/simple/pin2frontend.cc:104:Pin2Frontend] Base pipe name: /sst_shmem_57429-15-1714636915
Pin2Frontend[frontend/simple/pin2frontend.cc:128:Pin2Frontend] Processing application arguments...
Pin2Frontend[frontend/simple/pin2frontend.cc:258:Pin2Frontend] Completed processing application arguments.
Pin2Frontend[frontend/simple/pin2frontend.cc:263:Pin2Frontend] Completed initialization of the Ariel CPU.
ArielComponent[arielcpu.cc:170:ArielCPU] Registering ArielCPU clock at 2GHz
ArielComponent[arielcpu.cc:174:ArielCPU] Clocks registered.
ArielComponent[arielcpu.cc:176:ArielCPU] Creating core to cache links...
ArielComponent[arielcpu.cc:178:ArielCPU] Creating processor cores and cache links...
ArielComponent[arielcpu.cc:180:ArielCPU] Configuring cores and cache links...
ArielComponent[arielcpu.cc:239:ArielCPU] Completed initialization of the Ariel CPU.
Initialized with 2 cores
Before initialization 
Assigning the PTW correctly
node1_mmu:pagefaulthandler register handler
Assigning the PTW correctly
node1_mmu:pagefaulthandler register handler
After initialization 
node1_l2cache_0: No MSHR lookup latency provided (mshr_latency_cycles)...intrapolated to 2 cycles.
node1_l2cache_1: No MSHR lookup latency provided (mshr_latency_cycles)...intrapolated to 2 cycles.
node1_l2cache_2: No MSHR lookup latency provided (mshr_latency_cycles)...intrapolated to 2 cycles.
node1_l2cache_3: No MSHR lookup latency provided (mshr_latency_cycles)...intrapolated to 2 cycles.
node1_l3cache: No MSHR lookup latency provided (mshr_latency_cycles)...intrapolated to 3 cycles.
node1_local_memory, WARNING: loading backend in legacy mode (from parameter set). Instead, load backend into this controller's 'backend' slot via ctrl.setSubComponent() in configuration.
node1_dc, Warning: getting region parameters (addr_range_start/end, interleave_step/size) from link subcomponent. In the future this will not be supported and region parameters should be declared in the directory's parameters instead.
ExtMemDc, Warning: getting region parameters (addr_range_start/end, interleave_step/size) from link subcomponent. In the future this will not be supported and region parameters should be declared in the directory's parameters instead.
The value of tRCD is 300
After initialization 
SSTARIEL: Loading Ariel Tool to connect to SST on pipe: /sst_shmem_57429-1-1681692777 max core count: 2
SSTARIEL: Function profiling is disabled.
SSTARIEL: Loading Ariel Tool to connect to SST on pipe: /sst_shmem_57429-15-1714636915 max core count: 2
SSTARIEL: Function profiling is disabled.
Pin2Frontend[frontend/simple/pin2frontend.cc:270:init] Launching PIN...
Pin2Frontend[frontend/simple/pin2frontend.cc:326:forkPINChild] Executing PIN command: /home/vamsee/SST_PORTED/pin-2.14-71313-gcc.4.4.7-linux/pin.sh -follow_execv -ifeellucky -t /home/vamsee/forked/BUILD_ELEMENTS/libexec/fesimple.so -w 0 -E 1 -p /sst_shmem_57429-1-1681692777 -v 1 -t 0 -c 2 -s 0 -m 0 -k 0 -d 0 -- ./app/opal_test
Pin2Frontend[frontend/simple/pin2frontend.cc:275:init] Returned from launching PIN.  Waiting for child to attach.
Pin2Frontend[frontend/simple/pin2frontend.cc:278:init] Child has attached!
Pin2Frontend[frontend/simple/pin2frontend.cc:270:init] Launching PIN...
Pin2Frontend[frontend/simple/pin2frontend.cc:326:forkPINChild] Executing PIN command: /home/vamsee/SST_PORTED/pin-2.14-71313-gcc.4.4.7-linux/pin.sh -follow_execv -ifeellucky -t /home/vamsee/forked/BUILD_ELEMENTS/libexec/fesimple.so -w 0 -E 1 -p /sst_shmem_57429-15-1714636915 -v 1 -t 0 -c 2 -s 0 -m 0 -k 0 -d 0 -- ./app/opal_test
Pin2Frontend[frontend/simple/pin2frontend.cc:275:init] Returned from launching PIN.  Waiting for child to attach.
Pin2Frontend[frontend/simple/pin2frontend.cc:278:init] Child has attached!
ArielComponent[arielcpu.cc:257:finish] Ariel Processor Information:
ArielComponent[arielcpu.cc:258:finish] Completed at: 657421 nanoseconds.
ArielComponent[arielcpu.cc:259:finish] Ariel Component Statistics (By Core)

Ariel Memory Management Statistics:
---------------------------------------------------------------------
Page Table Sizes:
- Map entries         37
Page Table Coverages:
- Bytes               151552
ArielComponent[arielcpu.cc:257:finish] Ariel Processor Information:
ArielComponent[arielcpu.cc:258:finish] Completed at: 657421 nanoseconds.
ArielComponent[arielcpu.cc:259:finish] Ariel Component Statistics (By Core)

Ariel Memory Management Statistics:
---------------------------------------------------------------------
Page Table Sizes:
- Map entries         37
Page Table Coverages:
- Bytes               151552
 opal.local_mem_usage.0 : Accumulator : Sum.u64 = 28; SumSQ.u64 = 28; Count.u64 = 28; Min.u64 = 1; Max.u64 = 1; 
 opal.shared_mem_usage.0 : Accumulator : Sum.u64 = 27; SumSQ.u64 = 27; Count.u64 = 27; Min.u64 = 1; Max.u64 = 1; 
 opal.local_mem_usage.1 : Accumulator : Sum.u64 = 27; SumSQ.u64 = 27; Count.u64 = 27; Min.u64 = 1; Max.u64 = 1; 
 opal.shared_mem_usage.1 : Accumulator : Sum.u64 = 26; SumSQ.u64 = 26; Count.u64 = 26; Min.u64 = 1; Max.u64 = 1; 
 node0_cpu.read_requests.0 : Accumulator : Sum.u64 = 2865; SumSQ.u64 = 2865; Count.u64 = 2865; Min.u64 = 1; Max.u64 = 1; 
 node0_cpu.write_requests.0 : Accumulator : Sum.u64 = 1338; SumSQ.u64 = 1338; Count.u64 = 1338; Min.u64 = 1; Max.u64 = 1; 
 node0_cpu.read_request_sizes.0 : Accumulator : Sum.u64 = 16664; SumSQ.u64 = 124680; Count.u64 = 2865; Min.u64 = 1; Max.u64 = 64; 
 node0_cpu.write_request_sizes.0 : Accumulator : Sum.u64 = 9670; SumSQ.u64 = 83592; Count.u64 = 1338; Min.u64 = 1; Max.u64 = 64; 
 node0_cpu.split_read_requests.0 : Accumulator : Sum.u64 = 2; SumSQ.u64 = 2; Count.u64 = 2; Min.u64 = 1; Max.u64 = 1; 
 node0_cpu.split_write_requests.0 : Accumulator : Sum.u64 = 1; SumSQ.u64 = 1; Count.u64 = 1; Min.u64 = 1; Max.u64 = 1; 
 node0_cpu.flush_requests.0 : Accumulator : Sum.u64 = 0; SumSQ.u64 = 0; Count.u64 = 0; Min.u64 = 0; Max.u64 = 0; 
 node0_cpu.fence_requests.0 : Accumulator : Sum.u64 = 0; SumSQ.u64 = 0; Count.u64 = 0; Min.u64 = 0; Max.u64 = 0; 
 node0_cpu.no_ops.0 : Accumulator : Sum.u64 = 5798; SumSQ.u64 = 5798; Count.u64 = 5798; Min.u64 = 1; Max.u64 = 1; 
 node0_cpu.instruction_count.0 : Accumulator : Sum.u64 = 10001; SumSQ.u64 = 10001; Count.u64 = 10001; Min.u64 = 1; Max.u64 = 1; 
 node0_cpu.cycles.0 : Accumulator : Sum.u64 = 60312; SumSQ.u64 = 60312; Count.u64 = 60312; Min.u64 = 1; Max.u64 = 1; 
 node0_cpu.active_cycles.0 : Accumulator : Sum.u64 = 13432; SumSQ.u64 = 13432; Count.u64 = 13432; Min.u64 = 1; Max.u64 = 1; 
 node0_cpu.fp_sp_ins.0 : Accumulator : Sum.u64 = 0; SumSQ.u64 = 0; Count.u64 = 0; Min.u64 = 0; Max.u64 = 0; 
 node0_cpu.fp_dp_ins.0 : Accumulator : Sum.u64 = 127; SumSQ.u64 = 127; Count.u64 = 127; Min.u64 = 1; Max.u64 = 1; 
 node0_cpu.fp_sp_simd_ins.0 : Accumulator : Sum.u64 = 0; SumSQ.u64 = 0; Count.u64 = 0; Min.u64 = 0; Max.u64 = 0; 
 node0_cpu.fp_dp_simd_ins.0 : Accumulator : Sum.u64 = 0; SumSQ.u64 = 0; Count.u64 = 0; Min.u64 = 0; Max.u64 = 0; 
 node0_cpu.fp_sp_scalar_ins.0 : Accumulator : Sum.u64 = 0; SumSQ.u64 = 0; Count.u64 = 0; Min.u64 = 0; Max.u64 = 0; 
 node0_cpu.fp_dp_scalar_ins.0 : Accumulator : Sum.u64 = 127; SumSQ.u64 = 127; Count.u64 = 127; Min.u64 = 1; Max.u64 = 1; 
 node0_cpu.fp_sp_ops.0 : Accumulator : Sum.u64 = 0; SumSQ.u64 = 0; Count.u64 = 0; Min.u64 = 0; Max.u64 = 0; 
 node0_cpu.fp_dp_ops.0 : Accumulator : Sum.u64 = 127; SumSQ.u64 = 127; Count.u64 = 127; Min.u64 = 1; Max.u64 = 1; 
 node0_cpu.read_requests.1 : Accumulator : Sum.u64 = 0; SumSQ.u64 = 0; Count.u64 = 0; Min.u64 = 0; Max.u64 = 0; 
 node0_cpu.write_requests.1 : Accumulator : Sum.u64 = 0; SumSQ.u64 = 0; Count.u64 = 0; Min.u64 = 0; Max.u64 = 0; 
 node0_cpu.read_request_sizes.1 : Accumulator : Sum.u64 = 0; SumSQ.u64 = 0; Count.u64 = 0; Min.u64 = 0; Max.u64 = 0; 
 node0_cpu.write_request_sizes.1 : Accumulator : Sum.u64 = 0; SumSQ.u64 = 0; Count.u64 = 0; Min.u64 = 0; Max.u64 = 0; 
 node0_cpu.split_read_requests.1 : Accumulator : Sum.u64 = 0; SumSQ.u64 = 0; Count.u64 = 0; Min.u64 = 0; Max.u64 = 0; 
 node0_cpu.split_write_requests.1 : Accumulator : Sum.u64 = 0; SumSQ.u64 = 0; Count.u64 = 0; Min.u64 = 0; Max.u64 = 0; 
 node0_cpu.flush_requests.1 : Accumulator : Sum.u64 = 0; SumSQ.u64 = 0; Count.u64 = 0; Min.u64 = 0; Max.u64 = 0; 
 node0_cpu.fence_requests.1 : Accumulator : Sum.u64 = 0; SumSQ.u64 = 0; Count.u64 = 0; Min.u64 = 0; Max.u64 = 0; 
 node0_cpu.no_ops.1 : Accumulator : Sum.u64 = 0; SumSQ.u64 = 0; Count.u64 = 0; Min.u64 = 0; Max.u64 = 0; 
 node0_cpu.instruction_count.1 : Accumulator : Sum.u64 = 0; SumSQ.u64 = 0; Count.u64 = 0; Min.u64 = 0; Max.u64 = 0; 
 node0_cpu.cycles.1 : Accumulator : Sum.u64 = 60311; SumSQ.u64 = 60311; Count.u64 = 60311; Min.u64 = 1; Max.u64 = 1; 
 node0_cpu.active_cycles.1 : Accumulator : Sum.u64 = 0; SumSQ.u64 = 0; Count.u64 = 0; Min.u64 = 0; Max.u64 = 0; 
 node0_cpu.fp_sp_ins.1 : Accumulator : Sum.u64 = 0; SumSQ.u64 = 0; Count.u64 = 0; Min.u64 = 0; Max.u64 = 0; 
 node0_cpu.fp_dp_ins.1 : Accumulator : Sum.u64 = 0; SumSQ.u64 = 0; Count.u64 = 0; Min.u64 = 0; Max.u64 = 0; 
 node0_cpu.fp_sp_simd_ins.1 : Accumulator : Sum.u64 = 0; SumSQ.u64 = 0; Count.u64 = 0; Min.u64 = 0; Max.u64 = 0; 
 node0_cpu.fp_dp_simd_ins.1 : Accumulator : Sum.u64 = 0; SumSQ.u64 = 0; Count.u64 = 0; Min.u64 = 0; Max.u64 = 0; 
 node0_cpu.fp_sp_scalar_ins.1 : Accumulator : Sum.u64 = 0; SumSQ.u64 = 0; Count.u64 = 0; Min.u64 = 0; Max.u64 = 0; 
 node0_cpu.fp_dp_scalar_ins.1 : Accumulator : Sum.u64 = 0; SumSQ.u64 = 0; Count.u64 = 0; Min.u64 = 0; Max.u64 = 0; 
 node0_cpu.fp_sp_ops.1 : Accumulator : Sum.u64 = 0; SumSQ.u64 = 0; Count.u64 = 0; Min.u64 = 0; Max.u64 = 0; 
 node0_cpu.fp_dp_ops.1 : Accumulator : Sum.u64 = 0; SumSQ.u64 = 0; Count.u64 = 0; Min.u64 = 0; Max.u64 = 0; 
 node0_mmu.tlb_hits.Core0_PTWC : Accumulator : Sum.u64 = 7; SumSQ.u64 = 7; Count.u64 = 7; Min.u64 = 1; Max.u64 = 1; 
 node0_mmu.tlb_misses.Core0_PTWC : Accumulator : Sum.u64 = 40; SumSQ.u64 = 40; Count.u64 = 40; Min.u64 = 1; Max.u64 = 1; 
 node0_mmu.total_waiting.0 : Accumulator : Sum.u64 = 66211; SumSQ.u64 = 52679535; Count.u64 = 4206; Min.u64 = 1; Max.u64 = 2224; 
 node0_mmu.tlb_hits.Core0_L2 : Accumulator : Sum.u64 = 0; SumSQ.u64 = 0; Count.u64 = 0; Min.u64 = 0; Max.u64 = 0; 
 node0_mmu.tlb_misses.Core0_L2 : Accumulator : Sum.u64 = 47; SumSQ.u64 = 47; Count.u64 = 47; Min.u64 = 1; Max.u64 = 1; 
 node0_mmu.tlb_shootdown.Core0_L2 : Accumulator : Sum.u64 = 0; SumSQ.u64 = 0; Count.u64 = 0; Min.u64 = 0; Max.u64 = 0; 
 node0_mmu.tlb_hits.Core0_L1 : Accumulator : Sum.u64 = 4107; SumSQ.u64 = 4107; Count.u64 = 4107; Min.u64 = 1; Max.u64 = 1; 
 node0_mmu.tlb_misses.Core0_L1 : Accumulator : Sum.u64 = 99; SumSQ.u64 = 99; Count.u64 = 99; Min.u64 = 1; Max.u64 = 1; 
 node0_mmu.tlb_shootdown.Core0_L1 : Accumulator : Sum.u64 = 0; SumSQ.u64 = 0; Count.u64 = 0; Min.u64 = 0; Max.u64 = 0; 
 node0_mmu.tlb_hits.Core1_PTWC : Accumulator : Sum.u64 = 0; SumSQ.u64 = 0; Count.u64 = 0; Min.u64 = 0; Max.u64 = 0; 
 node0_mmu.tlb_misses.Core1_PTWC : Accumulator : Sum.u64 = 0; SumSQ.u64 = 0; Count.u64 = 0; Min.u64 = 0; Max.u64 = 0; 
 node0_mmu.total_waiting.1 : Accumulator : Sum.u64 = 0; SumSQ.u64 = 0; Count.u64 = 0; Min.u64 = 0; Max.u64 = 0; 
 node0_mmu.tlb_hits.Core1_L2 : Accumulator : Sum.u64 = 0; SumSQ.u64 = 0; Count.u64 = 0; Min.u64 = 0; Max.u64 = 0; 
 node0_mmu.tlb_misses.Core1_L2 : Accumulator : Sum.u64 = 0; SumSQ.u64 = 0; Count.u64 = 0; Min.u64 = 0; Max.u64 = 0; 
 node0_mmu.tlb_shootdown.Core1_L2 : Accumulator : Sum.u64 = 0; SumSQ.u64 = 0; Count.u64 = 0; Min.u64 = 0; Max.u64 = 0; 
 node0_mmu.tlb_hits.Core1_L1 : Accumulator : Sum.u64 = 0; SumSQ.u64 = 0; Count.u64 = 0; Min.u64 = 0; Max.u64 = 0; 
 node0_mmu.tlb_misses.Core1_L1 : Accumulator : Sum.u64 = 0; SumSQ.u64 = 0; Count.u64 = 0; Min.u64 = 0; Max.u64 = 0; 
 node0_mmu.tlb_shootdown.Core1_L1 : Accumulator : Sum.u64 = 0; SumSQ.u64 = 0; Count.u64 = 0; Min.u64 = 0; Max.u64 = 0; 
 node1_cpu.read_requests.0 : Accumulator : Sum.u64 = 2865; SumSQ.u64 = 2865; Count.u64 = 2865; Min.u64 = 1; Max.u64 = 1; 
 node1_cpu.write_requests.0 : Accumulator : Sum.u64 = 1338; SumSQ.u64 = 1338; Count.u64 = 1338; Min.u64 = 1; Max.u64 = 1; 
 node1_cpu.read_request_sizes.0 : Accumulator : Sum.u64 = 16664; SumSQ.u64 = 124680; Count.u64 = 2865; Min.u64 = 1; Max.u64 = 64; 
 node1_cpu.write_request_sizes.0 : Accumulator : Sum.u64 = 9670; SumSQ.u64 = 83592; Count.u64 = 1338; Min.u64 = 1; Max.u64 = 64; 
 node1_cpu.split_read_requests.0 : Accumulator : Sum.u64 = 2; SumSQ.u64 = 2; Count.u64 = 2; Min.u64 = 1; Max.u64 = 1; 
 node1_cpu.split_write_requests.0 : Accumulator : Sum.u64 = 1; SumSQ.u64 = 1; Count.u64 = 1; Min.u64 = 1; Max.u64 = 1; 
 node1_cpu.flush_requests.0 : Accumulator : Sum.u64 = 0; SumSQ.u64 = 0; Count.u64 = 0; Min.u64 = 0; Max.u64 = 0; 
 node1_cpu.fence_requests.0 : Accumulator : Sum.u64 = 0; SumSQ.u64 = 0; Count.u64 = 0; Min.u64 = 0; Max.u64 = 0; 
 node1_cpu.no_ops.0 : Accumulator : Sum.u64 = 5798; SumSQ.u64 = 5798; Count.u64 = 5798; Min.u64 = 1; Max.u64 = 1; 
 node1_cpu.instruction_count.0 : Accumulator : Sum.u64 = 10001; SumSQ.u64 = 10001; Count.u64 = 10001; Min.u64 = 1; Max.u64 = 1; 
 node1_cpu.cycles.0 : Accumulator : Sum.u64 = 1314843; SumSQ.u64 = 1314843; Count.u64 = 1314843; Min.u64 = 1; Max.u64 = 1; 
 node1_cpu.active_cycles.0 : Accumulator : Sum.u64 = 12494; SumSQ.u64 = 12494; Count.u64 = 12494; Min.u64 = 1; Max.u64 = 1; 
 node1_cpu.fp_sp_ins.0 : Accumulator : Sum.u64 = 0; SumSQ.u64 = 0; Count.u64 = 0; Min.u64 = 0; Max.u64 = 0; 
 node1_cpu.fp_dp_ins.0 : Accumulator : Sum.u64 = 122; SumSQ.u64 = 122; Count.u64 = 122; Min.u64 = 1; Max.u64 = 1; 
 node1_cpu.fp_sp_simd_ins.0 : Accumulator : Sum.u64 = 0; SumSQ.u64 = 0; Count.u64 = 0; Min.u64 = 0; Max.u64 = 0; 
 node1_cpu.fp_dp_simd_ins.0 : Accumulator : Sum.u64 = 0; SumSQ.u64 = 0; Count.u64 = 0; Min.u64 = 0; Max.u64 = 0; 
 node1_cpu.fp_sp_scalar_ins.0 : Accumulator : Sum.u64 = 0; SumSQ.u64 = 0; Count.u64 = 0; Min.u64 = 0; Max.u64 = 0; 
 node1_cpu.fp_dp_scalar_ins.0 : Accumulator : Sum.u64 = 122; SumSQ.u64 = 122; Count.u64 = 122; Min.u64 = 1; Max.u64 = 1; 
 node1_cpu.fp_sp_ops.0 : Accumulator : Sum.u64 = 0; SumSQ.u64 = 0; Count.u64 = 0; Min.u64 = 0; Max.u64 = 0; 
 node1_cpu.fp_dp_ops.0 : Accumulator : Sum.u64 = 122; SumSQ.u64 = 122; Count.u64 = 122; Min.u64 = 1; Max.u64 = 1; 
 node1_cpu.read_requests.1 : Accumulator : Sum.u64 = 0; SumSQ.u64 = 0; Count.u64 = 0; Min.u64 = 0; Max.u64 = 0; 
 node1_cpu.write_requests.1 : Accumulator : Sum.u64 = 0; SumSQ.u64 = 0; Count.u64 = 0; Min.u64 = 0; Max.u64 = 0; 
 node1_cpu.read_request_sizes.1 : Accumulator : Sum.u64 = 0; SumSQ.u64 = 0; Count.u64 = 0; Min.u64 = 0; Max.u64 = 0; 
 node1_cpu.write_request_sizes.1 : Accumulator : Sum.u64 = 0; SumSQ.u64 = 0; Count.u64 = 0; Min.u64 = 0; Max.u64 = 0; 
 node1_cpu.split_read_requests.1 : Accumulator : Sum.u64 = 0; SumSQ.u64 = 0; Count.u64 = 0; Min.u64 = 0; Max.u64 = 0; 
 node1_cpu.split_write_requests.1 : Accumulator : Sum.u64 = 0; SumSQ.u64 = 0; Count.u64 = 0; Min.u64 = 0; Max.u64 = 0; 
 node1_cpu.flush_requests.1 : Accumulator : Sum.u64 = 0; SumSQ.u64 = 0; Count.u64 = 0; Min.u64 = 0; Max.u64 = 0; 
 node1_cpu.fence_requests.1 : Accumulator : Sum.u64 = 0; SumSQ.u64 = 0; Count.u64 = 0; Min.u64 = 0; Max.u64 = 0; 
 node1_cpu.no_ops.1 : Accumulator : Sum.u64 = 0; SumSQ.u64 = 0; Count.u64 = 0; Min.u64 = 0; Max.u64 = 0; 
 node1_cpu.instruction_count.1 : Accumulator : Sum.u64 = 0; SumSQ.u64 = 0; Count.u64 = 0; Min.u64 = 0; Max.u64 = 0; 
 node1_cpu.cycles.1 : Accumulator : Sum.u64 = 1314842; SumSQ.u64 = 1314842; Count.u64 = 1314842; Min.u64 = 1; Max.u64 = 1; 
 node1_cpu.active_cycles.1 : Accumulator : Sum.u64 = 0; SumSQ.u64 = 0; Count.u64 = 0; Min.u64 = 0; Max.u64 = 0; 
 node1_cpu.fp_sp_ins.1 : Accumulator : Sum.u64 = 0; SumSQ.u64 = 0; Count.u64 = 0; Min.u64 = 0; Max.u64 = 0; 
 node1_cpu.fp_dp_ins.1 : Accumulator : Sum.u64 = 0; SumSQ.u64 = 0; Count.u64 = 0; Min.u64 = 0; Max.u64 = 0; 
 node1_cpu.fp_sp_simd_ins.1 : Accumulator : Sum.u64 = 0; SumSQ.u64 = 0; Count.u64 = 0; Min.u64 = 0; Max.u64 = 0; 
 node1_cpu.fp_dp_simd_ins.1 : Accumulator : Sum.u64 = 0; SumSQ.u64 = 0; Count.u64 = 0; Min.u64 = 0; Max.u64 = 0; 
 node1_cpu.fp_sp_scalar_ins.1 : Accumulator : Sum.u64 = 0; SumSQ.u64 = 0; Count.u64 = 0; Min.u64 = 0; Max.u64 = 0; 
 node1_cpu.fp_dp_scalar_ins.1 : Accumulator : Sum.u64 = 0; SumSQ.u64 = 0; Count.u64 = 0; Min.u64 = 0; Max.u64 = 0; 
 node1_cpu.fp_sp_ops.1 : Accumulator : Sum.u64 = 0; SumSQ.u64 = 0; Count.u64 = 0; Min.u64 = 0; Max.u64 = 0; 
 node1_cpu.fp_dp_ops.1 : Accumulator : Sum.u64 = 0; SumSQ.u64 = 0; Count.u64 = 0; Min.u64 = 0; Max.u64 = 0; 
 node1_mmu.tlb_hits.Core0_PTWC : Accumulator : Sum.u64 = 7; SumSQ.u64 = 7; Count.u64 = 7; Min.u64 = 1; Max.u64 = 1; 
 node1_mmu.tlb_misses.Core0_PTWC : Accumulator : Sum.u64 = 45; SumSQ.u64 = 45; Count.u64 = 45; Min.u64 = 1; Max.u64 = 1; 
 node1_mmu.total_waiting.0 : Accumulator : Sum.u64 = 57913; SumSQ.u64 = 42467155; Count.u64 = 4205; Min.u64 = 1; Max.u64 = 2087; 
 node1_mmu.tlb_hits.Core0_L2 : Accumulator : Sum.u64 = 0; SumSQ.u64 = 0; Count.u64 = 0; Min.u64 = 0; Max.u64 = 0; 
 node1_mmu.tlb_misses.Core0_L2 : Accumulator : Sum.u64 = 52; SumSQ.u64 = 52; Count.u64 = 52; Min.u64 = 1; Max.u64 = 1; 
 node1_mmu.tlb_shootdown.Core0_L2 : Accumulator : Sum.u64 = 0; SumSQ.u64 = 0; Count.u64 = 0; Min.u64 = 0; Max.u64 = 0; 
 node1_mmu.tlb_hits.Core0_L1 : Accumulator : Sum.u64 = 4111; SumSQ.u64 = 4111; Count.u64 = 4111; Min.u64 = 1; Max.u64 = 1; 
 node1_mmu.tlb_misses.Core0_L1 : Accumulator : Sum.u64 = 94; SumSQ.u64 = 94; Count.u64 = 94; Min.u64 = 1; Max.u64 = 1; 
 node1_mmu.tlb_shootdown.Core0_L1 : Accumulator : Sum.u64 = 0; SumSQ.u64 = 0; Count.u64 = 0; Min.u64 = 0; Max.u64 = 0; 
 node1_mmu.tlb_hits.Core1_PTWC : Accumulator : Sum.u64 = 0; SumSQ.u64 = 0; Count.u64 = 0; Min.u64 = 0; Max.u64 = 0; 
 node1_mmu.tlb_misses.Core1_PTWC : Accumulator : Sum.u64 = 0; SumSQ.u64 = 0; Count.u64 = 0; Min.u64 = 0; Max.u64 = 0; 
 node1_mmu.total_waiting.1 : Accumulator : Sum.u64 = 0; SumSQ.u64 = 0; Count.u64 = 0; Min.u64 = 0; Max.u64 = 0; 
 node1_mmu.tlb_hits.Core1_L2 : Accumulator : Sum.u64 = 0; SumSQ.u64 = 0; Count.u64 = 0; Min.u64 = 0; Max.u64 = 0; 
 node1_mmu.tlb_misses.Core1_L2 : Accumulator : Sum.u64 = 0; SumSQ.u64 = 0; Count.u64 = 0; Min.u64 = 0; Max.u64 = 0; 
 node1_mmu.tlb_shootdown.Core1_L2 : Accumulator : Sum.u64 = 0; SumSQ.u64 = 0; Count.u64 = 0; Min.u64 = 0; Max.u64 = 0; 
 node1_mmu.tlb_hits.Core1_L1 : Accumulator : Sum.u64 = 0; SumSQ.u64 = 0; Count.u64 = 0; Min.u64 = 0; Max.u64 = 0; 
 node1_mmu.tlb_misses.Core1_L1 : Accumulator : Sum.u64 = 0; SumSQ.u64 = 0; Count.u64 = 0; Min.u64 = 0; Max.u64 = 0; 
 node1_mmu.tlb_shootdown.Core1_L1 : Accumulator : Sum.u64 = 0; SumSQ.u64 = 0; Count.u64 = 0; Min.u64 = 0; Max.u64 = 0; 
Simulation is complete, simulated time: 657.422 us
