d7296ecbeb56a73fbfe0d6c745e3cfc3 Simulation is complete, simulated time: 239.287 us
5ec9f6cf64338d09ff2ae0043b930335 Simulation is complete, simulated time: 626.441 us
d7f10ff34fded84c25d4db59dbf6c708 Simulation is complete, simulated time: 201.927 us
f8e3b1f5bbb9061e8e25f296fc031624 Simulation is complete, simulated time: 438.623 us
f0801415735d6f41249fb76b0101a962 Simulation is complete, simulated time: 8.666 us
bc8f6d3df57600fbba94840e9a144599 Simulation is complete, simulated time: 34.786 us
a08919f09f7b7129fbe54f1d2c6354f7 Simulation is complete, simulated time: 44.694 us
db16bab22d1b9b2782b2f0956261f0a3 Simulation is complete, simulated time: 8.666 us
b22446e074d9b54130595a3c1b06d610 Simulation is complete, simulated time: 34.786 us
e649788aa26d2c43f0026abcbaffa8af Simulation is complete, simulated time: 49.732 us
c3b3d81480248fd64a05ada494958030 Simulation is complete, simulated time: 10.45 us
34235c248177710f1d7c4ca76a22dccb Simulation is complete, simulated time: 8.666 us
242ceb7e72ccb91afa4af321017d825d Simulation is complete, simulated time: 34.786 us
d6bbe93d4a676505666604263f6c0674 Simulation is complete, simulated time: 2.11551 ms
2fe9b24c89b9185af8cacfa82f77df4c Simulation is complete, simulated time: 2.18506 ms
74768be00ed1ef9756e30418219bacc2 Simulation is complete, simulated time: 2.18388 ms
0c8310c3b78f4b5e2c52782aa8f070c2 Simulation is complete, simulated time: 200.258 us
6dc7435c8f81cd179ea648013bb84715 Simulation is complete, simulated time: 8.666 us
b3e38cf63512601b23764cbe2ac7c14b Simulation is complete, simulated time: 34.786 us
5b027d7a7d4b43e1920506301789c931 Simulation is complete, simulated time: 2.18506 ms
05c7f121a1b9e10e0358d9e324fd3e69 Simulation is complete, simulated time: 2.30223 ms
0990ecee6288cde2a0c991ace91503d8 Simulation is complete, simulated time: 2.30151 ms
3164153ad355103278e2de311d67be2f Simulation is complete, simulated time: 200.258 us
099447207e3911d934ae6665f4389e09 Simulation is complete, simulated time: 7.299 us
af319c153aa76c9e88dae19f8d53358a Simulation is complete, simulated time: 16.627 us
64ee6292810a61c1da608a570f1095e8 Simulation is complete, simulated time: 7.291 us
d5bcf3ea8812cde25c38635db7dfefdc Simulation is complete, simulated time: 16.595 us
a951f2cbf19d3adf29c49a2236862c40 Simulation is complete, simulated time: 10.618 us
60baf11b65c5c9f7ff5c104ee4e6256e Simulation is complete, simulated time: 79.952 us
68453fd9ac0a206990012c2af189dc1e Simulation is complete, simulated time: 81.27 us
e51cd85a67f7b7172d9f7543388774e7 Simulation is complete, simulated time: 10.618 us
394fae20aea1ebd2a46cb9551bf898bf Simulation is complete, simulated time: 79.952 us
3f8fbfdce3e05140ec47d10837704edd Simulation is complete, simulated time: 82.64 us
af2f40bf51d531f3a8ab4c080096a061 Simulation is complete, simulated time: 10.017 us
ff6afc402924794e81d73dbdcb58287c Simulation is complete, simulated time: 83.415 us
e30a2362a675006ef9349656c96784e7 Simulation is complete, simulated time: 84.569 us
46edb97a421ad50d91d8fe89813803df Simulation is complete, simulated time: 10.017 us
2e5ee6dfcec3db93a76627f5e790042b Simulation is complete, simulated time: 83.415 us
9f40fa3154279927dbd4238b1cf9bbb6 Simulation is complete, simulated time: 87.287 us
754ec7772480ee8eb23f96c05c31dafa Simulation is complete, simulated time: 6.713 us
e0d5beabec9d6f4f3968c1333ad909cb Simulation is complete, simulated time: 6.713 us
ca014506134ab76fbd0fdc90c58ec675 Simulation is complete, simulated time: 6.713 us
e73e7fbd13ce2d35c7d019ec8a7b9aab Simulation is complete, simulated time: 6.713 us
8ddeede185aab0bd0c1442dea83d6215 Simulation is complete, simulated time: 6.713 us
1bac7eccc97116e0b7b84983e65432fc Simulation is complete, simulated time: 6.713 us
bc3a52d35f6595f8e0480846216c215b Simulation is complete, simulated time: 6.713 us
e7424d63de93244f2e0f4f27f5d04364 Simulation is complete, simulated time: 6.713 us
6f4f7cdbb3e10536914b3a982bb52915 Simulation is complete, simulated time: 6.725 us
35410250d56d0ccbdcbc08b0d8abb89d Simulation is complete, simulated time: 6.733 us
a453f8440342f2973ca98f82b778c2ea Simulation is complete, simulated time: 8.281 us
b3f3c5a4b19bfb80231f82cd2be6afcd Simulation is complete, simulated time: 6.819 us
67629555904792f30d259b711b33a4a2 Simulation is complete, simulated time: 4.633 us
1118ac535ffd1c4f9d88bf2c4affd0c7 Simulation is complete, simulated time: 4.633 us
d5df164bda522dbcafa6ef20d28f0c92 Simulation is complete, simulated time: 4.633 us
f3d504d9699d30a0f46ce55c590cb57b Simulation is complete, simulated time: 4.633 us
54848c42751d5976418e6f84b785d519 Simulation is complete, simulated time: 18.4467 Ms
4fb57ac667cb9efe3d65ae2111987f38 Simulation is complete, simulated time: 18.4467 Ms
be35b3bad9c6dec958828bf0ceba0e75 Simulation is complete, simulated time: 18.4467 Ms
c05e083b361dc2250d64997f3b3b6c99 Simulation is complete, simulated time: 18.4467 Ms
b13f8a03549d178604ac0a84123153b4 Simulation is complete, simulated time: 6.389 us
d9c03fdf3e5a73c8b7e71b5eecf6e95a Simulation is complete, simulated time: 6.389 us
0bae048235920d1f89ce9ce04adfea81 Simulation is complete, simulated time: 6.389 us
4c12513c219260ea8298f0369f4fb82a Simulation is complete, simulated time: 6.389 us
83b8ebc974e7e54c6f87aa205434df0c Simulation is complete, simulated time: 10.722 us
88ebd4831d21ede918c70ccbc85ae48b Simulation is complete, simulated time: 10.722 us
9b07641207f05bc1f98899ca3aaeeba9 Simulation is complete, simulated time: 10.722 us
4ada7949c984390b8a9f7af1e618214f Simulation is complete, simulated time: 10.722 us
bd7d9ddcb08032f5baa2135f3a62f1ae Simulation is complete, simulated time: 10.722 us
268ab95ed7e04a6711ea6fbb45093226 Simulation is complete, simulated time: 10.722 us
0bfa3cdf90725e024fdd5c94cbcb1ea0 Simulation is complete, simulated time: 10.722 us
1eb22454c296db50daa4e701fdce1183 Simulation is complete, simulated time: 10.732 us
21f806db6e9cf15271ce1e22c9a4bd7d Simulation is complete, simulated time: 10.732 us
a6f5a4fae9461151ea7390279ec4c8f2 Simulation is complete, simulated time: 10.732 us
510c471babd8f4d59fd9897ba1056d83 Simulation is complete, simulated time: 10.732 us
08f6c8c7471c41ebc2b0350cf502e964 Simulation is complete, simulated time: 10.732 us
35cd00c36a62216c1558ddcb19c48722 Simulation is complete, simulated time: 10.732 us
fbc0698e82fcc06ff4ce9c5885b85968 Simulation is complete, simulated time: 10.732 us
b01481e411cdab490e94f09a5c43e1d9 Simulation is complete, simulated time: 12.74 us
a598bf87352eb0e2b9b0a297647e7316 Simulation is complete, simulated time: 12.74 us
157485a6027af20b16c3017697187688 Simulation is complete, simulated time: 12.74 us
b26a3301f1c72e3ddf7c307da614f642 Simulation is complete, simulated time: 12.74 us
93332730261f187c22602b07121bc462 Simulation is complete, simulated time: 12.944 us
164a73d77fb3b4fc9fc7b419910d0d92 Simulation is complete, simulated time: 12.944 us
4c3210c55d595f98d7bf21cd33a09c0e Simulation is complete, simulated time: 12.944 us
2ae130c8353ff30dc4a240aecf8e3e9b Simulation is complete, simulated time: 12.944 us
a891b6aef529449531d98a94c8493859 Simulation is complete, simulated time: 6.713 us
b01479e734d6d11c415a834de757d18e Simulation is complete, simulated time: 6.713 us
a35b706e4000b0b16d7b3730c57519c7 Simulation is complete, simulated time: 4.143 us
e1cb28c67ef7202b34a103055f7bf42b Simulation is complete, simulated time: 4.143 us
5fe56d7b6e21b1ee2e44fdba3e98c6f1 Simulation is complete, simulated time: 6.233 us
685aeb850f5b0c72d446b94bda68a37f Simulation is complete, simulated time: 6.233 us
482810f5de90e81d2f36b1f1cb4f58f6 Simulation is complete, simulated time: 6.233 us
86d4abae945b2095768a24ae9a2a6dc2 Simulation is complete, simulated time: 6.233 us
1999cbd4a9cdd66af28311e3f9ae4406 Simulation is complete, simulated time: 6.233 us
685e4c400477926d64ec94190a7f358d Simulation is complete, simulated time: 6.233 us
a74a1eabc0da16938a2a419dc474dac4 Simulation is complete, simulated time: 6.233 us
a81bdb57d24daac99561cc07563eb9c7 Simulation is complete, simulated time: 6.233 us
5e80937c30a2bfac97db527de4198f53 Simulation is complete, simulated time: 6.233 us
778d1624ea9a5cd528e34f347365bbbf Simulation is complete, simulated time: 6.233 us
7fe1856da8ece3629a8b44c31ab8f2f1 Simulation is complete, simulated time: 6.233 us
b2d5341514340e1b39df6c9fd908d495 Simulation is complete, simulated time: 6.233 us
4ac681057dfd265a2d20b7131d91ee72 Simulation is complete, simulated time: 18.4467 Ms
d2a0c55e9791eab2baef3439a98b2fe4 Simulation is complete, simulated time: 3.334 us
03a2a27b9db44090b04811e4303a8808 Simulation is complete, simulated time: 3.335 us
9feed44cb6c60ea9f27e29fcb5f6ffd0 Simulation is complete, simulated time: 2.407 us
2646c0d72a2dc15c364c10fd8d83420a Simulation is complete, simulated time: 3.335 us
1f74401cb152947a5ccffe529ac13cfb Simulation is complete, simulated time: 3.335 us
e1264d6529ad71b6d5390c6ce38cf0fe Simulation is complete, simulated time: 3.335 us
7de9b146ea0741b8853bb9766bbaf767 Simulation is complete, simulated time: 2.404 us
ddab0c47648485f18c7f1d4310975ef8 Simulation is complete, simulated time: 3.335 us
d9ea99bba242ca06176ebd10e87a8ca5 Simulation is complete, simulated time: 94.69 us
1a035b0a878b4b6cde211471473c9c59 Simulation is complete, simulated time: 540.383 us
f69b22fa0953e874a38e85b2e574dd5f Simulation is complete, simulated time: 90.647 us
38cfd8e03098d660321ccaa47b0ae705 Simulation is complete, simulated time: 398.591 us
afa82677f096f7e8e9f27ce6d2b16f88 Simulation is complete, simulated time: 5.547 us
89169015711497d38c13aff34948dfc3 Simulation is complete, simulated time: 21.14 us
372c96377a0530f6c737e357f3f5ab5c Simulation is complete, simulated time: 4.795 us
7fcfb37551b0930b5f0013989d259e93 Simulation is complete, simulated time: 58.458 us
ce6bd42451ed4bd04eb0e739f4b19b46 Simulation is complete, simulated time: 62.065 us
7925f150af565ee8be73325bbdaef17e Simulation is complete, simulated time: 2.83562 ms
ed54be56dd86620814681250bb4468bd Simulation is complete, simulated time: 3.798 us
57ad2ff95d56b1d4165da60e2a218b4b Simulation is complete, simulated time: 15.607 us
cbc2fd1061af7f69deb1492a2e487645 Simulation is complete, simulated time: 5.107 us
b3254445133bc1c8d072c7aaee9bd720 Simulation is complete, simulated time: 61.73 us
e3de009e490a608bf8391054e2b82874 Simulation is complete, simulated time: 5.33 us
e9e984963f08305947ec11c4781f6dda Simulation is complete, simulated time: 51.799 us
