20e886bfb7e3fea793bf0029e431d1a7 Simulation is complete, simulated time: 240.273 us
c4a74c672da38bc35a2cb3480313498d Simulation is complete, simulated time: 613.697 us
5f6021f216b371bf4d4834218ce3f1bb Simulation is complete, simulated time: 186.149 us
6eec970b3269d9eb2be6c4f09a9d9080 Simulation is complete, simulated time: 413.141 us
e8cdf1a1a4aa5a7749048c7dcf67ca6a Simulation is complete, simulated time: 9.074 us
f4b15be14bba163dcb2e4b642a8e3c6b Simulation is complete, simulated time: 46.368 us
4235171596788b842de423b0460c86bf Simulation is complete, simulated time: 56.916 us
50014f8db405b6e51a00abfe86d18a1d Simulation is complete, simulated time: 9.074 us
1ac054980eba5eb13f6207cbeb051ec1 Simulation is complete, simulated time: 46.968 us
99228b3dadbc45188e37e3b75ca6ce2c Simulation is complete, simulated time: 60.522 us
56897b7251e2e665f33199f82e1e266f Simulation is complete, simulated time: 10.85 us
23059a7933b94bb77d0d8cfa22e0aa4e Simulation is complete, simulated time: 9.074 us
063af3e51e2f826e19f23ff10b4c5f18 Simulation is complete, simulated time: 46.368 us
956cd31d0521f9dcaba85af469a68d12 Simulation is complete, simulated time: 3.33517 ms
d1beb5787ff77daf730c9daae83ede51 Simulation is complete, simulated time: 3.39472 ms
05ae92ecd0fa12d89b96b8fbfffbe178 Simulation is complete, simulated time: 3.39472 ms
b13fd8d32deb6af396771612e8dcbc6a Simulation is complete, simulated time: 341.704 us
bfcbcc3439246ee8bb3b9e1416b023b5 Simulation is complete, simulated time: 9.074 us
96ef09125604ac671e202d0381740c25 Simulation is complete, simulated time: 46.968 us
63c2acc33f4874da276c95f2347fac8d Simulation is complete, simulated time: 3.39472 ms
523b7c722410ba2b98dcc36846ff5314 Simulation is complete, simulated time: 3.51373 ms
1d9cb27f2056df62e8aedc95fdf7796c Simulation is complete, simulated time: 3.51373 ms
ab1add1f35f90727eea910bf7e0f81b9 Simulation is complete, simulated time: 373.42 us
2de75935ea9979e9394f939a035740ce Simulation is complete, simulated time: 7.683 us
0deb75644ef4c5b55526ea13acac9ddf Simulation is complete, simulated time: 17.869 us
d6c2fbe70743ecc9031e38e09cafaa6e Simulation is complete, simulated time: 7.679 us
caeb6c8c3f6fd743b585740f6e3d9061 Simulation is complete, simulated time: 17.853 us
7fca3bd3526e00cdad7d54637acf2f39 Simulation is complete, simulated time: 11.774 us
392adc0ace3695154d667a5058987354 Simulation is complete, simulated time: 109.216 us
11fa136c6e5730f03f97c2df2ac025ce Simulation is complete, simulated time: 110.244 us
1f0d8f7ed71092af5eb66728d370ae38 Simulation is complete, simulated time: 11.774 us
b357e0efaecab3d206b4f8d3cb2c7dd4 Simulation is complete, simulated time: 109.216 us
bf02d08d8b5b22aa1099cd3467706e85 Simulation is complete, simulated time: 110.896 us
90c12d7662800886091a47fbdfde7163 Simulation is complete, simulated time: 11.499 us
3baeef25ec6a74a92ea77394b2352c73 Simulation is complete, simulated time: 108.211 us
069e097dc752bdd149b0030377dcd9cc Simulation is complete, simulated time: 108.977 us
7c2b015c842bda7609bdd3cd3c39d0ba Simulation is complete, simulated time: 11.499 us
f55df8a1f4a9fcd6e2b04035137cf354 Simulation is complete, simulated time: 108.211 us
5dd729022a960da0a9ac163d18f88184 Simulation is complete, simulated time: 109.747 us
c7baae57caeb4b68703225f0a81f71a8 Simulation is complete, simulated time: 7.291 us
15d334d388a4ce0b4c6ad5a744291707 Simulation is complete, simulated time: 7.291 us
e3839497ee5efcbc0e2c02f5aff5e9fa Simulation is complete, simulated time: 7.291 us
ce495bcfcdec30c37bf956ac9237b5bb Simulation is complete, simulated time: 7.291 us
10b8a688bf73c255be048643c466d53c Simulation is complete, simulated time: 7.291 us
220a2bbb0022e7a7edfe41f7381109cc Simulation is complete, simulated time: 7.291 us
24aa3f67dc3169fdeb12b24133540c40 Simulation is complete, simulated time: 7.291 us
65457bdb91c90a0d5994093f1a032f42 Simulation is complete, simulated time: 7.291 us
f0cad1d67e4c255cb2d1f426b6806371 Simulation is complete, simulated time: 7.343 us
8b99377ee1e99b887a79e8dd95ba0e14 Simulation is complete, simulated time: 7.449 us
762328d5d6adafa312ab9c649cfd1aea Simulation is complete, simulated time: 9.793 us
8a1e3d64ded1d806a170e903521591f4 Simulation is complete, simulated time: 7.757 us
5e38fd7d5d594679d887fee9728e4435 Simulation is complete, simulated time: 5.338 us
641335334c8a3f637d657906f3a7c10e Simulation is complete, simulated time: 5.338 us
166e5a405187a3cd2672bd9f9e230636 Simulation is complete, simulated time: 5.338 us
bbf096f5c13274e454d1071a21be1ff0 Simulation is complete, simulated time: 5.338 us
03b39041a6953d56d4ab3ed44d3d808f Simulation is complete, simulated time: 5.467 us
43349e16f8d84e6d6be356c0e295dcc2 Simulation is complete, simulated time: 5.467 us
1d4b31a6677748ed649a0dad981f44f1 Simulation is complete, simulated time: 5.813 us
5889dd20792ae804f6621a40ce618990 Simulation is complete, simulated time: 5.467 us
dd79e49a68939928072188bba6f57249 Simulation is complete, simulated time: 6.471 us
fed6c149bcf87264b06fe224e59e1e9d Simulation is complete, simulated time: 6.471 us
ca0d18bb4120ac55076dc8e06162eace Simulation is complete, simulated time: 6.471 us
67512825a65816363335bd86cd23044f Simulation is complete, simulated time: 6.471 us
cf6baf07c1dc268f5a18c56cea05a7c0 Simulation is complete, simulated time: 12.116 us
e800535bfb11bef3874730b4031b2f5a Simulation is complete, simulated time: 12.116 us
7dc7594c195ea2175045f2cde4305e03 Simulation is complete, simulated time: 12.116 us
447d697538f54ab583eaf945c6fcec67 Simulation is complete, simulated time: 12.116 us
380531d42f55da530db1700f3ca56e53 Simulation is complete, simulated time: 12.116 us
5999458e5744c2ef1c5e093052167909 Simulation is complete, simulated time: 12.116 us
dce10c52a0044b4bbe8b8156a54f9abb Simulation is complete, simulated time: 12.116 us
0ec0a744056ca006c3c32d1713e37bc4 Simulation is complete, simulated time: 12.122 us
79bb3f25e52aa82a26a5c8f0f2220f78 Simulation is complete, simulated time: 12.122 us
9568ccf105c1194097791b215b5f9ce3 Simulation is complete, simulated time: 12.122 us
db2fd0c64381e8be1bb1c5833c5565a9 Simulation is complete, simulated time: 12.122 us
d9aa42f978cd1b02745830c0278eb1ac Simulation is complete, simulated time: 12.122 us
bfcc8f71df02f5fcff4dbf5884502821 Simulation is complete, simulated time: 12.122 us
4a11045ae8800841eb55287da0c1a526 Simulation is complete, simulated time: 12.122 us
5ae0e0bbb821c1d28bb75cf85016a3aa Simulation is complete, simulated time: 17.485 us
e016c98b90ae3b39114dd9b6a7db202a Simulation is complete, simulated time: 17.485 us
03f2b1fed5dcd9847a701237c754249a Simulation is complete, simulated time: 17.485 us
b5107315bd48cb43a7823762ebb9531b Simulation is complete, simulated time: 17.485 us
ccf9f70aca6488302d4eed5048e105b1 Simulation is complete, simulated time: 15.13 us
5de6e46cda20c5f0703812b2ad16ce00 Simulation is complete, simulated time: 15.13 us
313eaa178de1b726836e6607cf248d41 Simulation is complete, simulated time: 15.13 us
719e71be0c765f6ec685a849231a7e28 Simulation is complete, simulated time: 15.13 us
825f62f6f600ba298326bdf69b5f52a4 Simulation is complete, simulated time: 7.291 us
4235c525fdbab9153eb7a4056f9aab07 Simulation is complete, simulated time: 7.291 us
31e15481b0a69e931f817a611bd186b4 Simulation is complete, simulated time: 4.065 us
864398304944133f57f3301b923e64c2 Simulation is complete, simulated time: 4.065 us
125a174d8ec68607a400ccd08a106912 Simulation is complete, simulated time: 6.165 us
83da2374016bc103d7e1c476381780ab Simulation is complete, simulated time: 6.165 us
1adfd7ab5d105f65f194978755fa4008 Simulation is complete, simulated time: 6.165 us
94ce7bc42c41226c3a3620a7196c34b6 Simulation is complete, simulated time: 6.165 us
d976a31edc85f5f668c3e8c930a7444f Simulation is complete, simulated time: 6.165 us
61c31e462ae319be2afe7917c2cf8261 Simulation is complete, simulated time: 6.165 us
1876d545867933035e3edae51ebb6922 Simulation is complete, simulated time: 6.165 us
908a279f134958d01d357c1816c62ee7 Simulation is complete, simulated time: 6.165 us
4a7ea790ab15c1d2c9298849fdc282cb Simulation is complete, simulated time: 6.165 us
99a9a8ef68701329f999b0b0850e1400 Simulation is complete, simulated time: 6.165 us
4e01cc0a88838054e775aa7a4141af13 Simulation is complete, simulated time: 6.165 us
56133053efeae3d7ef74bc7aa66a0d06 Simulation is complete, simulated time: 6.165 us
7d42508b20ce6b4391751a06df3df00a Simulation is complete, simulated time: 1.762 us
1b34b05061c5058070a612445bc899d8 Simulation is complete, simulated time: 1.848 us
67b4ce7286191bee72842b4950479a2c Simulation is complete, simulated time: 2.291 us
a674ea20bd174b74dedee21fd43e16bc Simulation is complete, simulated time: 1.864 us
cd86b5412ea0b0890cd0f92ebfcd83a6 Simulation is complete, simulated time: 2.748 us
bc36733b69d250348d7e63a1b193444f Simulation is complete, simulated time: 2.291 us
3c0038c4be9eda97bc85469641f57aaf Simulation is complete, simulated time: 2.748 us
1a26ade0ee4de6663481765f67529f2d Simulation is complete, simulated time: 1.57 us
4ec46ab2f1d6e794b61664833c257f37 Simulation is complete, simulated time: 1.997 us
bed45b3470382f1633ba6b99cf77d9be Simulation is complete, simulated time: 43.582 us
57a9aee6e6521cac86fdc4507a903307 Simulation is complete, simulated time: 630.513 us
63c7271b0edc55185ef52bb6f848c547 Simulation is complete, simulated time: 36.023 us
4b2fd1f1d9a59ff64aaa4510649525eb Simulation is complete, simulated time: 441.623 us
d6dd2c35563417f4fb945ad3362ecb9c Simulation is complete, simulated time: 2.643 us
afa5982dcb8f084e23018629634732e0 Simulation is complete, simulated time: 27.302 us
3c1a798313220a6f398fa72fb7663254 Simulation is complete, simulated time: 3.831 us
c1ca0f5826a8e5131964e070672cab0f Simulation is complete, simulated time: 141.69 us
cec2296f0ac1370617d72b0db25e346b Simulation is complete, simulated time: 26.86 us
5a845c05ec78a9ac364731f4a22f30fb Simulation is complete, simulated time: 8.87716 ms
80279cde7618ffd8b5073c4e05da2dee Simulation is complete, simulated time: 2.096 us
8609806b1ae1fe8e47f90ca7e608785f Simulation is complete, simulated time: 28.059 us
07c8fcaf8265aae176cdd48c226f5719 Simulation is complete, simulated time: 2.714 us
f45cfd58a09cb512bec42a1bb30ca347 Simulation is complete, simulated time: 128.97 us
56d186afacb520f350c17bb40e155a99 Simulation is complete, simulated time: 3.44 us
23b2e8caf4b9ebd8087bbc701937f596 Simulation is complete, simulated time: 54.133 us
