WARNING: Building component "StatisticComponent0" with no links assigned.
WARNING: Building component "StatisticComponent1" with no links assigned.
Simulation is complete, simulated time: 300.25 ns
