 c0.EventSizeReceived : Accumulator : Sum.u64 = 696; SumSQ.u64 = 14110; Count.u64 = 50; Min.u64 = 1; Max.u64 = 31; 
 c1.EventSizeReceived : Accumulator : Sum.u64 = 696; SumSQ.u64 = 14110; Count.u64 = 50; Min.u64 = 1; Max.u64 = 31; 
Simulation is complete, simulated time: 52 ns
