The value of tRCD is 300
After initialization 
 cpu.read_reqs : Accumulator : Sum.u64 = 10000; SumSQ.u64 = 10000; Count.u64 = 10000; 
 cpu.write_reqs : Accumulator : Sum.u64 = 10000; SumSQ.u64 = 10000; Count.u64 = 10000; 
 cpu.custom_reqs : Accumulator : Sum.u64 = 0; SumSQ.u64 = 0; Count.u64 = 0; 
 cpu.split_read_reqs : Accumulator : Sum.u64 = 0; SumSQ.u64 = 0; Count.u64 = 0; 
 cpu.split_write_reqs : Accumulator : Sum.u64 = 0; SumSQ.u64 = 0; Count.u64 = 0; 
 cpu.split_custom_reqs : Accumulator : Sum.u64 = 0; SumSQ.u64 = 0; Count.u64 = 0; 
 cpu.cycles_with_issue : Accumulator : Sum.u64 = 19993; SumSQ.u64 = 19993; Count.u64 = 19993; 
 cpu.cycles_no_issue : Accumulator : Sum.u64 = 6626347; SumSQ.u64 = 6626347; Count.u64 = 6626347; 
 cpu.total_bytes_read : Accumulator : Sum.u64 = 80000; SumSQ.u64 = 640000; Count.u64 = 10000; 
 cpu.total_bytes_write : Accumulator : Sum.u64 = 80000; SumSQ.u64 = 640000; Count.u64 = 10000; 
 cpu.total_bytes_custom : Accumulator : Sum.u64 = 0; SumSQ.u64 = 0; Count.u64 = 0; 
 cpu.req_latency : Accumulator : Sum.u64 = 55314826; SumSQ.u64 = 307134939750; Count.u64 = 20000; 
 cpu.time : Accumulator : Sum.u64 = 3323170; SumSQ.u64 = 11043458848900; Count.u64 = 1; 
 cpu.cycles_hit_fence : Accumulator : Sum.u64 = 0; SumSQ.u64 = 0; Count.u64 = 0; 
 cpu.cycles_max_issue : Accumulator : Sum.u64 = 7; SumSQ.u64 = 7; Count.u64 = 7; 
 cpu.cycles_max_reorder : Accumulator : Sum.u64 = 9986; SumSQ.u64 = 9986; Count.u64 = 9986; 
 cpu.cycles : Accumulator : Sum.u64 = 6646341; SumSQ.u64 = 6646341; Count.u64 = 6646341; 
 l1cache.prefetch_opportunities : Accumulator : Sum.u64 = 7585; SumSQ.u64 = 7585; Count.u64 = 7585; 
 l1cache.prefetches_issued : Accumulator : Sum.u64 = 6665; SumSQ.u64 = 6665; Count.u64 = 6665; 
 l1cache.prefetches_canceled_by_page_boundary : Accumulator : Sum.u64 = 128; SumSQ.u64 = 128; Count.u64 = 128; 
 l1cache.prefetches_canceled_by_history : Accumulator : Sum.u64 = 920; SumSQ.u64 = 920; Count.u64 = 920; 
 l1cache.Prefetch_requests : Accumulator : Sum.u64 = 6665; SumSQ.u64 = 6665; Count.u64 = 6665; 
 l1cache.Prefetch_hits : Accumulator : Sum.u64 = 29; SumSQ.u64 = 29; Count.u64 = 29; 
 l1cache.Prefetch_drops : Accumulator : Sum.u64 = 0; SumSQ.u64 = 0; Count.u64 = 0; 
 l1cache.TotalEventsReceived : Accumulator : Sum.u64 = 43636; SumSQ.u64 = 43636; Count.u64 = 43636; 
 l1cache.TotalEventsReplayed : Accumulator : Sum.u64 = 975; SumSQ.u64 = 975; Count.u64 = 975; 
 l1cache.TotalNoncacheableEventsReceived : Accumulator : Sum.u64 = 0; SumSQ.u64 = 0; Count.u64 = 0; 
 l1cache.CacheHits : Accumulator : Sum.u64 = 9686; SumSQ.u64 = 9686; Count.u64 = 9686; 
 l1cache.GetSHit_Arrival : Accumulator : Sum.u64 = 29; SumSQ.u64 = 29; Count.u64 = 29; 
 l1cache.GetXHit_Arrival : Accumulator : Sum.u64 = 9657; SumSQ.u64 = 9657; Count.u64 = 9657; 
 l1cache.GetSXHit_Arrival : Accumulator : Sum.u64 = 0; SumSQ.u64 = 0; Count.u64 = 0; 
 l1cache.GetSHit_Blocked : Accumulator : Sum.u64 = 0; SumSQ.u64 = 0; Count.u64 = 0; 
 l1cache.GetXHit_Blocked : Accumulator : Sum.u64 = 0; SumSQ.u64 = 0; Count.u64 = 0; 
 l1cache.GetSXHit_Blocked : Accumulator : Sum.u64 = 0; SumSQ.u64 = 0; Count.u64 = 0; 
 l1cache.CacheMisses : Accumulator : Sum.u64 = 16979; SumSQ.u64 = 16979; Count.u64 = 16979; 
 l1cache.GetSMiss_Arrival : Accumulator : Sum.u64 = 16636; SumSQ.u64 = 16636; Count.u64 = 16636; 
 l1cache.GetXMiss_Arrival : Accumulator : Sum.u64 = 343; SumSQ.u64 = 343; Count.u64 = 343; 
 l1cache.GetSXMiss_Arrival : Accumulator : Sum.u64 = 0; SumSQ.u64 = 0; Count.u64 = 0; 
 l1cache.GetSMiss_Blocked : Accumulator : Sum.u64 = 0; SumSQ.u64 = 0; Count.u64 = 0; 
 l1cache.GetXMiss_Blocked : Accumulator : Sum.u64 = 0; SumSQ.u64 = 0; Count.u64 = 0; 
 l1cache.GetSXMiss_Blocked : Accumulator : Sum.u64 = 0; SumSQ.u64 = 0; Count.u64 = 0; 
 l1cache.GetS_recv : Accumulator : Sum.u64 = 16665; SumSQ.u64 = 16665; Count.u64 = 16665; 
 l1cache.GetX_recv : Accumulator : Sum.u64 = 10000; SumSQ.u64 = 10000; Count.u64 = 10000; 
 l1cache.GetSX_recv : Accumulator : Sum.u64 = 0; SumSQ.u64 = 0; Count.u64 = 0; 
 l1cache.GetSResp_recv : Accumulator : Sum.u64 = 0; SumSQ.u64 = 0; Count.u64 = 0; 
 l1cache.GetXResp_recv : Accumulator : Sum.u64 = 16971; SumSQ.u64 = 16971; Count.u64 = 16971; 
 l1cache.PutS_recv : Accumulator : Sum.u64 = 0; SumSQ.u64 = 0; Count.u64 = 0; 
 l1cache.PutM_recv : Accumulator : Sum.u64 = 0; SumSQ.u64 = 0; Count.u64 = 0; 
 l1cache.PutE_recv : Accumulator : Sum.u64 = 0; SumSQ.u64 = 0; Count.u64 = 0; 
 l1cache.FetchInv_recv : Accumulator : Sum.u64 = 0; SumSQ.u64 = 0; Count.u64 = 0; 
 l1cache.FetchInvX_recv : Accumulator : Sum.u64 = 0; SumSQ.u64 = 0; Count.u64 = 0; 
 l1cache.Inv_recv : Accumulator : Sum.u64 = 0; SumSQ.u64 = 0; Count.u64 = 0; 
 l1cache.NACK_recv : Accumulator : Sum.u64 = 0; SumSQ.u64 = 0; Count.u64 = 0; 
 l1cache.MSHR_occupancy : Accumulator : Sum.u64 = 180781926; SumSQ.u64 = 4938385920; Count.u64 = 6646338; 
 l1cache.Bank_conflicts : Accumulator : Sum.u64 = 0; SumSQ.u64 = 0; Count.u64 = 0; 
 l1cache.evict_I : Accumulator : Sum.u64 = 0; SumSQ.u64 = 0; Count.u64 = 0; 
 l1cache.evict_E : Accumulator : Sum.u64 = 6930; SumSQ.u64 = 6930; Count.u64 = 6930; 
 l1cache.evict_M : Accumulator : Sum.u64 = 9921; SumSQ.u64 = 9921; Count.u64 = 9921; 
 l1cache.evict_IS : Accumulator : Sum.u64 = 0; SumSQ.u64 = 0; Count.u64 = 0; 
 l1cache.evict_IM : Accumulator : Sum.u64 = 0; SumSQ.u64 = 0; Count.u64 = 0; 
 l1cache.evict_IB : Accumulator : Sum.u64 = 0; SumSQ.u64 = 0; Count.u64 = 0; 
 l1cache.evict_SB : Accumulator : Sum.u64 = 0; SumSQ.u64 = 0; Count.u64 = 0; 
 l1cache.latency_GetS_IS : Accumulator : Sum.u64 = 176433886; SumSQ.u64 = 1941600238862; Count.u64 = 16628; 
 l1cache.latency_GetS_M : Accumulator : Sum.u64 = 0; SumSQ.u64 = 0; Count.u64 = 0; 
 l1cache.latency_GetX_IM : Accumulator : Sum.u64 = 4313808; SumSQ.u64 = 57279476120; Count.u64 = 343; 
 l1cache.latency_GetX_SM : Accumulator : Sum.u64 = 0; SumSQ.u64 = 0; Count.u64 = 0; 
 l1cache.latency_GetX_M : Accumulator : Sum.u64 = 0; SumSQ.u64 = 0; Count.u64 = 0; 
 l1cache.latency_GetSX_IM : Accumulator : Sum.u64 = 0; SumSQ.u64 = 0; Count.u64 = 0; 
 l1cache.latency_GetSX_SM : Accumulator : Sum.u64 = 0; SumSQ.u64 = 0; Count.u64 = 0; 
 l1cache.latency_GetSX_M : Accumulator : Sum.u64 = 0; SumSQ.u64 = 0; Count.u64 = 0; 
 l1cache.EventStalledForLockedCacheline : Accumulator : Sum.u64 = 0; SumSQ.u64 = 0; Count.u64 = 0; 
 l1cache.evict_S : Accumulator : Sum.u64 = 0; SumSQ.u64 = 0; Count.u64 = 0; 
 l1cache.evict_SM : Accumulator : Sum.u64 = 0; SumSQ.u64 = 0; Count.u64 = 0; 
 l1cache.stateEvent_GetS_I : Accumulator : Sum.u64 = 16636; SumSQ.u64 = 16636; Count.u64 = 16636; 
 l1cache.stateEvent_GetS_S : Accumulator : Sum.u64 = 0; SumSQ.u64 = 0; Count.u64 = 0; 
 l1cache.stateEvent_GetS_M : Accumulator : Sum.u64 = 2; SumSQ.u64 = 2; Count.u64 = 2; 
 l1cache.stateEvent_GetX_I : Accumulator : Sum.u64 = 343; SumSQ.u64 = 343; Count.u64 = 343; 
 l1cache.stateEvent_GetX_S : Accumulator : Sum.u64 = 0; SumSQ.u64 = 0; Count.u64 = 0; 
 l1cache.stateEvent_GetX_M : Accumulator : Sum.u64 = 0; SumSQ.u64 = 0; Count.u64 = 0; 
 l1cache.stateEvent_GetSX_I : Accumulator : Sum.u64 = 0; SumSQ.u64 = 0; Count.u64 = 0; 
 l1cache.stateEvent_GetSX_S : Accumulator : Sum.u64 = 0; SumSQ.u64 = 0; Count.u64 = 0; 
 l1cache.stateEvent_GetSX_M : Accumulator : Sum.u64 = 0; SumSQ.u64 = 0; Count.u64 = 0; 
 l1cache.stateEvent_GetSResp_IS : Accumulator : Sum.u64 = 0; SumSQ.u64 = 0; Count.u64 = 0; 
 l1cache.stateEvent_GetXResp_IS : Accumulator : Sum.u64 = 16628; SumSQ.u64 = 16628; Count.u64 = 16628; 
 l1cache.stateEvent_GetXResp_IM : Accumulator : Sum.u64 = 343; SumSQ.u64 = 343; Count.u64 = 343; 
 l1cache.stateEvent_GetXResp_SM : Accumulator : Sum.u64 = 0; SumSQ.u64 = 0; Count.u64 = 0; 
 l1cache.stateEvent_Inv_I : Accumulator : Sum.u64 = 0; SumSQ.u64 = 0; Count.u64 = 0; 
 l1cache.stateEvent_Inv_S : Accumulator : Sum.u64 = 0; SumSQ.u64 = 0; Count.u64 = 0; 
 l1cache.stateEvent_Inv_IS : Accumulator : Sum.u64 = 0; SumSQ.u64 = 0; Count.u64 = 0; 
 l1cache.stateEvent_Inv_IM : Accumulator : Sum.u64 = 0; SumSQ.u64 = 0; Count.u64 = 0; 
 l1cache.stateEvent_Inv_SM : Accumulator : Sum.u64 = 0; SumSQ.u64 = 0; Count.u64 = 0; 
 l1cache.stateEvent_Inv_SB : Accumulator : Sum.u64 = 0; SumSQ.u64 = 0; Count.u64 = 0; 
 l1cache.stateEvent_Inv_IB : Accumulator : Sum.u64 = 0; SumSQ.u64 = 0; Count.u64 = 0; 
 l1cache.stateEvent_FetchInvX_I : Accumulator : Sum.u64 = 0; SumSQ.u64 = 0; Count.u64 = 0; 
 l1cache.stateEvent_FetchInvX_M : Accumulator : Sum.u64 = 0; SumSQ.u64 = 0; Count.u64 = 0; 
 l1cache.stateEvent_FetchInvX_IS : Accumulator : Sum.u64 = 0; SumSQ.u64 = 0; Count.u64 = 0; 
 l1cache.stateEvent_FetchInvX_IM : Accumulator : Sum.u64 = 0; SumSQ.u64 = 0; Count.u64 = 0; 
 l1cache.stateEvent_FetchInvX_SB : Accumulator : Sum.u64 = 0; SumSQ.u64 = 0; Count.u64 = 0; 
 l1cache.stateEvent_FetchInvX_IB : Accumulator : Sum.u64 = 0; SumSQ.u64 = 0; Count.u64 = 0; 
 l1cache.stateEvent_Fetch_I : Accumulator : Sum.u64 = 0; SumSQ.u64 = 0; Count.u64 = 0; 
 l1cache.stateEvent_Fetch_S : Accumulator : Sum.u64 = 0; SumSQ.u64 = 0; Count.u64 = 0; 
 l1cache.stateEvent_Fetch_IS : Accumulator : Sum.u64 = 0; SumSQ.u64 = 0; Count.u64 = 0; 
 l1cache.stateEvent_Fetch_IM : Accumulator : Sum.u64 = 0; SumSQ.u64 = 0; Count.u64 = 0; 
 l1cache.stateEvent_Fetch_SM : Accumulator : Sum.u64 = 0; SumSQ.u64 = 0; Count.u64 = 0; 
 l1cache.stateEvent_Fetch_IB : Accumulator : Sum.u64 = 0; SumSQ.u64 = 0; Count.u64 = 0; 
 l1cache.stateEvent_Fetch_SB : Accumulator : Sum.u64 = 0; SumSQ.u64 = 0; Count.u64 = 0; 
 l1cache.stateEvent_FetchInv_I : Accumulator : Sum.u64 = 0; SumSQ.u64 = 0; Count.u64 = 0; 
 l1cache.stateEvent_FetchInv_S : Accumulator : Sum.u64 = 0; SumSQ.u64 = 0; Count.u64 = 0; 
 l1cache.stateEvent_FetchInv_M : Accumulator : Sum.u64 = 0; SumSQ.u64 = 0; Count.u64 = 0; 
 l1cache.stateEvent_FetchInv_IS : Accumulator : Sum.u64 = 0; SumSQ.u64 = 0; Count.u64 = 0; 
 l1cache.stateEvent_FetchInv_IM : Accumulator : Sum.u64 = 0; SumSQ.u64 = 0; Count.u64 = 0; 
 l1cache.stateEvent_FetchInv_SM : Accumulator : Sum.u64 = 0; SumSQ.u64 = 0; Count.u64 = 0; 
 l1cache.stateEvent_FetchInv_SB : Accumulator : Sum.u64 = 0; SumSQ.u64 = 0; Count.u64 = 0; 
 l1cache.stateEvent_FetchInv_IB : Accumulator : Sum.u64 = 0; SumSQ.u64 = 0; Count.u64 = 0; 
 l1cache.stateEvent_FlushLine_I : Accumulator : Sum.u64 = 0; SumSQ.u64 = 0; Count.u64 = 0; 
 l1cache.stateEvent_FlushLine_S : Accumulator : Sum.u64 = 0; SumSQ.u64 = 0; Count.u64 = 0; 
 l1cache.stateEvent_FlushLine_M : Accumulator : Sum.u64 = 0; SumSQ.u64 = 0; Count.u64 = 0; 
 l1cache.stateEvent_FlushLine_IS : Accumulator : Sum.u64 = 0; SumSQ.u64 = 0; Count.u64 = 0; 
 l1cache.stateEvent_FlushLine_IM : Accumulator : Sum.u64 = 0; SumSQ.u64 = 0; Count.u64 = 0; 
 l1cache.stateEvent_FlushLine_SM : Accumulator : Sum.u64 = 0; SumSQ.u64 = 0; Count.u64 = 0; 
 l1cache.stateEvent_FlushLine_IB : Accumulator : Sum.u64 = 0; SumSQ.u64 = 0; Count.u64 = 0; 
 l1cache.stateEvent_FlushLine_SB : Accumulator : Sum.u64 = 0; SumSQ.u64 = 0; Count.u64 = 0; 
 l1cache.stateEvent_FlushLineInv_I : Accumulator : Sum.u64 = 0; SumSQ.u64 = 0; Count.u64 = 0; 
 l1cache.stateEvent_FlushLineInv_S : Accumulator : Sum.u64 = 0; SumSQ.u64 = 0; Count.u64 = 0; 
 l1cache.stateEvent_FlushLineInv_M : Accumulator : Sum.u64 = 0; SumSQ.u64 = 0; Count.u64 = 0; 
 l1cache.stateEvent_FlushLineInv_IS : Accumulator : Sum.u64 = 0; SumSQ.u64 = 0; Count.u64 = 0; 
 l1cache.stateEvent_FlushLineInv_IM : Accumulator : Sum.u64 = 0; SumSQ.u64 = 0; Count.u64 = 0; 
 l1cache.stateEvent_FlushLineInv_SM : Accumulator : Sum.u64 = 0; SumSQ.u64 = 0; Count.u64 = 0; 
 l1cache.stateEvent_FlushLineInv_IB : Accumulator : Sum.u64 = 0; SumSQ.u64 = 0; Count.u64 = 0; 
 l1cache.stateEvent_FlushLineInv_SB : Accumulator : Sum.u64 = 0; SumSQ.u64 = 0; Count.u64 = 0; 
 l1cache.stateEvent_FlushLineResp_I : Accumulator : Sum.u64 = 0; SumSQ.u64 = 0; Count.u64 = 0; 
 l1cache.stateEvent_FlushLineResp_IB : Accumulator : Sum.u64 = 0; SumSQ.u64 = 0; Count.u64 = 0; 
 l1cache.stateEvent_FlushLineResp_SB : Accumulator : Sum.u64 = 0; SumSQ.u64 = 0; Count.u64 = 0; 
 l1cache.eventSent_GetS : Accumulator : Sum.u64 = 16636; SumSQ.u64 = 16636; Count.u64 = 16636; 
 l1cache.eventSent_GetX : Accumulator : Sum.u64 = 343; SumSQ.u64 = 343; Count.u64 = 343; 
 l1cache.eventSent_GetSX : Accumulator : Sum.u64 = 0; SumSQ.u64 = 0; Count.u64 = 0; 
 l1cache.eventSent_PutM : Accumulator : Sum.u64 = 9921; SumSQ.u64 = 9921; Count.u64 = 9921; 
 l1cache.eventSent_NACK_down : Accumulator : Sum.u64 = 0; SumSQ.u64 = 0; Count.u64 = 0; 
 l1cache.eventSent_FlushLine : Accumulator : Sum.u64 = 0; SumSQ.u64 = 0; Count.u64 = 0; 
 l1cache.eventSent_FlushLineInv : Accumulator : Sum.u64 = 0; SumSQ.u64 = 0; Count.u64 = 0; 
 l1cache.eventSent_FetchResp : Accumulator : Sum.u64 = 0; SumSQ.u64 = 0; Count.u64 = 0; 
 l1cache.eventSent_FetchXResp : Accumulator : Sum.u64 = 0; SumSQ.u64 = 0; Count.u64 = 0; 
 l1cache.eventSent_AckInv : Accumulator : Sum.u64 = 0; SumSQ.u64 = 0; Count.u64 = 0; 
 l1cache.eventSent_GetSResp : Accumulator : Sum.u64 = 10000; SumSQ.u64 = 10000; Count.u64 = 10000; 
 l1cache.eventSent_GetXResp : Accumulator : Sum.u64 = 10000; SumSQ.u64 = 10000; Count.u64 = 10000; 
 l1cache.eventSent_FlushLineResp : Accumulator : Sum.u64 = 0; SumSQ.u64 = 0; Count.u64 = 0; 
 l1cache.stateEvent_AckPut_I : Accumulator : Sum.u64 = 0; SumSQ.u64 = 0; Count.u64 = 0; 
 l1cache.eventSent_PutS : Accumulator : Sum.u64 = 0; SumSQ.u64 = 0; Count.u64 = 0; 
 l1cache.eventSent_PutE : Accumulator : Sum.u64 = 0; SumSQ.u64 = 0; Count.u64 = 0; 
 l1cache.stateEvent_GetS_E : Accumulator : Sum.u64 = 27; SumSQ.u64 = 27; Count.u64 = 27; 
 l1cache.stateEvent_GetX_E : Accumulator : Sum.u64 = 9657; SumSQ.u64 = 9657; Count.u64 = 9657; 
 l1cache.stateEvent_GetSX_E : Accumulator : Sum.u64 = 0; SumSQ.u64 = 0; Count.u64 = 0; 
 l1cache.stateEvent_FlushLine_E : Accumulator : Sum.u64 = 0; SumSQ.u64 = 0; Count.u64 = 0; 
 l1cache.stateEvent_FlushLineInv_E : Accumulator : Sum.u64 = 0; SumSQ.u64 = 0; Count.u64 = 0; 
 l1cache.stateEvent_FetchInv_E : Accumulator : Sum.u64 = 0; SumSQ.u64 = 0; Count.u64 = 0; 
 l1cache.stateEvent_FetchInvX_E : Accumulator : Sum.u64 = 0; SumSQ.u64 = 0; Count.u64 = 0; 
Simulation is complete, simulated time: 3.32317 ms
