
Prospero Component Statistics:
------------------------------------------------------------------------
- Completed at:                          13160357 ns
- Cycles with ops issued:                239155 cycles
- Cycles with no ops issued (LS full):   26079556 cycles
------------------------------------------------------------------------
- Reads issued:                          173833
- Writes issued:                         78410
- Split reads issued:                    58
- Split writes issued:                   14
- Bytes read:                            1269669
- Bytes written:                         1142526
------------------------------------------------------------------------
- Bandwidth (read):                      96.4768 MB/s
- Bandwidth (written):                   86.8157 MB/s
- Bandwidth (combined):                  183.293 MB/s
- Avr. Read request size:                                7.30 bytes
- Avr. Write request size:                              14.57 bytes
- Avr. Request size:                                     9.56 bytes

Simulation is complete, simulated time: 13.1604 ms
