
Prospero Component Statistics:
------------------------------------------------------------------------
- Completed at:                          13165376 ns
- Cycles with ops issued:                239695 cycles
- Cycles with no ops issued (LS full):   26089054 cycles
------------------------------------------------------------------------
- Reads issued:                          173834
- Writes issued:                         78421
- Split reads issued:                    59
- Split writes issued:                   25
- Bytes read:                            1269669
- Bytes written:                         1142526
------------------------------------------------------------------------
- Bandwidth (read):                      96.44 MB/s
- Bandwidth (written):                   86.7826 MB/s
- Bandwidth (combined):                  183.223 MB/s
- Avr. Read request size:                                7.30 bytes
- Avr. Write request size:                              14.57 bytes
- Avr. Request size:                                     9.56 bytes

Simulation is complete, simulated time: 13.1654 ms
