A[0] = 0
A[1] = 1
A[2] = 2
A[3] = 3
A[4] = 4
A[5] = 5
A[6] = 6
A[7] = 7
Simulation is complete, simulated time: 2.91879 us
