recv_values[0]=0
recv_values[1]=1
recv_values[2]=2
recv_values[3]=3
recv_values[4]=4
recv_values[5]=5
recv_values[6]=6
recv_values[7]=7
Simulation is complete, simulated time: 1.21395 us
