l2cache: No MSHR lookup latency provided (mshr_latency_cycles)...intrapolated to 5 cycles.
memory, WARNING: Memories no longer inherit address regions from directories and no region parameters (addr_range_start, addr_range_end, interleave_size, interleave_step) were detected. All addresses will map to this memory: if this is intended, you may ignore this warning or set addr_range_start to 0 in your input deck to eliminate this warning.
TrivialCPU: Test Completed Successfuly
FINAL STATS:
-----------------------------------------------------------------
- Events at NorthBus                 : 1000
- Events at SouthBus                 : 1000
- Total Events                       : 2000
-----------------------------------------------------------------

Address Histogram:
-----------------------------------------------------------------
Address_Range: Count
- [0-4095]: 70
- [4096-8191]: 62
- [8192-12287]: 66
- [12288-16383]: 60
- [16384-20479]: 64
- [20480-24575]: 60
- [24576-28671]: 58
- [28672-32767]: 73
- [32768-36863]: 66
- [36864-40959]: 57
- [40960-45055]: 74
- [45056-49151]: 60
- [49152-53247]: 59
- [53248-57343]: 59
- [57344-61439]: 55
- [61440-65535]: 57
-----------------------------------------------------------------
- Total_Events_Address: 1000
-----------------------------------------------------------------

Access Latency Distribution (ns):
-----------------------------------------------------------------
Min-Latency(ns): 4  Max-Latency(ns): 131  #Bins: 10
-----------------------------------------------------------------
Latency Range(ns): Count
- [0-13]: 63
- [14-27]: 320
- [28-41]: 0
- [42-55]: 0
- [56-69]: 0
- [70-83]: 0
- [84-97]: 0
- [98-111]: 0
- [112-125]: 616
- [126-139]: 1
-----------------------------------------------------------------
- Total_Events_Latency: 1000
-----------------------------------------------------------------

TrivialCPU cpu0 Finished after 1000 issued reads, 1000 returned (104054 clocks)
Simulation is complete, simulated time: 104.054 us
