 cpu0.read_reqs : Accumulator : Sum.u64 = 100000; SumSQ.u64 = 100000; Count.u64 = 100000; Min.u64 = 1; Max.u64 = 1; 
 cpu0.write_reqs : Accumulator : Sum.u64 = 100000; SumSQ.u64 = 100000; Count.u64 = 100000; Min.u64 = 1; Max.u64 = 1; 
 cpu0.custom_reqs : Accumulator : Sum.u64 = 0; SumSQ.u64 = 0; Count.u64 = 0; Min.u64 = 0; Max.u64 = 0; 
 cpu0.split_read_reqs : Accumulator : Sum.u64 = 0; SumSQ.u64 = 0; Count.u64 = 0; Min.u64 = 0; Max.u64 = 0; 
 cpu0.split_write_reqs : Accumulator : Sum.u64 = 0; SumSQ.u64 = 0; Count.u64 = 0; Min.u64 = 0; Max.u64 = 0; 
 cpu0.split_custom_reqs : Accumulator : Sum.u64 = 0; SumSQ.u64 = 0; Count.u64 = 0; Min.u64 = 0; Max.u64 = 0; 
 cpu0.cycles_with_issue : Accumulator : Sum.u64 = 190147; SumSQ.u64 = 190147; Count.u64 = 190147; Min.u64 = 1; Max.u64 = 1; 
 cpu0.cycles_no_issue : Accumulator : Sum.u64 = 353257; SumSQ.u64 = 353257; Count.u64 = 353257; Min.u64 = 1; Max.u64 = 1; 
 cpu0.total_bytes_read : Accumulator : Sum.u64 = 800000; SumSQ.u64 = 6400000; Count.u64 = 100000; Min.u64 = 8; Max.u64 = 8; 
 cpu0.total_bytes_write : Accumulator : Sum.u64 = 800000; SumSQ.u64 = 6400000; Count.u64 = 100000; Min.u64 = 8; Max.u64 = 8; 
 cpu0.total_bytes_custom : Accumulator : Sum.u64 = 0; SumSQ.u64 = 0; Count.u64 = 0; Min.u64 = 0; Max.u64 = 0; 
 cpu0.req_latency : Accumulator : Sum.u64 = 4797122; SumSQ.u64 = 281380880; Count.u64 = 200000; Min.u64 = 1; Max.u64 = 197; 
 cpu0.time : Accumulator : Sum.u64 = 271702; SumSQ.u64 = 73821976804; Count.u64 = 1; Min.u64 = 271702; Max.u64 = 271702; 
 cpu0.cycles_hit_fence : Accumulator : Sum.u64 = 0; SumSQ.u64 = 0; Count.u64 = 0; Min.u64 = 0; Max.u64 = 0; 
 cpu0.cycles_max_issue : Accumulator : Sum.u64 = 9816; SumSQ.u64 = 9816; Count.u64 = 9816; Min.u64 = 1; Max.u64 = 1; 
 cpu0.cycles_max_reorder : Accumulator : Sum.u64 = 98309; SumSQ.u64 = 98309; Count.u64 = 98309; Min.u64 = 1; Max.u64 = 1; 
 cpu0.cycles : Accumulator : Sum.u64 = 543405; SumSQ.u64 = 543405; Count.u64 = 543405; Min.u64 = 1; Max.u64 = 1; 
 cpu1.read_reqs : Accumulator : Sum.u64 = 100000; SumSQ.u64 = 100000; Count.u64 = 100000; Min.u64 = 1; Max.u64 = 1; 
 cpu1.write_reqs : Accumulator : Sum.u64 = 100000; SumSQ.u64 = 100000; Count.u64 = 100000; Min.u64 = 1; Max.u64 = 1; 
 cpu1.custom_reqs : Accumulator : Sum.u64 = 0; SumSQ.u64 = 0; Count.u64 = 0; Min.u64 = 0; Max.u64 = 0; 
 cpu1.split_read_reqs : Accumulator : Sum.u64 = 0; SumSQ.u64 = 0; Count.u64 = 0; Min.u64 = 0; Max.u64 = 0; 
 cpu1.split_write_reqs : Accumulator : Sum.u64 = 0; SumSQ.u64 = 0; Count.u64 = 0; Min.u64 = 0; Max.u64 = 0; 
 cpu1.split_custom_reqs : Accumulator : Sum.u64 = 0; SumSQ.u64 = 0; Count.u64 = 0; Min.u64 = 0; Max.u64 = 0; 
 cpu1.cycles_with_issue : Accumulator : Sum.u64 = 190272; SumSQ.u64 = 190272; Count.u64 = 190272; Min.u64 = 1; Max.u64 = 1; 
 cpu1.cycles_no_issue : Accumulator : Sum.u64 = 355682; SumSQ.u64 = 355682; Count.u64 = 355682; Min.u64 = 1; Max.u64 = 1; 
 cpu1.total_bytes_read : Accumulator : Sum.u64 = 800000; SumSQ.u64 = 6400000; Count.u64 = 100000; Min.u64 = 8; Max.u64 = 8; 
 cpu1.total_bytes_write : Accumulator : Sum.u64 = 800000; SumSQ.u64 = 6400000; Count.u64 = 100000; Min.u64 = 8; Max.u64 = 8; 
 cpu1.total_bytes_custom : Accumulator : Sum.u64 = 0; SumSQ.u64 = 0; Count.u64 = 0; Min.u64 = 0; Max.u64 = 0; 
 cpu1.req_latency : Accumulator : Sum.u64 = 4836010; SumSQ.u64 = 286349116; Count.u64 = 200000; Min.u64 = 1; Max.u64 = 220; 
 cpu1.time : Accumulator : Sum.u64 = 272977; SumSQ.u64 = 74516442529; Count.u64 = 1; Min.u64 = 272977; Max.u64 = 272977; 
 cpu1.cycles_hit_fence : Accumulator : Sum.u64 = 0; SumSQ.u64 = 0; Count.u64 = 0; Min.u64 = 0; Max.u64 = 0; 
 cpu1.cycles_max_issue : Accumulator : Sum.u64 = 9699; SumSQ.u64 = 9699; Count.u64 = 9699; Min.u64 = 1; Max.u64 = 1; 
 cpu1.cycles_max_reorder : Accumulator : Sum.u64 = 98393; SumSQ.u64 = 98393; Count.u64 = 98393; Min.u64 = 1; Max.u64 = 1; 
 cpu1.cycles : Accumulator : Sum.u64 = 545955; SumSQ.u64 = 545955; Count.u64 = 545955; Min.u64 = 1; Max.u64 = 1; 
 l1cache0.prefetch_opportunities : Accumulator : Sum.u64 = 76377; SumSQ.u64 = 76377; Count.u64 = 76377; Min.u64 = 1; Max.u64 = 1; 
 l1cache0.prefetches_issued : Accumulator : Sum.u64 = 64870; SumSQ.u64 = 64870; Count.u64 = 64870; Min.u64 = 1; Max.u64 = 1; 
 l1cache0.prefetches_canceled_by_page_boundary : Accumulator : Sum.u64 = 1324; SumSQ.u64 = 1324; Count.u64 = 1324; Min.u64 = 1; Max.u64 = 1; 
 l1cache0.prefetches_canceled_by_history : Accumulator : Sum.u64 = 11507; SumSQ.u64 = 11507; Count.u64 = 11507; Min.u64 = 1; Max.u64 = 1; 
 l1cache0.Prefetch_requests : Accumulator : Sum.u64 = 64870; SumSQ.u64 = 64870; Count.u64 = 64870; Min.u64 = 1; Max.u64 = 1; 
 l1cache0.Prefetch_drops : Accumulator : Sum.u64 = 68; SumSQ.u64 = 68; Count.u64 = 68; Min.u64 = 1; Max.u64 = 1; 
 l1cache0.TotalEventsReceived : Accumulator : Sum.u64 = 601226; SumSQ.u64 = 601226; Count.u64 = 601226; Min.u64 = 1; Max.u64 = 1; 
 l1cache0.TotalEventsReplayed : Accumulator : Sum.u64 = 22720; SumSQ.u64 = 22720; Count.u64 = 22720; Min.u64 = 1; Max.u64 = 1; 
 l1cache0.TotalNoncacheableEventsReceived : Accumulator : Sum.u64 = 0; SumSQ.u64 = 0; Count.u64 = 0; Min.u64 = 0; Max.u64 = 0; 
 l1cache0.CacheHits : Accumulator : Sum.u64 = 96562; SumSQ.u64 = 96562; Count.u64 = 96562; Min.u64 = 1; Max.u64 = 1; 
 l1cache0.GetSHit_Arrival : Accumulator : Sum.u64 = 2074; SumSQ.u64 = 2074; Count.u64 = 2074; Min.u64 = 1; Max.u64 = 1; 
 l1cache0.GetXHit_Arrival : Accumulator : Sum.u64 = 94488; SumSQ.u64 = 94488; Count.u64 = 94488; Min.u64 = 1; Max.u64 = 1; 
 l1cache0.GetSXHit_Arrival : Accumulator : Sum.u64 = 0; SumSQ.u64 = 0; Count.u64 = 0; Min.u64 = 0; Max.u64 = 0; 
 l1cache0.GetSHit_Blocked : Accumulator : Sum.u64 = 0; SumSQ.u64 = 0; Count.u64 = 0; Min.u64 = 0; Max.u64 = 0; 
 l1cache0.GetXHit_Blocked : Accumulator : Sum.u64 = 0; SumSQ.u64 = 0; Count.u64 = 0; Min.u64 = 0; Max.u64 = 0; 
 l1cache0.GetSXHit_Blocked : Accumulator : Sum.u64 = 0; SumSQ.u64 = 0; Count.u64 = 0; Min.u64 = 0; Max.u64 = 0; 
 l1cache0.CacheMisses : Accumulator : Sum.u64 = 168240; SumSQ.u64 = 168240; Count.u64 = 168240; Min.u64 = 1; Max.u64 = 1; 
 l1cache0.GetSMiss_Arrival : Accumulator : Sum.u64 = 162728; SumSQ.u64 = 162728; Count.u64 = 162728; Min.u64 = 1; Max.u64 = 1; 
 l1cache0.GetXMiss_Arrival : Accumulator : Sum.u64 = 1; SumSQ.u64 = 1; Count.u64 = 1; Min.u64 = 1; Max.u64 = 1; 
 l1cache0.GetSXMiss_Arrival : Accumulator : Sum.u64 = 0; SumSQ.u64 = 0; Count.u64 = 0; Min.u64 = 0; Max.u64 = 0; 
 l1cache0.GetSMiss_Blocked : Accumulator : Sum.u64 = 0; SumSQ.u64 = 0; Count.u64 = 0; Min.u64 = 0; Max.u64 = 0; 
 l1cache0.GetXMiss_Blocked : Accumulator : Sum.u64 = 5511; SumSQ.u64 = 5511; Count.u64 = 5511; Min.u64 = 1; Max.u64 = 1; 
 l1cache0.GetSXMiss_Blocked : Accumulator : Sum.u64 = 0; SumSQ.u64 = 0; Count.u64 = 0; Min.u64 = 0; Max.u64 = 0; 
 l1cache0.GetS_recv : Accumulator : Sum.u64 = 164870; SumSQ.u64 = 164870; Count.u64 = 164870; Min.u64 = 1; Max.u64 = 1; 
 l1cache0.GetX_recv : Accumulator : Sum.u64 = 100000; SumSQ.u64 = 100000; Count.u64 = 100000; Min.u64 = 1; Max.u64 = 1; 
 l1cache0.GetSX_recv : Accumulator : Sum.u64 = 0; SumSQ.u64 = 0; Count.u64 = 0; Min.u64 = 0; Max.u64 = 0; 
 l1cache0.GetSResp_recv : Accumulator : Sum.u64 = 2; SumSQ.u64 = 2; Count.u64 = 2; Min.u64 = 1; Max.u64 = 1; 
 l1cache0.GetXResp_recv : Accumulator : Sum.u64 = 168238; SumSQ.u64 = 168238; Count.u64 = 168238; Min.u64 = 1; Max.u64 = 1; 
 l1cache0.PutS_recv : Accumulator : Sum.u64 = 0; SumSQ.u64 = 0; Count.u64 = 0; Min.u64 = 0; Max.u64 = 0; 
 l1cache0.PutM_recv : Accumulator : Sum.u64 = 0; SumSQ.u64 = 0; Count.u64 = 0; Min.u64 = 0; Max.u64 = 0; 
 l1cache0.PutE_recv : Accumulator : Sum.u64 = 0; SumSQ.u64 = 0; Count.u64 = 0; Min.u64 = 0; Max.u64 = 0; 
 l1cache0.FetchInv_recv : Accumulator : Sum.u64 = 0; SumSQ.u64 = 0; Count.u64 = 0; Min.u64 = 0; Max.u64 = 0; 
 l1cache0.FetchInvX_recv : Accumulator : Sum.u64 = 5; SumSQ.u64 = 5; Count.u64 = 5; Min.u64 = 1; Max.u64 = 1; 
 l1cache0.Inv_recv : Accumulator : Sum.u64 = 4; SumSQ.u64 = 4; Count.u64 = 4; Min.u64 = 1; Max.u64 = 1; 
 l1cache0.NACK_recv : Accumulator : Sum.u64 = 0; SumSQ.u64 = 0; Count.u64 = 0; Min.u64 = 0; Max.u64 = 0; 
 l1cache0.MSHR_occupancy : Accumulator : Sum.u64 = 14471143; SumSQ.u64 = 390776969; Count.u64 = 545955; Min.u64 = 0; Max.u64 = 42; 
 l1cache0.Bank_conflicts : Accumulator : Sum.u64 = 0; SumSQ.u64 = 0; Count.u64 = 0; Min.u64 = 0; Max.u64 = 0; 
 l1cache0.evict_I : Accumulator : Sum.u64 = 0; SumSQ.u64 = 0; Count.u64 = 0; Min.u64 = 0; Max.u64 = 0; 
 l1cache0.evict_E : Accumulator : Sum.u64 = 68188; SumSQ.u64 = 68188; Count.u64 = 68188; Min.u64 = 1; Max.u64 = 1; 
 l1cache0.evict_M : Accumulator : Sum.u64 = 99917; SumSQ.u64 = 99917; Count.u64 = 99917; Min.u64 = 1; Max.u64 = 1; 
 l1cache0.evict_IS : Accumulator : Sum.u64 = 0; SumSQ.u64 = 0; Count.u64 = 0; Min.u64 = 0; Max.u64 = 0; 
 l1cache0.evict_IM : Accumulator : Sum.u64 = 0; SumSQ.u64 = 0; Count.u64 = 0; Min.u64 = 0; Max.u64 = 0; 
 l1cache0.evict_IB : Accumulator : Sum.u64 = 0; SumSQ.u64 = 0; Count.u64 = 0; Min.u64 = 0; Max.u64 = 0; 
 l1cache0.evict_SB : Accumulator : Sum.u64 = 0; SumSQ.u64 = 0; Count.u64 = 0; Min.u64 = 0; Max.u64 = 0; 
 l1cache0.latency_GetS_IS : Accumulator : Sum.u64 = 13542749; SumSQ.u64 = 1513424847; Count.u64 = 162728; Min.u64 = 15; Max.u64 = 389; 
 l1cache0.latency_GetS_M : Accumulator : Sum.u64 = 0; SumSQ.u64 = 0; Count.u64 = 0; Min.u64 = 0; Max.u64 = 0; 
 l1cache0.latency_GetX_IM : Accumulator : Sum.u64 = 928374; SumSQ.u64 = 169804996; Count.u64 = 5511; Min.u64 = 26; Max.u64 = 394; 
 l1cache0.latency_GetX_SM : Accumulator : Sum.u64 = 20; SumSQ.u64 = 400; Count.u64 = 1; Min.u64 = 20; Max.u64 = 20; 
 l1cache0.latency_GetX_M : Accumulator : Sum.u64 = 0; SumSQ.u64 = 0; Count.u64 = 0; Min.u64 = 0; Max.u64 = 0; 
 l1cache0.latency_GetSX_IM : Accumulator : Sum.u64 = 0; SumSQ.u64 = 0; Count.u64 = 0; Min.u64 = 0; Max.u64 = 0; 
 l1cache0.latency_GetSX_SM : Accumulator : Sum.u64 = 0; SumSQ.u64 = 0; Count.u64 = 0; Min.u64 = 0; Max.u64 = 0; 
 l1cache0.latency_GetSX_M : Accumulator : Sum.u64 = 0; SumSQ.u64 = 0; Count.u64 = 0; Min.u64 = 0; Max.u64 = 0; 
 l1cache0.EventStalledForLockedCacheline : Accumulator : Sum.u64 = 0; SumSQ.u64 = 0; Count.u64 = 0; Min.u64 = 0; Max.u64 = 0; 
 l1cache0.evict_S : Accumulator : Sum.u64 = 2; SumSQ.u64 = 2; Count.u64 = 2; Min.u64 = 1; Max.u64 = 1; 
 l1cache0.evict_SM : Accumulator : Sum.u64 = 0; SumSQ.u64 = 0; Count.u64 = 0; Min.u64 = 0; Max.u64 = 0; 
 l1cache0.stateEvent_GetS_I : Accumulator : Sum.u64 = 162728; SumSQ.u64 = 162728; Count.u64 = 162728; Min.u64 = 1; Max.u64 = 1; 
 l1cache0.stateEvent_GetS_S : Accumulator : Sum.u64 = 0; SumSQ.u64 = 0; Count.u64 = 0; Min.u64 = 0; Max.u64 = 0; 
 l1cache0.stateEvent_GetS_M : Accumulator : Sum.u64 = 18; SumSQ.u64 = 18; Count.u64 = 18; Min.u64 = 1; Max.u64 = 1; 
 l1cache0.stateEvent_GetX_I : Accumulator : Sum.u64 = 5511; SumSQ.u64 = 5511; Count.u64 = 5511; Min.u64 = 1; Max.u64 = 1; 
 l1cache0.stateEvent_GetX_S : Accumulator : Sum.u64 = 1; SumSQ.u64 = 1; Count.u64 = 1; Min.u64 = 1; Max.u64 = 1; 
 l1cache0.stateEvent_GetX_M : Accumulator : Sum.u64 = 1; SumSQ.u64 = 1; Count.u64 = 1; Min.u64 = 1; Max.u64 = 1; 
 l1cache0.stateEvent_GetSX_I : Accumulator : Sum.u64 = 0; SumSQ.u64 = 0; Count.u64 = 0; Min.u64 = 0; Max.u64 = 0; 
 l1cache0.stateEvent_GetSX_S : Accumulator : Sum.u64 = 0; SumSQ.u64 = 0; Count.u64 = 0; Min.u64 = 0; Max.u64 = 0; 
 l1cache0.stateEvent_GetSX_M : Accumulator : Sum.u64 = 0; SumSQ.u64 = 0; Count.u64 = 0; Min.u64 = 0; Max.u64 = 0; 
 l1cache0.stateEvent_GetSResp_IS : Accumulator : Sum.u64 = 2; SumSQ.u64 = 2; Count.u64 = 2; Min.u64 = 1; Max.u64 = 1; 
 l1cache0.stateEvent_GetXResp_IS : Accumulator : Sum.u64 = 162726; SumSQ.u64 = 162726; Count.u64 = 162726; Min.u64 = 1; Max.u64 = 1; 
 l1cache0.stateEvent_GetXResp_IM : Accumulator : Sum.u64 = 5511; SumSQ.u64 = 5511; Count.u64 = 5511; Min.u64 = 1; Max.u64 = 1; 
 l1cache0.stateEvent_GetXResp_SM : Accumulator : Sum.u64 = 1; SumSQ.u64 = 1; Count.u64 = 1; Min.u64 = 1; Max.u64 = 1; 
 l1cache0.stateEvent_Inv_I : Accumulator : Sum.u64 = 0; SumSQ.u64 = 0; Count.u64 = 0; Min.u64 = 0; Max.u64 = 0; 
 l1cache0.stateEvent_Inv_S : Accumulator : Sum.u64 = 4; SumSQ.u64 = 4; Count.u64 = 4; Min.u64 = 1; Max.u64 = 1; 
 l1cache0.stateEvent_Inv_IS : Accumulator : Sum.u64 = 0; SumSQ.u64 = 0; Count.u64 = 0; Min.u64 = 0; Max.u64 = 0; 
 l1cache0.stateEvent_Inv_IM : Accumulator : Sum.u64 = 0; SumSQ.u64 = 0; Count.u64 = 0; Min.u64 = 0; Max.u64 = 0; 
 l1cache0.stateEvent_Inv_SM : Accumulator : Sum.u64 = 0; SumSQ.u64 = 0; Count.u64 = 0; Min.u64 = 0; Max.u64 = 0; 
 l1cache0.stateEvent_Inv_SB : Accumulator : Sum.u64 = 0; SumSQ.u64 = 0; Count.u64 = 0; Min.u64 = 0; Max.u64 = 0; 
 l1cache0.stateEvent_Inv_IB : Accumulator : Sum.u64 = 0; SumSQ.u64 = 0; Count.u64 = 0; Min.u64 = 0; Max.u64 = 0; 
 l1cache0.stateEvent_FetchInvX_I : Accumulator : Sum.u64 = 0; SumSQ.u64 = 0; Count.u64 = 0; Min.u64 = 0; Max.u64 = 0; 
 l1cache0.stateEvent_FetchInvX_M : Accumulator : Sum.u64 = 3; SumSQ.u64 = 3; Count.u64 = 3; Min.u64 = 1; Max.u64 = 1; 
 l1cache0.stateEvent_FetchInvX_IS : Accumulator : Sum.u64 = 0; SumSQ.u64 = 0; Count.u64 = 0; Min.u64 = 0; Max.u64 = 0; 
 l1cache0.stateEvent_FetchInvX_IM : Accumulator : Sum.u64 = 0; SumSQ.u64 = 0; Count.u64 = 0; Min.u64 = 0; Max.u64 = 0; 
 l1cache0.stateEvent_FetchInvX_SB : Accumulator : Sum.u64 = 0; SumSQ.u64 = 0; Count.u64 = 0; Min.u64 = 0; Max.u64 = 0; 
 l1cache0.stateEvent_FetchInvX_IB : Accumulator : Sum.u64 = 0; SumSQ.u64 = 0; Count.u64 = 0; Min.u64 = 0; Max.u64 = 0; 
 l1cache0.stateEvent_Fetch_I : Accumulator : Sum.u64 = 0; SumSQ.u64 = 0; Count.u64 = 0; Min.u64 = 0; Max.u64 = 0; 
 l1cache0.stateEvent_Fetch_S : Accumulator : Sum.u64 = 0; SumSQ.u64 = 0; Count.u64 = 0; Min.u64 = 0; Max.u64 = 0; 
 l1cache0.stateEvent_Fetch_IS : Accumulator : Sum.u64 = 0; SumSQ.u64 = 0; Count.u64 = 0; Min.u64 = 0; Max.u64 = 0; 
 l1cache0.stateEvent_Fetch_IM : Accumulator : Sum.u64 = 0; SumSQ.u64 = 0; Count.u64 = 0; Min.u64 = 0; Max.u64 = 0; 
 l1cache0.stateEvent_Fetch_SM : Accumulator : Sum.u64 = 0; SumSQ.u64 = 0; Count.u64 = 0; Min.u64 = 0; Max.u64 = 0; 
 l1cache0.stateEvent_Fetch_IB : Accumulator : Sum.u64 = 0; SumSQ.u64 = 0; Count.u64 = 0; Min.u64 = 0; Max.u64 = 0; 
 l1cache0.stateEvent_Fetch_SB : Accumulator : Sum.u64 = 0; SumSQ.u64 = 0; Count.u64 = 0; Min.u64 = 0; Max.u64 = 0; 
 l1cache0.stateEvent_FetchInv_I : Accumulator : Sum.u64 = 0; SumSQ.u64 = 0; Count.u64 = 0; Min.u64 = 0; Max.u64 = 0; 
 l1cache0.stateEvent_FetchInv_S : Accumulator : Sum.u64 = 0; SumSQ.u64 = 0; Count.u64 = 0; Min.u64 = 0; Max.u64 = 0; 
 l1cache0.stateEvent_FetchInv_M : Accumulator : Sum.u64 = 0; SumSQ.u64 = 0; Count.u64 = 0; Min.u64 = 0; Max.u64 = 0; 
 l1cache0.stateEvent_FetchInv_IS : Accumulator : Sum.u64 = 0; SumSQ.u64 = 0; Count.u64 = 0; Min.u64 = 0; Max.u64 = 0; 
 l1cache0.stateEvent_FetchInv_IM : Accumulator : Sum.u64 = 0; SumSQ.u64 = 0; Count.u64 = 0; Min.u64 = 0; Max.u64 = 0; 
 l1cache0.stateEvent_FetchInv_SM : Accumulator : Sum.u64 = 0; SumSQ.u64 = 0; Count.u64 = 0; Min.u64 = 0; Max.u64 = 0; 
 l1cache0.stateEvent_FetchInv_SB : Accumulator : Sum.u64 = 0; SumSQ.u64 = 0; Count.u64 = 0; Min.u64 = 0; Max.u64 = 0; 
 l1cache0.stateEvent_FetchInv_IB : Accumulator : Sum.u64 = 0; SumSQ.u64 = 0; Count.u64 = 0; Min.u64 = 0; Max.u64 = 0; 
 l1cache0.stateEvent_FlushLine_I : Accumulator : Sum.u64 = 0; SumSQ.u64 = 0; Count.u64 = 0; Min.u64 = 0; Max.u64 = 0; 
 l1cache0.stateEvent_FlushLine_S : Accumulator : Sum.u64 = 0; SumSQ.u64 = 0; Count.u64 = 0; Min.u64 = 0; Max.u64 = 0; 
 l1cache0.stateEvent_FlushLine_M : Accumulator : Sum.u64 = 0; SumSQ.u64 = 0; Count.u64 = 0; Min.u64 = 0; Max.u64 = 0; 
 l1cache0.stateEvent_FlushLine_IS : Accumulator : Sum.u64 = 0; SumSQ.u64 = 0; Count.u64 = 0; Min.u64 = 0; Max.u64 = 0; 
 l1cache0.stateEvent_FlushLine_IM : Accumulator : Sum.u64 = 0; SumSQ.u64 = 0; Count.u64 = 0; Min.u64 = 0; Max.u64 = 0; 
 l1cache0.stateEvent_FlushLine_SM : Accumulator : Sum.u64 = 0; SumSQ.u64 = 0; Count.u64 = 0; Min.u64 = 0; Max.u64 = 0; 
 l1cache0.stateEvent_FlushLine_IB : Accumulator : Sum.u64 = 0; SumSQ.u64 = 0; Count.u64 = 0; Min.u64 = 0; Max.u64 = 0; 
 l1cache0.stateEvent_FlushLine_SB : Accumulator : Sum.u64 = 0; SumSQ.u64 = 0; Count.u64 = 0; Min.u64 = 0; Max.u64 = 0; 
 l1cache0.stateEvent_FlushLineInv_I : Accumulator : Sum.u64 = 0; SumSQ.u64 = 0; Count.u64 = 0; Min.u64 = 0; Max.u64 = 0; 
 l1cache0.stateEvent_FlushLineInv_S : Accumulator : Sum.u64 = 0; SumSQ.u64 = 0; Count.u64 = 0; Min.u64 = 0; Max.u64 = 0; 
 l1cache0.stateEvent_FlushLineInv_M : Accumulator : Sum.u64 = 0; SumSQ.u64 = 0; Count.u64 = 0; Min.u64 = 0; Max.u64 = 0; 
 l1cache0.stateEvent_FlushLineInv_IS : Accumulator : Sum.u64 = 0; SumSQ.u64 = 0; Count.u64 = 0; Min.u64 = 0; Max.u64 = 0; 
 l1cache0.stateEvent_FlushLineInv_IM : Accumulator : Sum.u64 = 0; SumSQ.u64 = 0; Count.u64 = 0; Min.u64 = 0; Max.u64 = 0; 
 l1cache0.stateEvent_FlushLineInv_SM : Accumulator : Sum.u64 = 0; SumSQ.u64 = 0; Count.u64 = 0; Min.u64 = 0; Max.u64 = 0; 
 l1cache0.stateEvent_FlushLineInv_IB : Accumulator : Sum.u64 = 0; SumSQ.u64 = 0; Count.u64 = 0; Min.u64 = 0; Max.u64 = 0; 
 l1cache0.stateEvent_FlushLineInv_SB : Accumulator : Sum.u64 = 0; SumSQ.u64 = 0; Count.u64 = 0; Min.u64 = 0; Max.u64 = 0; 
 l1cache0.stateEvent_FlushLineResp_I : Accumulator : Sum.u64 = 0; SumSQ.u64 = 0; Count.u64 = 0; Min.u64 = 0; Max.u64 = 0; 
 l1cache0.stateEvent_FlushLineResp_IB : Accumulator : Sum.u64 = 0; SumSQ.u64 = 0; Count.u64 = 0; Min.u64 = 0; Max.u64 = 0; 
 l1cache0.stateEvent_FlushLineResp_SB : Accumulator : Sum.u64 = 0; SumSQ.u64 = 0; Count.u64 = 0; Min.u64 = 0; Max.u64 = 0; 
 l1cache0.eventSent_GetS : Accumulator : Sum.u64 = 162728; SumSQ.u64 = 162728; Count.u64 = 162728; Min.u64 = 1; Max.u64 = 1; 
 l1cache0.eventSent_GetX : Accumulator : Sum.u64 = 5512; SumSQ.u64 = 5512; Count.u64 = 5512; Min.u64 = 1; Max.u64 = 1; 
 l1cache0.eventSent_GetSX : Accumulator : Sum.u64 = 0; SumSQ.u64 = 0; Count.u64 = 0; Min.u64 = 0; Max.u64 = 0; 
 l1cache0.eventSent_PutM : Accumulator : Sum.u64 = 99917; SumSQ.u64 = 99917; Count.u64 = 99917; Min.u64 = 1; Max.u64 = 1; 
 l1cache0.eventSent_NACK_down : Accumulator : Sum.u64 = 0; SumSQ.u64 = 0; Count.u64 = 0; Min.u64 = 0; Max.u64 = 0; 
 l1cache0.eventSent_FlushLine : Accumulator : Sum.u64 = 0; SumSQ.u64 = 0; Count.u64 = 0; Min.u64 = 0; Max.u64 = 0; 
 l1cache0.eventSent_FlushLineInv : Accumulator : Sum.u64 = 0; SumSQ.u64 = 0; Count.u64 = 0; Min.u64 = 0; Max.u64 = 0; 
 l1cache0.eventSent_FetchResp : Accumulator : Sum.u64 = 0; SumSQ.u64 = 0; Count.u64 = 0; Min.u64 = 0; Max.u64 = 0; 
 l1cache0.eventSent_FetchXResp : Accumulator : Sum.u64 = 5; SumSQ.u64 = 5; Count.u64 = 5; Min.u64 = 1; Max.u64 = 1; 
 l1cache0.eventSent_AckInv : Accumulator : Sum.u64 = 4; SumSQ.u64 = 4; Count.u64 = 4; Min.u64 = 1; Max.u64 = 1; 
 l1cache0.eventSent_GetSResp : Accumulator : Sum.u64 = 100000; SumSQ.u64 = 100000; Count.u64 = 100000; Min.u64 = 1; Max.u64 = 1; 
 l1cache0.eventSent_GetXResp : Accumulator : Sum.u64 = 100000; SumSQ.u64 = 100000; Count.u64 = 100000; Min.u64 = 1; Max.u64 = 1; 
 l1cache0.eventSent_FlushLineResp : Accumulator : Sum.u64 = 0; SumSQ.u64 = 0; Count.u64 = 0; Min.u64 = 0; Max.u64 = 0; 
 l1cache0.stateEvent_AckPut_I : Accumulator : Sum.u64 = 168107; SumSQ.u64 = 168107; Count.u64 = 168107; Min.u64 = 1; Max.u64 = 1; 
 l1cache0.eventSent_PutS : Accumulator : Sum.u64 = 2; SumSQ.u64 = 2; Count.u64 = 2; Min.u64 = 1; Max.u64 = 1; 
 l1cache0.eventSent_PutE : Accumulator : Sum.u64 = 68188; SumSQ.u64 = 68188; Count.u64 = 68188; Min.u64 = 1; Max.u64 = 1; 
 l1cache0.prefetch_evict : Accumulator : Sum.u64 = 62679; SumSQ.u64 = 62679; Count.u64 = 62679; Min.u64 = 1; Max.u64 = 1; 
 l1cache0.prefetch_inv : Accumulator : Sum.u64 = 1; SumSQ.u64 = 1; Count.u64 = 1; Min.u64 = 1; Max.u64 = 1; 
 l1cache0.prefetch_useful : Accumulator : Sum.u64 = 0; SumSQ.u64 = 0; Count.u64 = 0; Min.u64 = 0; Max.u64 = 0; 
 l1cache0.prefetch_coherence_miss : Accumulator : Sum.u64 = 0; SumSQ.u64 = 0; Count.u64 = 0; Min.u64 = 0; Max.u64 = 0; 
 l1cache0.prefetch_redundant : Accumulator : Sum.u64 = 2073; SumSQ.u64 = 2073; Count.u64 = 2073; Min.u64 = 1; Max.u64 = 1; 
 l1cache0.stateEvent_GetS_E : Accumulator : Sum.u64 = 2056; SumSQ.u64 = 2056; Count.u64 = 2056; Min.u64 = 1; Max.u64 = 1; 
 l1cache0.stateEvent_GetX_E : Accumulator : Sum.u64 = 94487; SumSQ.u64 = 94487; Count.u64 = 94487; Min.u64 = 1; Max.u64 = 1; 
 l1cache0.stateEvent_GetSX_E : Accumulator : Sum.u64 = 0; SumSQ.u64 = 0; Count.u64 = 0; Min.u64 = 0; Max.u64 = 0; 
 l1cache0.stateEvent_FlushLine_E : Accumulator : Sum.u64 = 0; SumSQ.u64 = 0; Count.u64 = 0; Min.u64 = 0; Max.u64 = 0; 
 l1cache0.stateEvent_FlushLineInv_E : Accumulator : Sum.u64 = 0; SumSQ.u64 = 0; Count.u64 = 0; Min.u64 = 0; Max.u64 = 0; 
 l1cache0.stateEvent_FetchInv_E : Accumulator : Sum.u64 = 0; SumSQ.u64 = 0; Count.u64 = 0; Min.u64 = 0; Max.u64 = 0; 
 l1cache0.stateEvent_FetchInvX_E : Accumulator : Sum.u64 = 2; SumSQ.u64 = 2; Count.u64 = 2; Min.u64 = 1; Max.u64 = 1; 
 l1cache1.prefetch_opportunities : Accumulator : Sum.u64 = 76396; SumSQ.u64 = 76396; Count.u64 = 76396; Min.u64 = 1; Max.u64 = 1; 
 l1cache1.prefetches_issued : Accumulator : Sum.u64 = 64621; SumSQ.u64 = 64621; Count.u64 = 64621; Min.u64 = 1; Max.u64 = 1; 
 l1cache1.prefetches_canceled_by_page_boundary : Accumulator : Sum.u64 = 1157; SumSQ.u64 = 1157; Count.u64 = 1157; Min.u64 = 1; Max.u64 = 1; 
 l1cache1.prefetches_canceled_by_history : Accumulator : Sum.u64 = 11775; SumSQ.u64 = 11775; Count.u64 = 11775; Min.u64 = 1; Max.u64 = 1; 
 l1cache1.Prefetch_requests : Accumulator : Sum.u64 = 64621; SumSQ.u64 = 64621; Count.u64 = 64621; Min.u64 = 1; Max.u64 = 1; 
 l1cache1.Prefetch_drops : Accumulator : Sum.u64 = 47; SumSQ.u64 = 47; Count.u64 = 47; Min.u64 = 1; Max.u64 = 1; 
 l1cache1.TotalEventsReceived : Accumulator : Sum.u64 = 600885; SumSQ.u64 = 600885; Count.u64 = 600885; Min.u64 = 1; Max.u64 = 1; 
 l1cache1.TotalEventsReplayed : Accumulator : Sum.u64 = 23235; SumSQ.u64 = 23235; Count.u64 = 23235; Min.u64 = 1; Max.u64 = 1; 
 l1cache1.TotalNoncacheableEventsReceived : Accumulator : Sum.u64 = 0; SumSQ.u64 = 0; Count.u64 = 0; Min.u64 = 0; Max.u64 = 0; 
 l1cache1.CacheHits : Accumulator : Sum.u64 = 96375; SumSQ.u64 = 96375; Count.u64 = 96375; Min.u64 = 1; Max.u64 = 1; 
 l1cache1.GetSHit_Arrival : Accumulator : Sum.u64 = 1962; SumSQ.u64 = 1962; Count.u64 = 1962; Min.u64 = 1; Max.u64 = 1; 
 l1cache1.GetXHit_Arrival : Accumulator : Sum.u64 = 94412; SumSQ.u64 = 94412; Count.u64 = 94412; Min.u64 = 1; Max.u64 = 1; 
 l1cache1.GetSXHit_Arrival : Accumulator : Sum.u64 = 0; SumSQ.u64 = 0; Count.u64 = 0; Min.u64 = 0; Max.u64 = 0; 
 l1cache1.GetSHit_Blocked : Accumulator : Sum.u64 = 1; SumSQ.u64 = 1; Count.u64 = 1; Min.u64 = 1; Max.u64 = 1; 
 l1cache1.GetXHit_Blocked : Accumulator : Sum.u64 = 0; SumSQ.u64 = 0; Count.u64 = 0; Min.u64 = 0; Max.u64 = 0; 
 l1cache1.GetSXHit_Blocked : Accumulator : Sum.u64 = 0; SumSQ.u64 = 0; Count.u64 = 0; Min.u64 = 0; Max.u64 = 0; 
 l1cache1.CacheMisses : Accumulator : Sum.u64 = 168199; SumSQ.u64 = 168199; Count.u64 = 168199; Min.u64 = 1; Max.u64 = 1; 
 l1cache1.GetSMiss_Arrival : Accumulator : Sum.u64 = 162611; SumSQ.u64 = 162611; Count.u64 = 162611; Min.u64 = 1; Max.u64 = 1; 
 l1cache1.GetXMiss_Arrival : Accumulator : Sum.u64 = 4; SumSQ.u64 = 4; Count.u64 = 4; Min.u64 = 1; Max.u64 = 1; 
 l1cache1.GetSXMiss_Arrival : Accumulator : Sum.u64 = 0; SumSQ.u64 = 0; Count.u64 = 0; Min.u64 = 0; Max.u64 = 0; 
 l1cache1.GetSMiss_Blocked : Accumulator : Sum.u64 = 0; SumSQ.u64 = 0; Count.u64 = 0; Min.u64 = 0; Max.u64 = 0; 
 l1cache1.GetXMiss_Blocked : Accumulator : Sum.u64 = 5584; SumSQ.u64 = 5584; Count.u64 = 5584; Min.u64 = 1; Max.u64 = 1; 
 l1cache1.GetSXMiss_Blocked : Accumulator : Sum.u64 = 0; SumSQ.u64 = 0; Count.u64 = 0; Min.u64 = 0; Max.u64 = 0; 
 l1cache1.GetS_recv : Accumulator : Sum.u64 = 164621; SumSQ.u64 = 164621; Count.u64 = 164621; Min.u64 = 1; Max.u64 = 1; 
 l1cache1.GetX_recv : Accumulator : Sum.u64 = 100000; SumSQ.u64 = 100000; Count.u64 = 100000; Min.u64 = 1; Max.u64 = 1; 
 l1cache1.GetSX_recv : Accumulator : Sum.u64 = 0; SumSQ.u64 = 0; Count.u64 = 0; Min.u64 = 0; Max.u64 = 0; 
 l1cache1.GetSResp_recv : Accumulator : Sum.u64 = 5; SumSQ.u64 = 5; Count.u64 = 5; Min.u64 = 1; Max.u64 = 1; 
 l1cache1.GetXResp_recv : Accumulator : Sum.u64 = 168191; SumSQ.u64 = 168191; Count.u64 = 168191; Min.u64 = 1; Max.u64 = 1; 
 l1cache1.PutS_recv : Accumulator : Sum.u64 = 0; SumSQ.u64 = 0; Count.u64 = 0; Min.u64 = 0; Max.u64 = 0; 
 l1cache1.PutM_recv : Accumulator : Sum.u64 = 0; SumSQ.u64 = 0; Count.u64 = 0; Min.u64 = 0; Max.u64 = 0; 
 l1cache1.PutE_recv : Accumulator : Sum.u64 = 0; SumSQ.u64 = 0; Count.u64 = 0; Min.u64 = 0; Max.u64 = 0; 
 l1cache1.FetchInv_recv : Accumulator : Sum.u64 = 0; SumSQ.u64 = 0; Count.u64 = 0; Min.u64 = 0; Max.u64 = 0; 
 l1cache1.FetchInvX_recv : Accumulator : Sum.u64 = 2; SumSQ.u64 = 2; Count.u64 = 2; Min.u64 = 1; Max.u64 = 1; 
 l1cache1.Inv_recv : Accumulator : Sum.u64 = 1; SumSQ.u64 = 1; Count.u64 = 1; Min.u64 = 1; Max.u64 = 1; 
 l1cache1.NACK_recv : Accumulator : Sum.u64 = 0; SumSQ.u64 = 0; Count.u64 = 0; Min.u64 = 0; Max.u64 = 0; 
 l1cache1.MSHR_occupancy : Accumulator : Sum.u64 = 14553301; SumSQ.u64 = 393645787; Count.u64 = 545955; Min.u64 = 0; Max.u64 = 46; 
 l1cache1.Bank_conflicts : Accumulator : Sum.u64 = 0; SumSQ.u64 = 0; Count.u64 = 0; Min.u64 = 0; Max.u64 = 0; 
 l1cache1.evict_I : Accumulator : Sum.u64 = 0; SumSQ.u64 = 0; Count.u64 = 0; Min.u64 = 0; Max.u64 = 0; 
 l1cache1.evict_E : Accumulator : Sum.u64 = 68148; SumSQ.u64 = 68148; Count.u64 = 68148; Min.u64 = 1; Max.u64 = 1; 
 l1cache1.evict_M : Accumulator : Sum.u64 = 99916; SumSQ.u64 = 99916; Count.u64 = 99916; Min.u64 = 1; Max.u64 = 1; 
 l1cache1.evict_IS : Accumulator : Sum.u64 = 0; SumSQ.u64 = 0; Count.u64 = 0; Min.u64 = 0; Max.u64 = 0; 
 l1cache1.evict_IM : Accumulator : Sum.u64 = 0; SumSQ.u64 = 0; Count.u64 = 0; Min.u64 = 0; Max.u64 = 0; 
 l1cache1.evict_IB : Accumulator : Sum.u64 = 0; SumSQ.u64 = 0; Count.u64 = 0; Min.u64 = 0; Max.u64 = 0; 
 l1cache1.evict_SB : Accumulator : Sum.u64 = 0; SumSQ.u64 = 0; Count.u64 = 0; Min.u64 = 0; Max.u64 = 0; 
 l1cache1.latency_GetS_IS : Accumulator : Sum.u64 = 13588458; SumSQ.u64 = 1523571182; Count.u64 = 162608; Min.u64 = 15; Max.u64 = 425; 
 l1cache1.latency_GetS_M : Accumulator : Sum.u64 = 0; SumSQ.u64 = 0; Count.u64 = 0; Min.u64 = 0; Max.u64 = 0; 
 l1cache1.latency_GetX_IM : Accumulator : Sum.u64 = 964694; SumSQ.u64 = 181121804; Count.u64 = 5584; Min.u64 = 26; Max.u64 = 440; 
 l1cache1.latency_GetX_SM : Accumulator : Sum.u64 = 84; SumSQ.u64 = 1768; Count.u64 = 4; Min.u64 = 20; Max.u64 = 22; 
 l1cache1.latency_GetX_M : Accumulator : Sum.u64 = 0; SumSQ.u64 = 0; Count.u64 = 0; Min.u64 = 0; Max.u64 = 0; 
 l1cache1.latency_GetSX_IM : Accumulator : Sum.u64 = 0; SumSQ.u64 = 0; Count.u64 = 0; Min.u64 = 0; Max.u64 = 0; 
 l1cache1.latency_GetSX_SM : Accumulator : Sum.u64 = 0; SumSQ.u64 = 0; Count.u64 = 0; Min.u64 = 0; Max.u64 = 0; 
 l1cache1.latency_GetSX_M : Accumulator : Sum.u64 = 0; SumSQ.u64 = 0; Count.u64 = 0; Min.u64 = 0; Max.u64 = 0; 
 l1cache1.EventStalledForLockedCacheline : Accumulator : Sum.u64 = 0; SumSQ.u64 = 0; Count.u64 = 0; Min.u64 = 0; Max.u64 = 0; 
 l1cache1.evict_S : Accumulator : Sum.u64 = 2; SumSQ.u64 = 2; Count.u64 = 2; Min.u64 = 1; Max.u64 = 1; 
 l1cache1.evict_SM : Accumulator : Sum.u64 = 0; SumSQ.u64 = 0; Count.u64 = 0; Min.u64 = 0; Max.u64 = 0; 
 l1cache1.stateEvent_GetS_I : Accumulator : Sum.u64 = 162611; SumSQ.u64 = 162611; Count.u64 = 162611; Min.u64 = 1; Max.u64 = 1; 
 l1cache1.stateEvent_GetS_S : Accumulator : Sum.u64 = 0; SumSQ.u64 = 0; Count.u64 = 0; Min.u64 = 0; Max.u64 = 0; 
 l1cache1.stateEvent_GetS_M : Accumulator : Sum.u64 = 7; SumSQ.u64 = 7; Count.u64 = 7; Min.u64 = 1; Max.u64 = 1; 
 l1cache1.stateEvent_GetX_I : Accumulator : Sum.u64 = 5584; SumSQ.u64 = 5584; Count.u64 = 5584; Min.u64 = 1; Max.u64 = 1; 
 l1cache1.stateEvent_GetX_S : Accumulator : Sum.u64 = 4; SumSQ.u64 = 4; Count.u64 = 4; Min.u64 = 1; Max.u64 = 1; 
 l1cache1.stateEvent_GetX_M : Accumulator : Sum.u64 = 2; SumSQ.u64 = 2; Count.u64 = 2; Min.u64 = 1; Max.u64 = 1; 
 l1cache1.stateEvent_GetSX_I : Accumulator : Sum.u64 = 0; SumSQ.u64 = 0; Count.u64 = 0; Min.u64 = 0; Max.u64 = 0; 
 l1cache1.stateEvent_GetSX_S : Accumulator : Sum.u64 = 0; SumSQ.u64 = 0; Count.u64 = 0; Min.u64 = 0; Max.u64 = 0; 
 l1cache1.stateEvent_GetSX_M : Accumulator : Sum.u64 = 0; SumSQ.u64 = 0; Count.u64 = 0; Min.u64 = 0; Max.u64 = 0; 
 l1cache1.stateEvent_GetSResp_IS : Accumulator : Sum.u64 = 5; SumSQ.u64 = 5; Count.u64 = 5; Min.u64 = 1; Max.u64 = 1; 
 l1cache1.stateEvent_GetXResp_IS : Accumulator : Sum.u64 = 162603; SumSQ.u64 = 162603; Count.u64 = 162603; Min.u64 = 1; Max.u64 = 1; 
 l1cache1.stateEvent_GetXResp_IM : Accumulator : Sum.u64 = 5584; SumSQ.u64 = 5584; Count.u64 = 5584; Min.u64 = 1; Max.u64 = 1; 
 l1cache1.stateEvent_GetXResp_SM : Accumulator : Sum.u64 = 4; SumSQ.u64 = 4; Count.u64 = 4; Min.u64 = 1; Max.u64 = 1; 
 l1cache1.stateEvent_Inv_I : Accumulator : Sum.u64 = 0; SumSQ.u64 = 0; Count.u64 = 0; Min.u64 = 0; Max.u64 = 0; 
 l1cache1.stateEvent_Inv_S : Accumulator : Sum.u64 = 1; SumSQ.u64 = 1; Count.u64 = 1; Min.u64 = 1; Max.u64 = 1; 
 l1cache1.stateEvent_Inv_IS : Accumulator : Sum.u64 = 0; SumSQ.u64 = 0; Count.u64 = 0; Min.u64 = 0; Max.u64 = 0; 
 l1cache1.stateEvent_Inv_IM : Accumulator : Sum.u64 = 0; SumSQ.u64 = 0; Count.u64 = 0; Min.u64 = 0; Max.u64 = 0; 
 l1cache1.stateEvent_Inv_SM : Accumulator : Sum.u64 = 0; SumSQ.u64 = 0; Count.u64 = 0; Min.u64 = 0; Max.u64 = 0; 
 l1cache1.stateEvent_Inv_SB : Accumulator : Sum.u64 = 0; SumSQ.u64 = 0; Count.u64 = 0; Min.u64 = 0; Max.u64 = 0; 
 l1cache1.stateEvent_Inv_IB : Accumulator : Sum.u64 = 0; SumSQ.u64 = 0; Count.u64 = 0; Min.u64 = 0; Max.u64 = 0; 
 l1cache1.stateEvent_FetchInvX_I : Accumulator : Sum.u64 = 0; SumSQ.u64 = 0; Count.u64 = 0; Min.u64 = 0; Max.u64 = 0; 
 l1cache1.stateEvent_FetchInvX_M : Accumulator : Sum.u64 = 1; SumSQ.u64 = 1; Count.u64 = 1; Min.u64 = 1; Max.u64 = 1; 
 l1cache1.stateEvent_FetchInvX_IS : Accumulator : Sum.u64 = 0; SumSQ.u64 = 0; Count.u64 = 0; Min.u64 = 0; Max.u64 = 0; 
 l1cache1.stateEvent_FetchInvX_IM : Accumulator : Sum.u64 = 0; SumSQ.u64 = 0; Count.u64 = 0; Min.u64 = 0; Max.u64 = 0; 
 l1cache1.stateEvent_FetchInvX_SB : Accumulator : Sum.u64 = 0; SumSQ.u64 = 0; Count.u64 = 0; Min.u64 = 0; Max.u64 = 0; 
 l1cache1.stateEvent_FetchInvX_IB : Accumulator : Sum.u64 = 0; SumSQ.u64 = 0; Count.u64 = 0; Min.u64 = 0; Max.u64 = 0; 
 l1cache1.stateEvent_Fetch_I : Accumulator : Sum.u64 = 0; SumSQ.u64 = 0; Count.u64 = 0; Min.u64 = 0; Max.u64 = 0; 
 l1cache1.stateEvent_Fetch_S : Accumulator : Sum.u64 = 0; SumSQ.u64 = 0; Count.u64 = 0; Min.u64 = 0; Max.u64 = 0; 
 l1cache1.stateEvent_Fetch_IS : Accumulator : Sum.u64 = 0; SumSQ.u64 = 0; Count.u64 = 0; Min.u64 = 0; Max.u64 = 0; 
 l1cache1.stateEvent_Fetch_IM : Accumulator : Sum.u64 = 0; SumSQ.u64 = 0; Count.u64 = 0; Min.u64 = 0; Max.u64 = 0; 
 l1cache1.stateEvent_Fetch_SM : Accumulator : Sum.u64 = 0; SumSQ.u64 = 0; Count.u64 = 0; Min.u64 = 0; Max.u64 = 0; 
 l1cache1.stateEvent_Fetch_IB : Accumulator : Sum.u64 = 0; SumSQ.u64 = 0; Count.u64 = 0; Min.u64 = 0; Max.u64 = 0; 
 l1cache1.stateEvent_Fetch_SB : Accumulator : Sum.u64 = 0; SumSQ.u64 = 0; Count.u64 = 0; Min.u64 = 0; Max.u64 = 0; 
 l1cache1.stateEvent_FetchInv_I : Accumulator : Sum.u64 = 0; SumSQ.u64 = 0; Count.u64 = 0; Min.u64 = 0; Max.u64 = 0; 
 l1cache1.stateEvent_FetchInv_S : Accumulator : Sum.u64 = 0; SumSQ.u64 = 0; Count.u64 = 0; Min.u64 = 0; Max.u64 = 0; 
 l1cache1.stateEvent_FetchInv_M : Accumulator : Sum.u64 = 0; SumSQ.u64 = 0; Count.u64 = 0; Min.u64 = 0; Max.u64 = 0; 
 l1cache1.stateEvent_FetchInv_IS : Accumulator : Sum.u64 = 0; SumSQ.u64 = 0; Count.u64 = 0; Min.u64 = 0; Max.u64 = 0; 
 l1cache1.stateEvent_FetchInv_IM : Accumulator : Sum.u64 = 0; SumSQ.u64 = 0; Count.u64 = 0; Min.u64 = 0; Max.u64 = 0; 
 l1cache1.stateEvent_FetchInv_SM : Accumulator : Sum.u64 = 0; SumSQ.u64 = 0; Count.u64 = 0; Min.u64 = 0; Max.u64 = 0; 
 l1cache1.stateEvent_FetchInv_SB : Accumulator : Sum.u64 = 0; SumSQ.u64 = 0; Count.u64 = 0; Min.u64 = 0; Max.u64 = 0; 
 l1cache1.stateEvent_FetchInv_IB : Accumulator : Sum.u64 = 0; SumSQ.u64 = 0; Count.u64 = 0; Min.u64 = 0; Max.u64 = 0; 
 l1cache1.stateEvent_FlushLine_I : Accumulator : Sum.u64 = 0; SumSQ.u64 = 0; Count.u64 = 0; Min.u64 = 0; Max.u64 = 0; 
 l1cache1.stateEvent_FlushLine_S : Accumulator : Sum.u64 = 0; SumSQ.u64 = 0; Count.u64 = 0; Min.u64 = 0; Max.u64 = 0; 
 l1cache1.stateEvent_FlushLine_M : Accumulator : Sum.u64 = 0; SumSQ.u64 = 0; Count.u64 = 0; Min.u64 = 0; Max.u64 = 0; 
 l1cache1.stateEvent_FlushLine_IS : Accumulator : Sum.u64 = 0; SumSQ.u64 = 0; Count.u64 = 0; Min.u64 = 0; Max.u64 = 0; 
 l1cache1.stateEvent_FlushLine_IM : Accumulator : Sum.u64 = 0; SumSQ.u64 = 0; Count.u64 = 0; Min.u64 = 0; Max.u64 = 0; 
 l1cache1.stateEvent_FlushLine_SM : Accumulator : Sum.u64 = 0; SumSQ.u64 = 0; Count.u64 = 0; Min.u64 = 0; Max.u64 = 0; 
 l1cache1.stateEvent_FlushLine_IB : Accumulator : Sum.u64 = 0; SumSQ.u64 = 0; Count.u64 = 0; Min.u64 = 0; Max.u64 = 0; 
 l1cache1.stateEvent_FlushLine_SB : Accumulator : Sum.u64 = 0; SumSQ.u64 = 0; Count.u64 = 0; Min.u64 = 0; Max.u64 = 0; 
 l1cache1.stateEvent_FlushLineInv_I : Accumulator : Sum.u64 = 0; SumSQ.u64 = 0; Count.u64 = 0; Min.u64 = 0; Max.u64 = 0; 
 l1cache1.stateEvent_FlushLineInv_S : Accumulator : Sum.u64 = 0; SumSQ.u64 = 0; Count.u64 = 0; Min.u64 = 0; Max.u64 = 0; 
 l1cache1.stateEvent_FlushLineInv_M : Accumulator : Sum.u64 = 0; SumSQ.u64 = 0; Count.u64 = 0; Min.u64 = 0; Max.u64 = 0; 
 l1cache1.stateEvent_FlushLineInv_IS : Accumulator : Sum.u64 = 0; SumSQ.u64 = 0; Count.u64 = 0; Min.u64 = 0; Max.u64 = 0; 
 l1cache1.stateEvent_FlushLineInv_IM : Accumulator : Sum.u64 = 0; SumSQ.u64 = 0; Count.u64 = 0; Min.u64 = 0; Max.u64 = 0; 
 l1cache1.stateEvent_FlushLineInv_SM : Accumulator : Sum.u64 = 0; SumSQ.u64 = 0; Count.u64 = 0; Min.u64 = 0; Max.u64 = 0; 
 l1cache1.stateEvent_FlushLineInv_IB : Accumulator : Sum.u64 = 0; SumSQ.u64 = 0; Count.u64 = 0; Min.u64 = 0; Max.u64 = 0; 
 l1cache1.stateEvent_FlushLineInv_SB : Accumulator : Sum.u64 = 0; SumSQ.u64 = 0; Count.u64 = 0; Min.u64 = 0; Max.u64 = 0; 
 l1cache1.stateEvent_FlushLineResp_I : Accumulator : Sum.u64 = 0; SumSQ.u64 = 0; Count.u64 = 0; Min.u64 = 0; Max.u64 = 0; 
 l1cache1.stateEvent_FlushLineResp_IB : Accumulator : Sum.u64 = 0; SumSQ.u64 = 0; Count.u64 = 0; Min.u64 = 0; Max.u64 = 0; 
 l1cache1.stateEvent_FlushLineResp_SB : Accumulator : Sum.u64 = 0; SumSQ.u64 = 0; Count.u64 = 0; Min.u64 = 0; Max.u64 = 0; 
 l1cache1.eventSent_GetS : Accumulator : Sum.u64 = 162611; SumSQ.u64 = 162611; Count.u64 = 162611; Min.u64 = 1; Max.u64 = 1; 
 l1cache1.eventSent_GetX : Accumulator : Sum.u64 = 5588; SumSQ.u64 = 5588; Count.u64 = 5588; Min.u64 = 1; Max.u64 = 1; 
 l1cache1.eventSent_GetSX : Accumulator : Sum.u64 = 0; SumSQ.u64 = 0; Count.u64 = 0; Min.u64 = 0; Max.u64 = 0; 
 l1cache1.eventSent_PutM : Accumulator : Sum.u64 = 99916; SumSQ.u64 = 99916; Count.u64 = 99916; Min.u64 = 1; Max.u64 = 1; 
 l1cache1.eventSent_NACK_down : Accumulator : Sum.u64 = 0; SumSQ.u64 = 0; Count.u64 = 0; Min.u64 = 0; Max.u64 = 0; 
 l1cache1.eventSent_FlushLine : Accumulator : Sum.u64 = 0; SumSQ.u64 = 0; Count.u64 = 0; Min.u64 = 0; Max.u64 = 0; 
 l1cache1.eventSent_FlushLineInv : Accumulator : Sum.u64 = 0; SumSQ.u64 = 0; Count.u64 = 0; Min.u64 = 0; Max.u64 = 0; 
 l1cache1.eventSent_FetchResp : Accumulator : Sum.u64 = 0; SumSQ.u64 = 0; Count.u64 = 0; Min.u64 = 0; Max.u64 = 0; 
 l1cache1.eventSent_FetchXResp : Accumulator : Sum.u64 = 2; SumSQ.u64 = 2; Count.u64 = 2; Min.u64 = 1; Max.u64 = 1; 
 l1cache1.eventSent_AckInv : Accumulator : Sum.u64 = 1; SumSQ.u64 = 1; Count.u64 = 1; Min.u64 = 1; Max.u64 = 1; 
 l1cache1.eventSent_GetSResp : Accumulator : Sum.u64 = 100000; SumSQ.u64 = 100000; Count.u64 = 100000; Min.u64 = 1; Max.u64 = 1; 
 l1cache1.eventSent_GetXResp : Accumulator : Sum.u64 = 100000; SumSQ.u64 = 100000; Count.u64 = 100000; Min.u64 = 1; Max.u64 = 1; 
 l1cache1.eventSent_FlushLineResp : Accumulator : Sum.u64 = 0; SumSQ.u64 = 0; Count.u64 = 0; Min.u64 = 0; Max.u64 = 0; 
 l1cache1.stateEvent_AckPut_I : Accumulator : Sum.u64 = 168065; SumSQ.u64 = 168065; Count.u64 = 168065; Min.u64 = 1; Max.u64 = 1; 
 l1cache1.eventSent_PutS : Accumulator : Sum.u64 = 2; SumSQ.u64 = 2; Count.u64 = 2; Min.u64 = 1; Max.u64 = 1; 
 l1cache1.eventSent_PutE : Accumulator : Sum.u64 = 68148; SumSQ.u64 = 68148; Count.u64 = 68148; Min.u64 = 1; Max.u64 = 1; 
 l1cache1.prefetch_evict : Accumulator : Sum.u64 = 62566; SumSQ.u64 = 62566; Count.u64 = 62566; Min.u64 = 1; Max.u64 = 1; 
 l1cache1.prefetch_inv : Accumulator : Sum.u64 = 0; SumSQ.u64 = 0; Count.u64 = 0; Min.u64 = 0; Max.u64 = 0; 
 l1cache1.prefetch_useful : Accumulator : Sum.u64 = 0; SumSQ.u64 = 0; Count.u64 = 0; Min.u64 = 0; Max.u64 = 0; 
 l1cache1.prefetch_coherence_miss : Accumulator : Sum.u64 = 0; SumSQ.u64 = 0; Count.u64 = 0; Min.u64 = 0; Max.u64 = 0; 
 l1cache1.prefetch_redundant : Accumulator : Sum.u64 = 1961; SumSQ.u64 = 1961; Count.u64 = 1961; Min.u64 = 1; Max.u64 = 1; 
 l1cache1.stateEvent_GetS_E : Accumulator : Sum.u64 = 1956; SumSQ.u64 = 1956; Count.u64 = 1956; Min.u64 = 1; Max.u64 = 1; 
 l1cache1.stateEvent_GetX_E : Accumulator : Sum.u64 = 94410; SumSQ.u64 = 94410; Count.u64 = 94410; Min.u64 = 1; Max.u64 = 1; 
 l1cache1.stateEvent_GetSX_E : Accumulator : Sum.u64 = 0; SumSQ.u64 = 0; Count.u64 = 0; Min.u64 = 0; Max.u64 = 0; 
 l1cache1.stateEvent_FlushLine_E : Accumulator : Sum.u64 = 0; SumSQ.u64 = 0; Count.u64 = 0; Min.u64 = 0; Max.u64 = 0; 
 l1cache1.stateEvent_FlushLineInv_E : Accumulator : Sum.u64 = 0; SumSQ.u64 = 0; Count.u64 = 0; Min.u64 = 0; Max.u64 = 0; 
 l1cache1.stateEvent_FetchInv_E : Accumulator : Sum.u64 = 0; SumSQ.u64 = 0; Count.u64 = 0; Min.u64 = 0; Max.u64 = 0; 
 l1cache1.stateEvent_FetchInvX_E : Accumulator : Sum.u64 = 1; SumSQ.u64 = 1; Count.u64 = 1; Min.u64 = 1; Max.u64 = 1; 
 shogunxbar.output_packet_count.port0 : Accumulator : Sum.u64 = 336356; SumSQ.u64 = 336356; Count.u64 = 336356; Min.u64 = 1; Max.u64 = 1; 
 shogunxbar.input_packet_count.port0 : Accumulator : Sum.u64 = 336356; SumSQ.u64 = 336356; Count.u64 = 336356; Min.u64 = 1; Max.u64 = 1; 
 shogunxbar.output_packet_count.port1 : Accumulator : Sum.u64 = 336264; SumSQ.u64 = 336264; Count.u64 = 336264; Min.u64 = 1; Max.u64 = 1; 
 shogunxbar.input_packet_count.port1 : Accumulator : Sum.u64 = 336268; SumSQ.u64 = 336268; Count.u64 = 336268; Min.u64 = 1; Max.u64 = 1; 
 shogunxbar.output_packet_count.port2 : Accumulator : Sum.u64 = 332620; SumSQ.u64 = 332620; Count.u64 = 332620; Min.u64 = 1; Max.u64 = 1; 
 shogunxbar.input_packet_count.port2 : Accumulator : Sum.u64 = 332618; SumSQ.u64 = 332618; Count.u64 = 332618; Min.u64 = 1; Max.u64 = 1; 
 shogunxbar.output_packet_count.port3 : Accumulator : Sum.u64 = 340004; SumSQ.u64 = 340004; Count.u64 = 340004; Min.u64 = 1; Max.u64 = 1; 
 shogunxbar.input_packet_count.port3 : Accumulator : Sum.u64 = 340002; SumSQ.u64 = 340002; Count.u64 = 340002; Min.u64 = 1; Max.u64 = 1; 
 shogunxbar.packets_moved : Accumulator : Sum.u64 = 1345244; SumSQ.u64 = 7467624; Count.u64 = 271935; Min.u64 = 0; Max.u64 = 12; 
 shogunxbar.cycles_zero_events : Accumulator : Sum.u64 = 0; SumSQ.u64 = 0; Count.u64 = 0; Min.u64 = 0; Max.u64 = 0; 
 shogunxbar.cycles_events : Accumulator : Sum.u64 = 271935; SumSQ.u64 = 271935; Count.u64 = 271935; Min.u64 = 1; Max.u64 = 1; 
Simulation is complete, simulated time: 272.978 us
