 cpu0.read_reqs : Accumulator : Sum.u64 = 100000; SumSQ.u64 = 100000; Count.u64 = 100000; Min.u64 = 1; Max.u64 = 1; 
 cpu0.write_reqs : Accumulator : Sum.u64 = 100000; SumSQ.u64 = 100000; Count.u64 = 100000; Min.u64 = 1; Max.u64 = 1; 
 cpu0.custom_reqs : Accumulator : Sum.u64 = 0; SumSQ.u64 = 0; Count.u64 = 0; Min.u64 = 0; Max.u64 = 0; 
 cpu0.split_read_reqs : Accumulator : Sum.u64 = 0; SumSQ.u64 = 0; Count.u64 = 0; Min.u64 = 0; Max.u64 = 0; 
 cpu0.split_write_reqs : Accumulator : Sum.u64 = 0; SumSQ.u64 = 0; Count.u64 = 0; Min.u64 = 0; Max.u64 = 0; 
 cpu0.split_custom_reqs : Accumulator : Sum.u64 = 0; SumSQ.u64 = 0; Count.u64 = 0; Min.u64 = 0; Max.u64 = 0; 
 cpu0.cycles_with_issue : Accumulator : Sum.u64 = 199992; SumSQ.u64 = 199992; Count.u64 = 199992; Min.u64 = 1; Max.u64 = 1; 
 cpu0.cycles_no_issue : Accumulator : Sum.u64 = 658083; SumSQ.u64 = 658083; Count.u64 = 658083; Min.u64 = 1; Max.u64 = 1; 
 cpu0.total_bytes_read : Accumulator : Sum.u64 = 800000; SumSQ.u64 = 6400000; Count.u64 = 100000; Min.u64 = 8; Max.u64 = 8; 
 cpu0.total_bytes_write : Accumulator : Sum.u64 = 800000; SumSQ.u64 = 6400000; Count.u64 = 100000; Min.u64 = 8; Max.u64 = 8; 
 cpu0.total_bytes_custom : Accumulator : Sum.u64 = 0; SumSQ.u64 = 0; Count.u64 = 0; Min.u64 = 0; Max.u64 = 0; 
 cpu0.req_latency : Accumulator : Sum.u64 = 8334859; SumSQ.u64 = 1164061219; Count.u64 = 200000; Min.u64 = 1; Max.u64 = 1125; 
 cpu0.time : Accumulator : Sum.u64 = 429038; SumSQ.u64 = 184073605444; Count.u64 = 1; Min.u64 = 429038; Max.u64 = 429038; 
 cpu0.cycles_hit_fence : Accumulator : Sum.u64 = 0; SumSQ.u64 = 0; Count.u64 = 0; Min.u64 = 0; Max.u64 = 0; 
 cpu0.cycles_max_issue : Accumulator : Sum.u64 = 8; SumSQ.u64 = 8; Count.u64 = 8; Min.u64 = 1; Max.u64 = 1; 
 cpu0.cycles_max_reorder : Accumulator : Sum.u64 = 99985; SumSQ.u64 = 99985; Count.u64 = 99985; Min.u64 = 1; Max.u64 = 1; 
 cpu0.cycles : Accumulator : Sum.u64 = 858076; SumSQ.u64 = 858076; Count.u64 = 858076; Min.u64 = 1; Max.u64 = 1; 
 cpu1.read_reqs : Accumulator : Sum.u64 = 100000; SumSQ.u64 = 100000; Count.u64 = 100000; Min.u64 = 1; Max.u64 = 1; 
 cpu1.write_reqs : Accumulator : Sum.u64 = 100000; SumSQ.u64 = 100000; Count.u64 = 100000; Min.u64 = 1; Max.u64 = 1; 
 cpu1.custom_reqs : Accumulator : Sum.u64 = 0; SumSQ.u64 = 0; Count.u64 = 0; Min.u64 = 0; Max.u64 = 0; 
 cpu1.split_read_reqs : Accumulator : Sum.u64 = 0; SumSQ.u64 = 0; Count.u64 = 0; Min.u64 = 0; Max.u64 = 0; 
 cpu1.split_write_reqs : Accumulator : Sum.u64 = 0; SumSQ.u64 = 0; Count.u64 = 0; Min.u64 = 0; Max.u64 = 0; 
 cpu1.split_custom_reqs : Accumulator : Sum.u64 = 0; SumSQ.u64 = 0; Count.u64 = 0; Min.u64 = 0; Max.u64 = 0; 
 cpu1.cycles_with_issue : Accumulator : Sum.u64 = 199991; SumSQ.u64 = 199991; Count.u64 = 199991; Min.u64 = 1; Max.u64 = 1; 
 cpu1.cycles_no_issue : Accumulator : Sum.u64 = 803250; SumSQ.u64 = 803250; Count.u64 = 803250; Min.u64 = 1; Max.u64 = 1; 
 cpu1.total_bytes_read : Accumulator : Sum.u64 = 800000; SumSQ.u64 = 6400000; Count.u64 = 100000; Min.u64 = 8; Max.u64 = 8; 
 cpu1.total_bytes_write : Accumulator : Sum.u64 = 800000; SumSQ.u64 = 6400000; Count.u64 = 100000; Min.u64 = 8; Max.u64 = 8; 
 cpu1.total_bytes_custom : Accumulator : Sum.u64 = 0; SumSQ.u64 = 0; Count.u64 = 0; Min.u64 = 0; Max.u64 = 0; 
 cpu1.req_latency : Accumulator : Sum.u64 = 9202479; SumSQ.u64 = 1245379773; Count.u64 = 200000; Min.u64 = 1; Max.u64 = 1026; 
 cpu1.time : Accumulator : Sum.u64 = 501621; SumSQ.u64 = 251623627641; Count.u64 = 1; Min.u64 = 501621; Max.u64 = 501621; 
 cpu1.cycles_hit_fence : Accumulator : Sum.u64 = 0; SumSQ.u64 = 0; Count.u64 = 0; Min.u64 = 0; Max.u64 = 0; 
 cpu1.cycles_max_issue : Accumulator : Sum.u64 = 8; SumSQ.u64 = 8; Count.u64 = 8; Min.u64 = 1; Max.u64 = 1; 
 cpu1.cycles_max_reorder : Accumulator : Sum.u64 = 99985; SumSQ.u64 = 99985; Count.u64 = 99985; Min.u64 = 1; Max.u64 = 1; 
 cpu1.cycles : Accumulator : Sum.u64 = 1003242; SumSQ.u64 = 1003242; Count.u64 = 1003242; Min.u64 = 1; Max.u64 = 1; 
 l1cache0.prefetch_opportunities : Accumulator : Sum.u64 = 76461; SumSQ.u64 = 76461; Count.u64 = 76461; Min.u64 = 1; Max.u64 = 1; 
 l1cache0.prefetches_issued : Accumulator : Sum.u64 = 66952; SumSQ.u64 = 66952; Count.u64 = 66952; Min.u64 = 1; Max.u64 = 1; 
 l1cache0.prefetches_canceled_by_page_boundary : Accumulator : Sum.u64 = 1217; SumSQ.u64 = 1217; Count.u64 = 1217; Min.u64 = 1; Max.u64 = 1; 
 l1cache0.prefetches_canceled_by_history : Accumulator : Sum.u64 = 9509; SumSQ.u64 = 9509; Count.u64 = 9509; Min.u64 = 1; Max.u64 = 1; 
 l1cache0.Prefetch_requests : Accumulator : Sum.u64 = 66952; SumSQ.u64 = 66952; Count.u64 = 66952; Min.u64 = 1; Max.u64 = 1; 
 l1cache0.Prefetch_drops : Accumulator : Sum.u64 = 148; SumSQ.u64 = 148; Count.u64 = 148; Min.u64 = 1; Max.u64 = 1; 
 l1cache0.TotalEventsReceived : Accumulator : Sum.u64 = 604555; SumSQ.u64 = 604555; Count.u64 = 604555; Min.u64 = 1; Max.u64 = 1; 
 l1cache0.TotalEventsReplayed : Accumulator : Sum.u64 = 21739; SumSQ.u64 = 21739; Count.u64 = 21739; Min.u64 = 1; Max.u64 = 1; 
 l1cache0.TotalNoncacheableEventsReceived : Accumulator : Sum.u64 = 0; SumSQ.u64 = 0; Count.u64 = 0; Min.u64 = 0; Max.u64 = 0; 
 l1cache0.CacheHits : Accumulator : Sum.u64 = 97938; SumSQ.u64 = 97938; Count.u64 = 97938; Min.u64 = 1; Max.u64 = 1; 
 l1cache0.GetSHit_Arrival : Accumulator : Sum.u64 = 3782; SumSQ.u64 = 3782; Count.u64 = 3782; Min.u64 = 1; Max.u64 = 1; 
 l1cache0.GetXHit_Arrival : Accumulator : Sum.u64 = 94155; SumSQ.u64 = 94155; Count.u64 = 94155; Min.u64 = 1; Max.u64 = 1; 
 l1cache0.GetSXHit_Arrival : Accumulator : Sum.u64 = 0; SumSQ.u64 = 0; Count.u64 = 0; Min.u64 = 0; Max.u64 = 0; 
 l1cache0.GetSHit_Blocked : Accumulator : Sum.u64 = 1; SumSQ.u64 = 1; Count.u64 = 1; Min.u64 = 1; Max.u64 = 1; 
 l1cache0.GetXHit_Blocked : Accumulator : Sum.u64 = 0; SumSQ.u64 = 0; Count.u64 = 0; Min.u64 = 0; Max.u64 = 0; 
 l1cache0.GetSXHit_Blocked : Accumulator : Sum.u64 = 0; SumSQ.u64 = 0; Count.u64 = 0; Min.u64 = 0; Max.u64 = 0; 
 l1cache0.CacheMisses : Accumulator : Sum.u64 = 168866; SumSQ.u64 = 168866; Count.u64 = 168866; Min.u64 = 1; Max.u64 = 1; 
 l1cache0.GetSMiss_Arrival : Accumulator : Sum.u64 = 163021; SumSQ.u64 = 163021; Count.u64 = 163021; Min.u64 = 1; Max.u64 = 1; 
 l1cache0.GetXMiss_Arrival : Accumulator : Sum.u64 = 1; SumSQ.u64 = 1; Count.u64 = 1; Min.u64 = 1; Max.u64 = 1; 
 l1cache0.GetSXMiss_Arrival : Accumulator : Sum.u64 = 0; SumSQ.u64 = 0; Count.u64 = 0; Min.u64 = 0; Max.u64 = 0; 
 l1cache0.GetSMiss_Blocked : Accumulator : Sum.u64 = 0; SumSQ.u64 = 0; Count.u64 = 0; Min.u64 = 0; Max.u64 = 0; 
 l1cache0.GetXMiss_Blocked : Accumulator : Sum.u64 = 5844; SumSQ.u64 = 5844; Count.u64 = 5844; Min.u64 = 1; Max.u64 = 1; 
 l1cache0.GetSXMiss_Blocked : Accumulator : Sum.u64 = 0; SumSQ.u64 = 0; Count.u64 = 0; Min.u64 = 0; Max.u64 = 0; 
 l1cache0.GetS_recv : Accumulator : Sum.u64 = 166952; SumSQ.u64 = 166952; Count.u64 = 166952; Min.u64 = 1; Max.u64 = 1; 
 l1cache0.GetX_recv : Accumulator : Sum.u64 = 100000; SumSQ.u64 = 100000; Count.u64 = 100000; Min.u64 = 1; Max.u64 = 1; 
 l1cache0.GetSX_recv : Accumulator : Sum.u64 = 0; SumSQ.u64 = 0; Count.u64 = 0; Min.u64 = 0; Max.u64 = 0; 
 l1cache0.GetSResp_recv : Accumulator : Sum.u64 = 3; SumSQ.u64 = 3; Count.u64 = 3; Min.u64 = 1; Max.u64 = 1; 
 l1cache0.GetXResp_recv : Accumulator : Sum.u64 = 168863; SumSQ.u64 = 168863; Count.u64 = 168863; Min.u64 = 1; Max.u64 = 1; 
 l1cache0.PutS_recv : Accumulator : Sum.u64 = 0; SumSQ.u64 = 0; Count.u64 = 0; Min.u64 = 0; Max.u64 = 0; 
 l1cache0.PutM_recv : Accumulator : Sum.u64 = 0; SumSQ.u64 = 0; Count.u64 = 0; Min.u64 = 0; Max.u64 = 0; 
 l1cache0.PutE_recv : Accumulator : Sum.u64 = 0; SumSQ.u64 = 0; Count.u64 = 0; Min.u64 = 0; Max.u64 = 0; 
 l1cache0.FetchInv_recv : Accumulator : Sum.u64 = 0; SumSQ.u64 = 0; Count.u64 = 0; Min.u64 = 0; Max.u64 = 0; 
 l1cache0.FetchInvX_recv : Accumulator : Sum.u64 = 0; SumSQ.u64 = 0; Count.u64 = 0; Min.u64 = 0; Max.u64 = 0; 
 l1cache0.Inv_recv : Accumulator : Sum.u64 = 0; SumSQ.u64 = 0; Count.u64 = 0; Min.u64 = 0; Max.u64 = 0; 
 l1cache0.NACK_recv : Accumulator : Sum.u64 = 0; SumSQ.u64 = 0; Count.u64 = 0; Min.u64 = 0; Max.u64 = 0; 
 l1cache0.MSHR_occupancy : Accumulator : Sum.u64 = 24795420; SumSQ.u64 = 729867938; Count.u64 = 1003242; Min.u64 = 0; Max.u64 = 52; 
 l1cache0.Bank_conflicts : Accumulator : Sum.u64 = 0; SumSQ.u64 = 0; Count.u64 = 0; Min.u64 = 0; Max.u64 = 0; 
 l1cache0.evict_I : Accumulator : Sum.u64 = 0; SumSQ.u64 = 0; Count.u64 = 0; Min.u64 = 0; Max.u64 = 0; 
 l1cache0.evict_E : Accumulator : Sum.u64 = 68815; SumSQ.u64 = 68815; Count.u64 = 68815; Min.u64 = 1; Max.u64 = 1; 
 l1cache0.evict_M : Accumulator : Sum.u64 = 99920; SumSQ.u64 = 99920; Count.u64 = 99920; Min.u64 = 1; Max.u64 = 1; 
 l1cache0.evict_IS : Accumulator : Sum.u64 = 0; SumSQ.u64 = 0; Count.u64 = 0; Min.u64 = 0; Max.u64 = 0; 
 l1cache0.evict_IM : Accumulator : Sum.u64 = 0; SumSQ.u64 = 0; Count.u64 = 0; Min.u64 = 0; Max.u64 = 0; 
 l1cache0.evict_IB : Accumulator : Sum.u64 = 0; SumSQ.u64 = 0; Count.u64 = 0; Min.u64 = 0; Max.u64 = 0; 
 l1cache0.evict_SB : Accumulator : Sum.u64 = 0; SumSQ.u64 = 0; Count.u64 = 0; Min.u64 = 0; Max.u64 = 0; 
 l1cache0.latency_GetS_IS : Accumulator : Sum.u64 = 21838525; SumSQ.u64 = 4857670077; Count.u64 = 163021; Min.u64 = 17; Max.u64 = 1985; 
 l1cache0.latency_GetS_M : Accumulator : Sum.u64 = 0; SumSQ.u64 = 0; Count.u64 = 0; Min.u64 = 0; Max.u64 = 0; 
 l1cache0.latency_GetX_IM : Accumulator : Sum.u64 = 2956754; SumSQ.u64 = 1665182164; Count.u64 = 5844; Min.u64 = 32; Max.u64 = 2250; 
 l1cache0.latency_GetX_SM : Accumulator : Sum.u64 = 106; SumSQ.u64 = 11236; Count.u64 = 1; Min.u64 = 106; Max.u64 = 106; 
 l1cache0.latency_GetX_M : Accumulator : Sum.u64 = 0; SumSQ.u64 = 0; Count.u64 = 0; Min.u64 = 0; Max.u64 = 0; 
 l1cache0.latency_GetSX_IM : Accumulator : Sum.u64 = 0; SumSQ.u64 = 0; Count.u64 = 0; Min.u64 = 0; Max.u64 = 0; 
 l1cache0.latency_GetSX_SM : Accumulator : Sum.u64 = 0; SumSQ.u64 = 0; Count.u64 = 0; Min.u64 = 0; Max.u64 = 0; 
 l1cache0.latency_GetSX_M : Accumulator : Sum.u64 = 0; SumSQ.u64 = 0; Count.u64 = 0; Min.u64 = 0; Max.u64 = 0; 
 l1cache0.EventStalledForLockedCacheline : Accumulator : Sum.u64 = 0; SumSQ.u64 = 0; Count.u64 = 0; Min.u64 = 0; Max.u64 = 0; 
 l1cache0.evict_S : Accumulator : Sum.u64 = 2; SumSQ.u64 = 2; Count.u64 = 2; Min.u64 = 1; Max.u64 = 1; 
 l1cache0.evict_SM : Accumulator : Sum.u64 = 0; SumSQ.u64 = 0; Count.u64 = 0; Min.u64 = 0; Max.u64 = 0; 
 l1cache0.stateEvent_GetS_I : Accumulator : Sum.u64 = 163021; SumSQ.u64 = 163021; Count.u64 = 163021; Min.u64 = 1; Max.u64 = 1; 
 l1cache0.stateEvent_GetS_S : Accumulator : Sum.u64 = 0; SumSQ.u64 = 0; Count.u64 = 0; Min.u64 = 0; Max.u64 = 0; 
 l1cache0.stateEvent_GetS_M : Accumulator : Sum.u64 = 9; SumSQ.u64 = 9; Count.u64 = 9; Min.u64 = 1; Max.u64 = 1; 
 l1cache0.stateEvent_GetX_I : Accumulator : Sum.u64 = 5844; SumSQ.u64 = 5844; Count.u64 = 5844; Min.u64 = 1; Max.u64 = 1; 
 l1cache0.stateEvent_GetX_S : Accumulator : Sum.u64 = 1; SumSQ.u64 = 1; Count.u64 = 1; Min.u64 = 1; Max.u64 = 1; 
 l1cache0.stateEvent_GetX_M : Accumulator : Sum.u64 = 1; SumSQ.u64 = 1; Count.u64 = 1; Min.u64 = 1; Max.u64 = 1; 
 l1cache0.stateEvent_GetSX_I : Accumulator : Sum.u64 = 0; SumSQ.u64 = 0; Count.u64 = 0; Min.u64 = 0; Max.u64 = 0; 
 l1cache0.stateEvent_GetSX_S : Accumulator : Sum.u64 = 0; SumSQ.u64 = 0; Count.u64 = 0; Min.u64 = 0; Max.u64 = 0; 
 l1cache0.stateEvent_GetSX_M : Accumulator : Sum.u64 = 0; SumSQ.u64 = 0; Count.u64 = 0; Min.u64 = 0; Max.u64 = 0; 
 l1cache0.stateEvent_GetSResp_IS : Accumulator : Sum.u64 = 3; SumSQ.u64 = 3; Count.u64 = 3; Min.u64 = 1; Max.u64 = 1; 
 l1cache0.stateEvent_GetXResp_IS : Accumulator : Sum.u64 = 163018; SumSQ.u64 = 163018; Count.u64 = 163018; Min.u64 = 1; Max.u64 = 1; 
 l1cache0.stateEvent_GetXResp_IM : Accumulator : Sum.u64 = 5844; SumSQ.u64 = 5844; Count.u64 = 5844; Min.u64 = 1; Max.u64 = 1; 
 l1cache0.stateEvent_GetXResp_SM : Accumulator : Sum.u64 = 1; SumSQ.u64 = 1; Count.u64 = 1; Min.u64 = 1; Max.u64 = 1; 
 l1cache0.stateEvent_Inv_I : Accumulator : Sum.u64 = 0; SumSQ.u64 = 0; Count.u64 = 0; Min.u64 = 0; Max.u64 = 0; 
 l1cache0.stateEvent_Inv_S : Accumulator : Sum.u64 = 0; SumSQ.u64 = 0; Count.u64 = 0; Min.u64 = 0; Max.u64 = 0; 
 l1cache0.stateEvent_Inv_IS : Accumulator : Sum.u64 = 0; SumSQ.u64 = 0; Count.u64 = 0; Min.u64 = 0; Max.u64 = 0; 
 l1cache0.stateEvent_Inv_IM : Accumulator : Sum.u64 = 0; SumSQ.u64 = 0; Count.u64 = 0; Min.u64 = 0; Max.u64 = 0; 
 l1cache0.stateEvent_Inv_SM : Accumulator : Sum.u64 = 0; SumSQ.u64 = 0; Count.u64 = 0; Min.u64 = 0; Max.u64 = 0; 
 l1cache0.stateEvent_Inv_SB : Accumulator : Sum.u64 = 0; SumSQ.u64 = 0; Count.u64 = 0; Min.u64 = 0; Max.u64 = 0; 
 l1cache0.stateEvent_Inv_IB : Accumulator : Sum.u64 = 0; SumSQ.u64 = 0; Count.u64 = 0; Min.u64 = 0; Max.u64 = 0; 
 l1cache0.stateEvent_FetchInvX_I : Accumulator : Sum.u64 = 0; SumSQ.u64 = 0; Count.u64 = 0; Min.u64 = 0; Max.u64 = 0; 
 l1cache0.stateEvent_FetchInvX_M : Accumulator : Sum.u64 = 0; SumSQ.u64 = 0; Count.u64 = 0; Min.u64 = 0; Max.u64 = 0; 
 l1cache0.stateEvent_FetchInvX_IS : Accumulator : Sum.u64 = 0; SumSQ.u64 = 0; Count.u64 = 0; Min.u64 = 0; Max.u64 = 0; 
 l1cache0.stateEvent_FetchInvX_IM : Accumulator : Sum.u64 = 0; SumSQ.u64 = 0; Count.u64 = 0; Min.u64 = 0; Max.u64 = 0; 
 l1cache0.stateEvent_FetchInvX_SB : Accumulator : Sum.u64 = 0; SumSQ.u64 = 0; Count.u64 = 0; Min.u64 = 0; Max.u64 = 0; 
 l1cache0.stateEvent_FetchInvX_IB : Accumulator : Sum.u64 = 0; SumSQ.u64 = 0; Count.u64 = 0; Min.u64 = 0; Max.u64 = 0; 
 l1cache0.stateEvent_Fetch_I : Accumulator : Sum.u64 = 0; SumSQ.u64 = 0; Count.u64 = 0; Min.u64 = 0; Max.u64 = 0; 
 l1cache0.stateEvent_Fetch_S : Accumulator : Sum.u64 = 0; SumSQ.u64 = 0; Count.u64 = 0; Min.u64 = 0; Max.u64 = 0; 
 l1cache0.stateEvent_Fetch_IS : Accumulator : Sum.u64 = 0; SumSQ.u64 = 0; Count.u64 = 0; Min.u64 = 0; Max.u64 = 0; 
 l1cache0.stateEvent_Fetch_IM : Accumulator : Sum.u64 = 0; SumSQ.u64 = 0; Count.u64 = 0; Min.u64 = 0; Max.u64 = 0; 
 l1cache0.stateEvent_Fetch_SM : Accumulator : Sum.u64 = 0; SumSQ.u64 = 0; Count.u64 = 0; Min.u64 = 0; Max.u64 = 0; 
 l1cache0.stateEvent_Fetch_IB : Accumulator : Sum.u64 = 0; SumSQ.u64 = 0; Count.u64 = 0; Min.u64 = 0; Max.u64 = 0; 
 l1cache0.stateEvent_Fetch_SB : Accumulator : Sum.u64 = 0; SumSQ.u64 = 0; Count.u64 = 0; Min.u64 = 0; Max.u64 = 0; 
 l1cache0.stateEvent_FetchInv_I : Accumulator : Sum.u64 = 0; SumSQ.u64 = 0; Count.u64 = 0; Min.u64 = 0; Max.u64 = 0; 
 l1cache0.stateEvent_FetchInv_S : Accumulator : Sum.u64 = 0; SumSQ.u64 = 0; Count.u64 = 0; Min.u64 = 0; Max.u64 = 0; 
 l1cache0.stateEvent_FetchInv_M : Accumulator : Sum.u64 = 0; SumSQ.u64 = 0; Count.u64 = 0; Min.u64 = 0; Max.u64 = 0; 
 l1cache0.stateEvent_FetchInv_IS : Accumulator : Sum.u64 = 0; SumSQ.u64 = 0; Count.u64 = 0; Min.u64 = 0; Max.u64 = 0; 
 l1cache0.stateEvent_FetchInv_IM : Accumulator : Sum.u64 = 0; SumSQ.u64 = 0; Count.u64 = 0; Min.u64 = 0; Max.u64 = 0; 
 l1cache0.stateEvent_FetchInv_SM : Accumulator : Sum.u64 = 0; SumSQ.u64 = 0; Count.u64 = 0; Min.u64 = 0; Max.u64 = 0; 
 l1cache0.stateEvent_FetchInv_SB : Accumulator : Sum.u64 = 0; SumSQ.u64 = 0; Count.u64 = 0; Min.u64 = 0; Max.u64 = 0; 
 l1cache0.stateEvent_FetchInv_IB : Accumulator : Sum.u64 = 0; SumSQ.u64 = 0; Count.u64 = 0; Min.u64 = 0; Max.u64 = 0; 
 l1cache0.stateEvent_FlushLine_I : Accumulator : Sum.u64 = 0; SumSQ.u64 = 0; Count.u64 = 0; Min.u64 = 0; Max.u64 = 0; 
 l1cache0.stateEvent_FlushLine_S : Accumulator : Sum.u64 = 0; SumSQ.u64 = 0; Count.u64 = 0; Min.u64 = 0; Max.u64 = 0; 
 l1cache0.stateEvent_FlushLine_M : Accumulator : Sum.u64 = 0; SumSQ.u64 = 0; Count.u64 = 0; Min.u64 = 0; Max.u64 = 0; 
 l1cache0.stateEvent_FlushLine_IS : Accumulator : Sum.u64 = 0; SumSQ.u64 = 0; Count.u64 = 0; Min.u64 = 0; Max.u64 = 0; 
 l1cache0.stateEvent_FlushLine_IM : Accumulator : Sum.u64 = 0; SumSQ.u64 = 0; Count.u64 = 0; Min.u64 = 0; Max.u64 = 0; 
 l1cache0.stateEvent_FlushLine_SM : Accumulator : Sum.u64 = 0; SumSQ.u64 = 0; Count.u64 = 0; Min.u64 = 0; Max.u64 = 0; 
 l1cache0.stateEvent_FlushLine_IB : Accumulator : Sum.u64 = 0; SumSQ.u64 = 0; Count.u64 = 0; Min.u64 = 0; Max.u64 = 0; 
 l1cache0.stateEvent_FlushLine_SB : Accumulator : Sum.u64 = 0; SumSQ.u64 = 0; Count.u64 = 0; Min.u64 = 0; Max.u64 = 0; 
 l1cache0.stateEvent_FlushLineInv_I : Accumulator : Sum.u64 = 0; SumSQ.u64 = 0; Count.u64 = 0; Min.u64 = 0; Max.u64 = 0; 
 l1cache0.stateEvent_FlushLineInv_S : Accumulator : Sum.u64 = 0; SumSQ.u64 = 0; Count.u64 = 0; Min.u64 = 0; Max.u64 = 0; 
 l1cache0.stateEvent_FlushLineInv_M : Accumulator : Sum.u64 = 0; SumSQ.u64 = 0; Count.u64 = 0; Min.u64 = 0; Max.u64 = 0; 
 l1cache0.stateEvent_FlushLineInv_IS : Accumulator : Sum.u64 = 0; SumSQ.u64 = 0; Count.u64 = 0; Min.u64 = 0; Max.u64 = 0; 
 l1cache0.stateEvent_FlushLineInv_IM : Accumulator : Sum.u64 = 0; SumSQ.u64 = 0; Count.u64 = 0; Min.u64 = 0; Max.u64 = 0; 
 l1cache0.stateEvent_FlushLineInv_SM : Accumulator : Sum.u64 = 0; SumSQ.u64 = 0; Count.u64 = 0; Min.u64 = 0; Max.u64 = 0; 
 l1cache0.stateEvent_FlushLineInv_IB : Accumulator : Sum.u64 = 0; SumSQ.u64 = 0; Count.u64 = 0; Min.u64 = 0; Max.u64 = 0; 
 l1cache0.stateEvent_FlushLineInv_SB : Accumulator : Sum.u64 = 0; SumSQ.u64 = 0; Count.u64 = 0; Min.u64 = 0; Max.u64 = 0; 
 l1cache0.stateEvent_FlushLineResp_I : Accumulator : Sum.u64 = 0; SumSQ.u64 = 0; Count.u64 = 0; Min.u64 = 0; Max.u64 = 0; 
 l1cache0.stateEvent_FlushLineResp_IB : Accumulator : Sum.u64 = 0; SumSQ.u64 = 0; Count.u64 = 0; Min.u64 = 0; Max.u64 = 0; 
 l1cache0.stateEvent_FlushLineResp_SB : Accumulator : Sum.u64 = 0; SumSQ.u64 = 0; Count.u64 = 0; Min.u64 = 0; Max.u64 = 0; 
 l1cache0.eventSent_GetS : Accumulator : Sum.u64 = 163021; SumSQ.u64 = 163021; Count.u64 = 163021; Min.u64 = 1; Max.u64 = 1; 
 l1cache0.eventSent_GetX : Accumulator : Sum.u64 = 5845; SumSQ.u64 = 5845; Count.u64 = 5845; Min.u64 = 1; Max.u64 = 1; 
 l1cache0.eventSent_GetSX : Accumulator : Sum.u64 = 0; SumSQ.u64 = 0; Count.u64 = 0; Min.u64 = 0; Max.u64 = 0; 
 l1cache0.eventSent_PutM : Accumulator : Sum.u64 = 99920; SumSQ.u64 = 99920; Count.u64 = 99920; Min.u64 = 1; Max.u64 = 1; 
 l1cache0.eventSent_NACK_down : Accumulator : Sum.u64 = 0; SumSQ.u64 = 0; Count.u64 = 0; Min.u64 = 0; Max.u64 = 0; 
 l1cache0.eventSent_FlushLine : Accumulator : Sum.u64 = 0; SumSQ.u64 = 0; Count.u64 = 0; Min.u64 = 0; Max.u64 = 0; 
 l1cache0.eventSent_FlushLineInv : Accumulator : Sum.u64 = 0; SumSQ.u64 = 0; Count.u64 = 0; Min.u64 = 0; Max.u64 = 0; 
 l1cache0.eventSent_FetchResp : Accumulator : Sum.u64 = 0; SumSQ.u64 = 0; Count.u64 = 0; Min.u64 = 0; Max.u64 = 0; 
 l1cache0.eventSent_FetchXResp : Accumulator : Sum.u64 = 0; SumSQ.u64 = 0; Count.u64 = 0; Min.u64 = 0; Max.u64 = 0; 
 l1cache0.eventSent_AckInv : Accumulator : Sum.u64 = 0; SumSQ.u64 = 0; Count.u64 = 0; Min.u64 = 0; Max.u64 = 0; 
 l1cache0.eventSent_GetSResp : Accumulator : Sum.u64 = 100000; SumSQ.u64 = 100000; Count.u64 = 100000; Min.u64 = 1; Max.u64 = 1; 
 l1cache0.eventSent_GetXResp : Accumulator : Sum.u64 = 100000; SumSQ.u64 = 100000; Count.u64 = 100000; Min.u64 = 1; Max.u64 = 1; 
 l1cache0.eventSent_FlushLineResp : Accumulator : Sum.u64 = 0; SumSQ.u64 = 0; Count.u64 = 0; Min.u64 = 0; Max.u64 = 0; 
 l1cache0.stateEvent_AckPut_I : Accumulator : Sum.u64 = 168737; SumSQ.u64 = 168737; Count.u64 = 168737; Min.u64 = 1; Max.u64 = 1; 
 l1cache0.eventSent_PutS : Accumulator : Sum.u64 = 2; SumSQ.u64 = 2; Count.u64 = 2; Min.u64 = 1; Max.u64 = 1; 
 l1cache0.eventSent_PutE : Accumulator : Sum.u64 = 68815; SumSQ.u64 = 68815; Count.u64 = 68815; Min.u64 = 1; Max.u64 = 1; 
 l1cache0.prefetch_evict : Accumulator : Sum.u64 = 62973; SumSQ.u64 = 62973; Count.u64 = 62973; Min.u64 = 1; Max.u64 = 1; 
 l1cache0.prefetch_inv : Accumulator : Sum.u64 = 0; SumSQ.u64 = 0; Count.u64 = 0; Min.u64 = 0; Max.u64 = 0; 
 l1cache0.prefetch_useful : Accumulator : Sum.u64 = 0; SumSQ.u64 = 0; Count.u64 = 0; Min.u64 = 0; Max.u64 = 0; 
 l1cache0.prefetch_coherence_miss : Accumulator : Sum.u64 = 0; SumSQ.u64 = 0; Count.u64 = 0; Min.u64 = 0; Max.u64 = 0; 
 l1cache0.prefetch_redundant : Accumulator : Sum.u64 = 3782; SumSQ.u64 = 3782; Count.u64 = 3782; Min.u64 = 1; Max.u64 = 1; 
 l1cache0.stateEvent_GetS_E : Accumulator : Sum.u64 = 3774; SumSQ.u64 = 3774; Count.u64 = 3774; Min.u64 = 1; Max.u64 = 1; 
 l1cache0.stateEvent_GetX_E : Accumulator : Sum.u64 = 94154; SumSQ.u64 = 94154; Count.u64 = 94154; Min.u64 = 1; Max.u64 = 1; 
 l1cache0.stateEvent_GetSX_E : Accumulator : Sum.u64 = 0; SumSQ.u64 = 0; Count.u64 = 0; Min.u64 = 0; Max.u64 = 0; 
 l1cache0.stateEvent_FlushLine_E : Accumulator : Sum.u64 = 0; SumSQ.u64 = 0; Count.u64 = 0; Min.u64 = 0; Max.u64 = 0; 
 l1cache0.stateEvent_FlushLineInv_E : Accumulator : Sum.u64 = 0; SumSQ.u64 = 0; Count.u64 = 0; Min.u64 = 0; Max.u64 = 0; 
 l1cache0.stateEvent_FetchInv_E : Accumulator : Sum.u64 = 0; SumSQ.u64 = 0; Count.u64 = 0; Min.u64 = 0; Max.u64 = 0; 
 l1cache0.stateEvent_FetchInvX_E : Accumulator : Sum.u64 = 0; SumSQ.u64 = 0; Count.u64 = 0; Min.u64 = 0; Max.u64 = 0; 
 l1cache1.prefetch_opportunities : Accumulator : Sum.u64 = 76136; SumSQ.u64 = 76136; Count.u64 = 76136; Min.u64 = 1; Max.u64 = 1; 
 l1cache1.prefetches_issued : Accumulator : Sum.u64 = 65038; SumSQ.u64 = 65038; Count.u64 = 65038; Min.u64 = 1; Max.u64 = 1; 
 l1cache1.prefetches_canceled_by_page_boundary : Accumulator : Sum.u64 = 1207; SumSQ.u64 = 1207; Count.u64 = 1207; Min.u64 = 1; Max.u64 = 1; 
 l1cache1.prefetches_canceled_by_history : Accumulator : Sum.u64 = 11098; SumSQ.u64 = 11098; Count.u64 = 11098; Min.u64 = 1; Max.u64 = 1; 
 l1cache1.Prefetch_requests : Accumulator : Sum.u64 = 65038; SumSQ.u64 = 65038; Count.u64 = 65038; Min.u64 = 1; Max.u64 = 1; 
 l1cache1.Prefetch_drops : Accumulator : Sum.u64 = 141; SumSQ.u64 = 141; Count.u64 = 141; Min.u64 = 1; Max.u64 = 1; 
 l1cache1.TotalEventsReceived : Accumulator : Sum.u64 = 599717; SumSQ.u64 = 599717; Count.u64 = 599717; Min.u64 = 1; Max.u64 = 1; 
 l1cache1.TotalEventsReplayed : Accumulator : Sum.u64 = 15672; SumSQ.u64 = 15672; Count.u64 = 15672; Min.u64 = 1; Max.u64 = 1; 
 l1cache1.TotalNoncacheableEventsReceived : Accumulator : Sum.u64 = 0; SumSQ.u64 = 0; Count.u64 = 0; Min.u64 = 0; Max.u64 = 0; 
 l1cache1.CacheHits : Accumulator : Sum.u64 = 97495; SumSQ.u64 = 97495; Count.u64 = 97495; Min.u64 = 1; Max.u64 = 1; 
 l1cache1.GetSHit_Arrival : Accumulator : Sum.u64 = 2041; SumSQ.u64 = 2041; Count.u64 = 2041; Min.u64 = 1; Max.u64 = 1; 
 l1cache1.GetXHit_Arrival : Accumulator : Sum.u64 = 95454; SumSQ.u64 = 95454; Count.u64 = 95454; Min.u64 = 1; Max.u64 = 1; 
 l1cache1.GetSXHit_Arrival : Accumulator : Sum.u64 = 0; SumSQ.u64 = 0; Count.u64 = 0; Min.u64 = 0; Max.u64 = 0; 
 l1cache1.GetSHit_Blocked : Accumulator : Sum.u64 = 0; SumSQ.u64 = 0; Count.u64 = 0; Min.u64 = 0; Max.u64 = 0; 
 l1cache1.GetXHit_Blocked : Accumulator : Sum.u64 = 0; SumSQ.u64 = 0; Count.u64 = 0; Min.u64 = 0; Max.u64 = 0; 
 l1cache1.GetSXHit_Blocked : Accumulator : Sum.u64 = 0; SumSQ.u64 = 0; Count.u64 = 0; Min.u64 = 0; Max.u64 = 0; 
 l1cache1.CacheMisses : Accumulator : Sum.u64 = 167402; SumSQ.u64 = 167402; Count.u64 = 167402; Min.u64 = 1; Max.u64 = 1; 
 l1cache1.GetSMiss_Arrival : Accumulator : Sum.u64 = 162855; SumSQ.u64 = 162855; Count.u64 = 162855; Min.u64 = 1; Max.u64 = 1; 
 l1cache1.GetXMiss_Arrival : Accumulator : Sum.u64 = 0; SumSQ.u64 = 0; Count.u64 = 0; Min.u64 = 0; Max.u64 = 0; 
 l1cache1.GetSXMiss_Arrival : Accumulator : Sum.u64 = 0; SumSQ.u64 = 0; Count.u64 = 0; Min.u64 = 0; Max.u64 = 0; 
 l1cache1.GetSMiss_Blocked : Accumulator : Sum.u64 = 1; SumSQ.u64 = 1; Count.u64 = 1; Min.u64 = 1; Max.u64 = 1; 
 l1cache1.GetXMiss_Blocked : Accumulator : Sum.u64 = 4546; SumSQ.u64 = 4546; Count.u64 = 4546; Min.u64 = 1; Max.u64 = 1; 
 l1cache1.GetSXMiss_Blocked : Accumulator : Sum.u64 = 0; SumSQ.u64 = 0; Count.u64 = 0; Min.u64 = 0; Max.u64 = 0; 
 l1cache1.GetS_recv : Accumulator : Sum.u64 = 165038; SumSQ.u64 = 165038; Count.u64 = 165038; Min.u64 = 1; Max.u64 = 1; 
 l1cache1.GetX_recv : Accumulator : Sum.u64 = 100000; SumSQ.u64 = 100000; Count.u64 = 100000; Min.u64 = 1; Max.u64 = 1; 
 l1cache1.GetSX_recv : Accumulator : Sum.u64 = 0; SumSQ.u64 = 0; Count.u64 = 0; Min.u64 = 0; Max.u64 = 0; 
 l1cache1.GetSResp_recv : Accumulator : Sum.u64 = 0; SumSQ.u64 = 0; Count.u64 = 0; Min.u64 = 0; Max.u64 = 0; 
 l1cache1.GetXResp_recv : Accumulator : Sum.u64 = 167402; SumSQ.u64 = 167402; Count.u64 = 167402; Min.u64 = 1; Max.u64 = 1; 
 l1cache1.PutS_recv : Accumulator : Sum.u64 = 0; SumSQ.u64 = 0; Count.u64 = 0; Min.u64 = 0; Max.u64 = 0; 
 l1cache1.PutM_recv : Accumulator : Sum.u64 = 0; SumSQ.u64 = 0; Count.u64 = 0; Min.u64 = 0; Max.u64 = 0; 
 l1cache1.PutE_recv : Accumulator : Sum.u64 = 0; SumSQ.u64 = 0; Count.u64 = 0; Min.u64 = 0; Max.u64 = 0; 
 l1cache1.FetchInv_recv : Accumulator : Sum.u64 = 0; SumSQ.u64 = 0; Count.u64 = 0; Min.u64 = 0; Max.u64 = 0; 
 l1cache1.FetchInvX_recv : Accumulator : Sum.u64 = 3; SumSQ.u64 = 3; Count.u64 = 3; Min.u64 = 1; Max.u64 = 1; 
 l1cache1.Inv_recv : Accumulator : Sum.u64 = 1; SumSQ.u64 = 1; Count.u64 = 1; Min.u64 = 1; Max.u64 = 1; 
 l1cache1.NACK_recv : Accumulator : Sum.u64 = 0; SumSQ.u64 = 0; Count.u64 = 0; Min.u64 = 0; Max.u64 = 0; 
 l1cache1.MSHR_occupancy : Accumulator : Sum.u64 = 27917782; SumSQ.u64 = 787639150; Count.u64 = 1003242; Min.u64 = 0; Max.u64 = 42; 
 l1cache1.Bank_conflicts : Accumulator : Sum.u64 = 0; SumSQ.u64 = 0; Count.u64 = 0; Min.u64 = 0; Max.u64 = 0; 
 l1cache1.evict_I : Accumulator : Sum.u64 = 0; SumSQ.u64 = 0; Count.u64 = 0; Min.u64 = 0; Max.u64 = 0; 
 l1cache1.evict_E : Accumulator : Sum.u64 = 67353; SumSQ.u64 = 67353; Count.u64 = 67353; Min.u64 = 1; Max.u64 = 1; 
 l1cache1.evict_M : Accumulator : Sum.u64 = 99918; SumSQ.u64 = 99918; Count.u64 = 99918; Min.u64 = 1; Max.u64 = 1; 
 l1cache1.evict_IS : Accumulator : Sum.u64 = 0; SumSQ.u64 = 0; Count.u64 = 0; Min.u64 = 0; Max.u64 = 0; 
 l1cache1.evict_IM : Accumulator : Sum.u64 = 0; SumSQ.u64 = 0; Count.u64 = 0; Min.u64 = 0; Max.u64 = 0; 
 l1cache1.evict_IB : Accumulator : Sum.u64 = 0; SumSQ.u64 = 0; Count.u64 = 0; Min.u64 = 0; Max.u64 = 0; 
 l1cache1.evict_SB : Accumulator : Sum.u64 = 0; SumSQ.u64 = 0; Count.u64 = 0; Min.u64 = 0; Max.u64 = 0; 
 l1cache1.latency_GetS_IS : Accumulator : Sum.u64 = 25554048; SumSQ.u64 = 5771292368; Count.u64 = 162856; Min.u64 = 15; Max.u64 = 1725; 
 l1cache1.latency_GetS_M : Accumulator : Sum.u64 = 0; SumSQ.u64 = 0; Count.u64 = 0; Min.u64 = 0; Max.u64 = 0; 
 l1cache1.latency_GetX_IM : Accumulator : Sum.u64 = 2363734; SumSQ.u64 = 1392703956; Count.u64 = 4546; Min.u64 = 26; Max.u64 = 2052; 
 l1cache1.latency_GetX_SM : Accumulator : Sum.u64 = 0; SumSQ.u64 = 0; Count.u64 = 0; Min.u64 = 0; Max.u64 = 0; 
 l1cache1.latency_GetX_M : Accumulator : Sum.u64 = 0; SumSQ.u64 = 0; Count.u64 = 0; Min.u64 = 0; Max.u64 = 0; 
 l1cache1.latency_GetSX_IM : Accumulator : Sum.u64 = 0; SumSQ.u64 = 0; Count.u64 = 0; Min.u64 = 0; Max.u64 = 0; 
 l1cache1.latency_GetSX_SM : Accumulator : Sum.u64 = 0; SumSQ.u64 = 0; Count.u64 = 0; Min.u64 = 0; Max.u64 = 0; 
 l1cache1.latency_GetSX_M : Accumulator : Sum.u64 = 0; SumSQ.u64 = 0; Count.u64 = 0; Min.u64 = 0; Max.u64 = 0; 
 l1cache1.EventStalledForLockedCacheline : Accumulator : Sum.u64 = 0; SumSQ.u64 = 0; Count.u64 = 0; Min.u64 = 0; Max.u64 = 0; 
 l1cache1.evict_S : Accumulator : Sum.u64 = 2; SumSQ.u64 = 2; Count.u64 = 2; Min.u64 = 1; Max.u64 = 1; 
 l1cache1.evict_SM : Accumulator : Sum.u64 = 0; SumSQ.u64 = 0; Count.u64 = 0; Min.u64 = 0; Max.u64 = 0; 
 l1cache1.stateEvent_GetS_I : Accumulator : Sum.u64 = 162856; SumSQ.u64 = 162856; Count.u64 = 162856; Min.u64 = 1; Max.u64 = 1; 
 l1cache1.stateEvent_GetS_S : Accumulator : Sum.u64 = 0; SumSQ.u64 = 0; Count.u64 = 0; Min.u64 = 0; Max.u64 = 0; 
 l1cache1.stateEvent_GetS_M : Accumulator : Sum.u64 = 21; SumSQ.u64 = 21; Count.u64 = 21; Min.u64 = 1; Max.u64 = 1; 
 l1cache1.stateEvent_GetX_I : Accumulator : Sum.u64 = 4546; SumSQ.u64 = 4546; Count.u64 = 4546; Min.u64 = 1; Max.u64 = 1; 
 l1cache1.stateEvent_GetX_S : Accumulator : Sum.u64 = 0; SumSQ.u64 = 0; Count.u64 = 0; Min.u64 = 0; Max.u64 = 0; 
 l1cache1.stateEvent_GetX_M : Accumulator : Sum.u64 = 1; SumSQ.u64 = 1; Count.u64 = 1; Min.u64 = 1; Max.u64 = 1; 
 l1cache1.stateEvent_GetSX_I : Accumulator : Sum.u64 = 0; SumSQ.u64 = 0; Count.u64 = 0; Min.u64 = 0; Max.u64 = 0; 
 l1cache1.stateEvent_GetSX_S : Accumulator : Sum.u64 = 0; SumSQ.u64 = 0; Count.u64 = 0; Min.u64 = 0; Max.u64 = 0; 
 l1cache1.stateEvent_GetSX_M : Accumulator : Sum.u64 = 0; SumSQ.u64 = 0; Count.u64 = 0; Min.u64 = 0; Max.u64 = 0; 
 l1cache1.stateEvent_GetSResp_IS : Accumulator : Sum.u64 = 0; SumSQ.u64 = 0; Count.u64 = 0; Min.u64 = 0; Max.u64 = 0; 
 l1cache1.stateEvent_GetXResp_IS : Accumulator : Sum.u64 = 162856; SumSQ.u64 = 162856; Count.u64 = 162856; Min.u64 = 1; Max.u64 = 1; 
 l1cache1.stateEvent_GetXResp_IM : Accumulator : Sum.u64 = 4546; SumSQ.u64 = 4546; Count.u64 = 4546; Min.u64 = 1; Max.u64 = 1; 
 l1cache1.stateEvent_GetXResp_SM : Accumulator : Sum.u64 = 0; SumSQ.u64 = 0; Count.u64 = 0; Min.u64 = 0; Max.u64 = 0; 
 l1cache1.stateEvent_Inv_I : Accumulator : Sum.u64 = 0; SumSQ.u64 = 0; Count.u64 = 0; Min.u64 = 0; Max.u64 = 0; 
 l1cache1.stateEvent_Inv_S : Accumulator : Sum.u64 = 1; SumSQ.u64 = 1; Count.u64 = 1; Min.u64 = 1; Max.u64 = 1; 
 l1cache1.stateEvent_Inv_IS : Accumulator : Sum.u64 = 0; SumSQ.u64 = 0; Count.u64 = 0; Min.u64 = 0; Max.u64 = 0; 
 l1cache1.stateEvent_Inv_IM : Accumulator : Sum.u64 = 0; SumSQ.u64 = 0; Count.u64 = 0; Min.u64 = 0; Max.u64 = 0; 
 l1cache1.stateEvent_Inv_SM : Accumulator : Sum.u64 = 0; SumSQ.u64 = 0; Count.u64 = 0; Min.u64 = 0; Max.u64 = 0; 
 l1cache1.stateEvent_Inv_SB : Accumulator : Sum.u64 = 0; SumSQ.u64 = 0; Count.u64 = 0; Min.u64 = 0; Max.u64 = 0; 
 l1cache1.stateEvent_Inv_IB : Accumulator : Sum.u64 = 0; SumSQ.u64 = 0; Count.u64 = 0; Min.u64 = 0; Max.u64 = 0; 
 l1cache1.stateEvent_FetchInvX_I : Accumulator : Sum.u64 = 0; SumSQ.u64 = 0; Count.u64 = 0; Min.u64 = 0; Max.u64 = 0; 
 l1cache1.stateEvent_FetchInvX_M : Accumulator : Sum.u64 = 3; SumSQ.u64 = 3; Count.u64 = 3; Min.u64 = 1; Max.u64 = 1; 
 l1cache1.stateEvent_FetchInvX_IS : Accumulator : Sum.u64 = 0; SumSQ.u64 = 0; Count.u64 = 0; Min.u64 = 0; Max.u64 = 0; 
 l1cache1.stateEvent_FetchInvX_IM : Accumulator : Sum.u64 = 0; SumSQ.u64 = 0; Count.u64 = 0; Min.u64 = 0; Max.u64 = 0; 
 l1cache1.stateEvent_FetchInvX_SB : Accumulator : Sum.u64 = 0; SumSQ.u64 = 0; Count.u64 = 0; Min.u64 = 0; Max.u64 = 0; 
 l1cache1.stateEvent_FetchInvX_IB : Accumulator : Sum.u64 = 0; SumSQ.u64 = 0; Count.u64 = 0; Min.u64 = 0; Max.u64 = 0; 
 l1cache1.stateEvent_Fetch_I : Accumulator : Sum.u64 = 0; SumSQ.u64 = 0; Count.u64 = 0; Min.u64 = 0; Max.u64 = 0; 
 l1cache1.stateEvent_Fetch_S : Accumulator : Sum.u64 = 0; SumSQ.u64 = 0; Count.u64 = 0; Min.u64 = 0; Max.u64 = 0; 
 l1cache1.stateEvent_Fetch_IS : Accumulator : Sum.u64 = 0; SumSQ.u64 = 0; Count.u64 = 0; Min.u64 = 0; Max.u64 = 0; 
 l1cache1.stateEvent_Fetch_IM : Accumulator : Sum.u64 = 0; SumSQ.u64 = 0; Count.u64 = 0; Min.u64 = 0; Max.u64 = 0; 
 l1cache1.stateEvent_Fetch_SM : Accumulator : Sum.u64 = 0; SumSQ.u64 = 0; Count.u64 = 0; Min.u64 = 0; Max.u64 = 0; 
 l1cache1.stateEvent_Fetch_IB : Accumulator : Sum.u64 = 0; SumSQ.u64 = 0; Count.u64 = 0; Min.u64 = 0; Max.u64 = 0; 
 l1cache1.stateEvent_Fetch_SB : Accumulator : Sum.u64 = 0; SumSQ.u64 = 0; Count.u64 = 0; Min.u64 = 0; Max.u64 = 0; 
 l1cache1.stateEvent_FetchInv_I : Accumulator : Sum.u64 = 0; SumSQ.u64 = 0; Count.u64 = 0; Min.u64 = 0; Max.u64 = 0; 
 l1cache1.stateEvent_FetchInv_S : Accumulator : Sum.u64 = 0; SumSQ.u64 = 0; Count.u64 = 0; Min.u64 = 0; Max.u64 = 0; 
 l1cache1.stateEvent_FetchInv_M : Accumulator : Sum.u64 = 0; SumSQ.u64 = 0; Count.u64 = 0; Min.u64 = 0; Max.u64 = 0; 
 l1cache1.stateEvent_FetchInv_IS : Accumulator : Sum.u64 = 0; SumSQ.u64 = 0; Count.u64 = 0; Min.u64 = 0; Max.u64 = 0; 
 l1cache1.stateEvent_FetchInv_IM : Accumulator : Sum.u64 = 0; SumSQ.u64 = 0; Count.u64 = 0; Min.u64 = 0; Max.u64 = 0; 
 l1cache1.stateEvent_FetchInv_SM : Accumulator : Sum.u64 = 0; SumSQ.u64 = 0; Count.u64 = 0; Min.u64 = 0; Max.u64 = 0; 
 l1cache1.stateEvent_FetchInv_SB : Accumulator : Sum.u64 = 0; SumSQ.u64 = 0; Count.u64 = 0; Min.u64 = 0; Max.u64 = 0; 
 l1cache1.stateEvent_FetchInv_IB : Accumulator : Sum.u64 = 0; SumSQ.u64 = 0; Count.u64 = 0; Min.u64 = 0; Max.u64 = 0; 
 l1cache1.stateEvent_FlushLine_I : Accumulator : Sum.u64 = 0; SumSQ.u64 = 0; Count.u64 = 0; Min.u64 = 0; Max.u64 = 0; 
 l1cache1.stateEvent_FlushLine_S : Accumulator : Sum.u64 = 0; SumSQ.u64 = 0; Count.u64 = 0; Min.u64 = 0; Max.u64 = 0; 
 l1cache1.stateEvent_FlushLine_M : Accumulator : Sum.u64 = 0; SumSQ.u64 = 0; Count.u64 = 0; Min.u64 = 0; Max.u64 = 0; 
 l1cache1.stateEvent_FlushLine_IS : Accumulator : Sum.u64 = 0; SumSQ.u64 = 0; Count.u64 = 0; Min.u64 = 0; Max.u64 = 0; 
 l1cache1.stateEvent_FlushLine_IM : Accumulator : Sum.u64 = 0; SumSQ.u64 = 0; Count.u64 = 0; Min.u64 = 0; Max.u64 = 0; 
 l1cache1.stateEvent_FlushLine_SM : Accumulator : Sum.u64 = 0; SumSQ.u64 = 0; Count.u64 = 0; Min.u64 = 0; Max.u64 = 0; 
 l1cache1.stateEvent_FlushLine_IB : Accumulator : Sum.u64 = 0; SumSQ.u64 = 0; Count.u64 = 0; Min.u64 = 0; Max.u64 = 0; 
 l1cache1.stateEvent_FlushLine_SB : Accumulator : Sum.u64 = 0; SumSQ.u64 = 0; Count.u64 = 0; Min.u64 = 0; Max.u64 = 0; 
 l1cache1.stateEvent_FlushLineInv_I : Accumulator : Sum.u64 = 0; SumSQ.u64 = 0; Count.u64 = 0; Min.u64 = 0; Max.u64 = 0; 
 l1cache1.stateEvent_FlushLineInv_S : Accumulator : Sum.u64 = 0; SumSQ.u64 = 0; Count.u64 = 0; Min.u64 = 0; Max.u64 = 0; 
 l1cache1.stateEvent_FlushLineInv_M : Accumulator : Sum.u64 = 0; SumSQ.u64 = 0; Count.u64 = 0; Min.u64 = 0; Max.u64 = 0; 
 l1cache1.stateEvent_FlushLineInv_IS : Accumulator : Sum.u64 = 0; SumSQ.u64 = 0; Count.u64 = 0; Min.u64 = 0; Max.u64 = 0; 
 l1cache1.stateEvent_FlushLineInv_IM : Accumulator : Sum.u64 = 0; SumSQ.u64 = 0; Count.u64 = 0; Min.u64 = 0; Max.u64 = 0; 
 l1cache1.stateEvent_FlushLineInv_SM : Accumulator : Sum.u64 = 0; SumSQ.u64 = 0; Count.u64 = 0; Min.u64 = 0; Max.u64 = 0; 
 l1cache1.stateEvent_FlushLineInv_IB : Accumulator : Sum.u64 = 0; SumSQ.u64 = 0; Count.u64 = 0; Min.u64 = 0; Max.u64 = 0; 
 l1cache1.stateEvent_FlushLineInv_SB : Accumulator : Sum.u64 = 0; SumSQ.u64 = 0; Count.u64 = 0; Min.u64 = 0; Max.u64 = 0; 
 l1cache1.stateEvent_FlushLineResp_I : Accumulator : Sum.u64 = 0; SumSQ.u64 = 0; Count.u64 = 0; Min.u64 = 0; Max.u64 = 0; 
 l1cache1.stateEvent_FlushLineResp_IB : Accumulator : Sum.u64 = 0; SumSQ.u64 = 0; Count.u64 = 0; Min.u64 = 0; Max.u64 = 0; 
 l1cache1.stateEvent_FlushLineResp_SB : Accumulator : Sum.u64 = 0; SumSQ.u64 = 0; Count.u64 = 0; Min.u64 = 0; Max.u64 = 0; 
 l1cache1.eventSent_GetS : Accumulator : Sum.u64 = 162856; SumSQ.u64 = 162856; Count.u64 = 162856; Min.u64 = 1; Max.u64 = 1; 
 l1cache1.eventSent_GetX : Accumulator : Sum.u64 = 4546; SumSQ.u64 = 4546; Count.u64 = 4546; Min.u64 = 1; Max.u64 = 1; 
 l1cache1.eventSent_GetSX : Accumulator : Sum.u64 = 0; SumSQ.u64 = 0; Count.u64 = 0; Min.u64 = 0; Max.u64 = 0; 
 l1cache1.eventSent_PutM : Accumulator : Sum.u64 = 99918; SumSQ.u64 = 99918; Count.u64 = 99918; Min.u64 = 1; Max.u64 = 1; 
 l1cache1.eventSent_NACK_down : Accumulator : Sum.u64 = 0; SumSQ.u64 = 0; Count.u64 = 0; Min.u64 = 0; Max.u64 = 0; 
 l1cache1.eventSent_FlushLine : Accumulator : Sum.u64 = 0; SumSQ.u64 = 0; Count.u64 = 0; Min.u64 = 0; Max.u64 = 0; 
 l1cache1.eventSent_FlushLineInv : Accumulator : Sum.u64 = 0; SumSQ.u64 = 0; Count.u64 = 0; Min.u64 = 0; Max.u64 = 0; 
 l1cache1.eventSent_FetchResp : Accumulator : Sum.u64 = 0; SumSQ.u64 = 0; Count.u64 = 0; Min.u64 = 0; Max.u64 = 0; 
 l1cache1.eventSent_FetchXResp : Accumulator : Sum.u64 = 3; SumSQ.u64 = 3; Count.u64 = 3; Min.u64 = 1; Max.u64 = 1; 
 l1cache1.eventSent_AckInv : Accumulator : Sum.u64 = 1; SumSQ.u64 = 1; Count.u64 = 1; Min.u64 = 1; Max.u64 = 1; 
 l1cache1.eventSent_GetSResp : Accumulator : Sum.u64 = 100000; SumSQ.u64 = 100000; Count.u64 = 100000; Min.u64 = 1; Max.u64 = 1; 
 l1cache1.eventSent_GetXResp : Accumulator : Sum.u64 = 100000; SumSQ.u64 = 100000; Count.u64 = 100000; Min.u64 = 1; Max.u64 = 1; 
 l1cache1.eventSent_FlushLineResp : Accumulator : Sum.u64 = 0; SumSQ.u64 = 0; Count.u64 = 0; Min.u64 = 0; Max.u64 = 0; 
 l1cache1.stateEvent_AckPut_I : Accumulator : Sum.u64 = 167273; SumSQ.u64 = 167273; Count.u64 = 167273; Min.u64 = 1; Max.u64 = 1; 
 l1cache1.eventSent_PutS : Accumulator : Sum.u64 = 2; SumSQ.u64 = 2; Count.u64 = 2; Min.u64 = 1; Max.u64 = 1; 
 l1cache1.eventSent_PutE : Accumulator : Sum.u64 = 67353; SumSQ.u64 = 67353; Count.u64 = 67353; Min.u64 = 1; Max.u64 = 1; 
 l1cache1.prefetch_evict : Accumulator : Sum.u64 = 62807; SumSQ.u64 = 62807; Count.u64 = 62807; Min.u64 = 1; Max.u64 = 1; 
 l1cache1.prefetch_inv : Accumulator : Sum.u64 = 0; SumSQ.u64 = 0; Count.u64 = 0; Min.u64 = 0; Max.u64 = 0; 
 l1cache1.prefetch_useful : Accumulator : Sum.u64 = 0; SumSQ.u64 = 0; Count.u64 = 0; Min.u64 = 0; Max.u64 = 0; 
 l1cache1.prefetch_coherence_miss : Accumulator : Sum.u64 = 0; SumSQ.u64 = 0; Count.u64 = 0; Min.u64 = 0; Max.u64 = 0; 
 l1cache1.prefetch_redundant : Accumulator : Sum.u64 = 2040; SumSQ.u64 = 2040; Count.u64 = 2040; Min.u64 = 1; Max.u64 = 1; 
 l1cache1.stateEvent_GetS_E : Accumulator : Sum.u64 = 2020; SumSQ.u64 = 2020; Count.u64 = 2020; Min.u64 = 1; Max.u64 = 1; 
 l1cache1.stateEvent_GetX_E : Accumulator : Sum.u64 = 95453; SumSQ.u64 = 95453; Count.u64 = 95453; Min.u64 = 1; Max.u64 = 1; 
 l1cache1.stateEvent_GetSX_E : Accumulator : Sum.u64 = 0; SumSQ.u64 = 0; Count.u64 = 0; Min.u64 = 0; Max.u64 = 0; 
 l1cache1.stateEvent_FlushLine_E : Accumulator : Sum.u64 = 0; SumSQ.u64 = 0; Count.u64 = 0; Min.u64 = 0; Max.u64 = 0; 
 l1cache1.stateEvent_FlushLineInv_E : Accumulator : Sum.u64 = 0; SumSQ.u64 = 0; Count.u64 = 0; Min.u64 = 0; Max.u64 = 0; 
 l1cache1.stateEvent_FetchInv_E : Accumulator : Sum.u64 = 0; SumSQ.u64 = 0; Count.u64 = 0; Min.u64 = 0; Max.u64 = 0; 
 l1cache1.stateEvent_FetchInvX_E : Accumulator : Sum.u64 = 0; SumSQ.u64 = 0; Count.u64 = 0; Min.u64 = 0; Max.u64 = 0; 
 shogunxbar.output_packet_count.port0 : Accumulator : Sum.u64 = 337603; SumSQ.u64 = 337603; Count.u64 = 337603; Min.u64 = 1; Max.u64 = 1; 
 shogunxbar.input_packet_count.port0 : Accumulator : Sum.u64 = 337603; SumSQ.u64 = 337603; Count.u64 = 337603; Min.u64 = 1; Max.u64 = 1; 
 shogunxbar.output_packet_count.port1 : Accumulator : Sum.u64 = 334679; SumSQ.u64 = 334679; Count.u64 = 334679; Min.u64 = 1; Max.u64 = 1; 
 shogunxbar.input_packet_count.port1 : Accumulator : Sum.u64 = 334679; SumSQ.u64 = 334679; Count.u64 = 334679; Min.u64 = 1; Max.u64 = 1; 
 shogunxbar.output_packet_count.port2 : Accumulator : Sum.u64 = 325452; SumSQ.u64 = 325452; Count.u64 = 325452; Min.u64 = 1; Max.u64 = 1; 
 shogunxbar.input_packet_count.port2 : Accumulator : Sum.u64 = 325452; SumSQ.u64 = 325452; Count.u64 = 325452; Min.u64 = 1; Max.u64 = 1; 
 shogunxbar.output_packet_count.port3 : Accumulator : Sum.u64 = 346830; SumSQ.u64 = 346830; Count.u64 = 346830; Min.u64 = 1; Max.u64 = 1; 
 shogunxbar.input_packet_count.port3 : Accumulator : Sum.u64 = 346830; SumSQ.u64 = 346830; Count.u64 = 346830; Min.u64 = 1; Max.u64 = 1; 
 shogunxbar.packets_moved : Accumulator : Sum.u64 = 1344564; SumSQ.u64 = 3852780; Count.u64 = 501617; Min.u64 = 0; Max.u64 = 4; 
 shogunxbar.cycles_zero_events : Accumulator : Sum.u64 = 0; SumSQ.u64 = 0; Count.u64 = 0; Min.u64 = 0; Max.u64 = 0; 
 shogunxbar.cycles_events : Accumulator : Sum.u64 = 501617; SumSQ.u64 = 501617; Count.u64 = 501617; Min.u64 = 1; Max.u64 = 1; 
Simulation is complete, simulated time: 501.621 us
