Config file: ddr4_verimem.cfg
Trace file: traces/sst-CramSim-trace_verimem_4_W.trc
Address map string: _r_l_R_B_b_h_
Attaching Channel0 to Rank0
Attaching Channel0 to Rank1
Deleting DIMM
Refresh's sent out: 0
Total Read-Txns Requests send: 0
Total Write-Txns Requests send: 6429
Read-Txns-Received: 0
Write-Txns-Received: 6376
Total Txns Received: 6376
Cycles Per Transaction (CPT) = 17.2522
Component Finished.
virtual SST::n_Bank::c_CmdUnit::~c_CmdUnit()
Simulation is complete, simulated time: 110 us
